Component: ARM Compiler 6.12 Tool: armlink [5d624300]

==============================================================================

Section Cross References

    startup_stm32f103xe.o(RESET) refers to startup_stm32f103xe.o(STACK) for __initial_sp
    startup_stm32f103xe.o(RESET) refers to startup_stm32f103xe.o(.text) for Reset_Handler
    startup_stm32f103xe.o(RESET) refers to stm32f1xx_it.o(.text.NMI_Handler) for NMI_Handler
    startup_stm32f103xe.o(RESET) refers to stm32f1xx_it.o(.text.HardFault_Handler) for HardFault_Handler
    startup_stm32f103xe.o(RESET) refers to stm32f1xx_it.o(.text.MemManage_Handler) for MemManage_Handler
    startup_stm32f103xe.o(RESET) refers to stm32f1xx_it.o(.text.BusFault_Handler) for BusFault_Handler
    startup_stm32f103xe.o(RESET) refers to stm32f1xx_it.o(.text.UsageFault_Handler) for UsageFault_Handler
    startup_stm32f103xe.o(RESET) refers to stm32f1xx_it.o(.text.SVC_Handler) for SVC_Handler
    startup_stm32f103xe.o(RESET) refers to stm32f1xx_it.o(.text.DebugMon_Handler) for DebugMon_Handler
    startup_stm32f103xe.o(RESET) refers to stm32f1xx_it.o(.text.PendSV_Handler) for PendSV_Handler
    startup_stm32f103xe.o(RESET) refers to stm32f1xx_it.o(.text.SysTick_Handler) for SysTick_Handler
    startup_stm32f103xe.o(RESET) refers to stm32f1xx_it.o(.text.USART1_IRQHandler) for USART1_IRQHandler
    startup_stm32f103xe.o(RESET) refers to stm32f1xx_it.o(.text.USART2_IRQHandler) for USART2_IRQHandler
    startup_stm32f103xe.o(RESET) refers to stm32f1xx_it.o(.text.TIM6_IRQHandler) for TIM6_IRQHandler
    startup_stm32f103xe.o(.text) refers to system_stm32f1xx.o(.text.SystemInit) for SystemInit
    startup_stm32f103xe.o(.text) refers to entry.o(.ARM.Collect$$$$00000000) for __main
    system_stm32f1xx.o(.ARM.exidx.text.SystemInit) refers to system_stm32f1xx.o(.text.SystemInit) for [Anonymous Symbol]
    system_stm32f1xx.o(.text.SystemCoreClockUpdate) refers to system_stm32f1xx.o(.data.SystemCoreClock) for SystemCoreClock
    system_stm32f1xx.o(.text.SystemCoreClockUpdate) refers to system_stm32f1xx.o(.rodata.AHBPrescTable) for AHBPrescTable
    system_stm32f1xx.o(.ARM.exidx.text.SystemCoreClockUpdate) refers to system_stm32f1xx.o(.text.SystemCoreClockUpdate) for [Anonymous Symbol]
    stm32f1xx_hal_msp.o(.text.HAL_MspInit) refers to stm32f1xx_hal_cortex.o(.text.HAL_NVIC_SetPriorityGrouping) for HAL_NVIC_SetPriorityGrouping
    stm32f1xx_hal_msp.o(.ARM.exidx.text.HAL_MspInit) refers to stm32f1xx_hal_msp.o(.text.HAL_MspInit) for [Anonymous Symbol]
    stm32f1xx_hal_msp.o(.text.HAL_TIM_Base_MspInit) refers to stm32f1xx_hal_cortex.o(.text.HAL_NVIC_SetPriority) for HAL_NVIC_SetPriority
    stm32f1xx_hal_msp.o(.text.HAL_TIM_Base_MspInit) refers to stm32f1xx_hal_cortex.o(.text.HAL_NVIC_EnableIRQ) for HAL_NVIC_EnableIRQ
    stm32f1xx_hal_msp.o(.ARM.exidx.text.HAL_TIM_Base_MspInit) refers to stm32f1xx_hal_msp.o(.text.HAL_TIM_Base_MspInit) for [Anonymous Symbol]
    stm32f1xx_hal_msp.o(.text.HAL_TIM_Base_MspDeInit) refers to stm32f1xx_hal_cortex.o(.text.HAL_NVIC_DisableIRQ) for HAL_NVIC_DisableIRQ
    stm32f1xx_hal_msp.o(.ARM.exidx.text.HAL_TIM_Base_MspDeInit) refers to stm32f1xx_hal_msp.o(.text.HAL_TIM_Base_MspDeInit) for [Anonymous Symbol]
    stm32f1xx_hal_msp.o(.text.HAL_UART_MspInit) refers to stm32f1xx_hal_gpio.o(.text.HAL_GPIO_Init) for HAL_GPIO_Init
    stm32f1xx_hal_msp.o(.text.HAL_UART_MspInit) refers to stm32f1xx_hal_cortex.o(.text.HAL_NVIC_SetPriority) for HAL_NVIC_SetPriority
    stm32f1xx_hal_msp.o(.text.HAL_UART_MspInit) refers to stm32f1xx_hal_cortex.o(.text.HAL_NVIC_EnableIRQ) for HAL_NVIC_EnableIRQ
    stm32f1xx_hal_msp.o(.ARM.exidx.text.HAL_UART_MspInit) refers to stm32f1xx_hal_msp.o(.text.HAL_UART_MspInit) for [Anonymous Symbol]
    stm32f1xx_hal_msp.o(.text.HAL_UART_MspDeInit) refers to stm32f1xx_hal_gpio.o(.text.HAL_GPIO_DeInit) for HAL_GPIO_DeInit
    stm32f1xx_hal_msp.o(.text.HAL_UART_MspDeInit) refers to stm32f1xx_hal_cortex.o(.text.HAL_NVIC_DisableIRQ) for HAL_NVIC_DisableIRQ
    stm32f1xx_hal_msp.o(.ARM.exidx.text.HAL_UART_MspDeInit) refers to stm32f1xx_hal_msp.o(.text.HAL_UART_MspDeInit) for [Anonymous Symbol]
    mcu_init.o(.text.SystemClock_Config) refers to stm32f1xx_hal_rcc.o(.text.HAL_RCC_OscConfig) for HAL_RCC_OscConfig
    mcu_init.o(.text.SystemClock_Config) refers to stm32f1xx_hal_rcc.o(.text.HAL_RCC_ClockConfig) for HAL_RCC_ClockConfig
    mcu_init.o(.text.SystemClock_Config) refers to stm32f1xx_hal_rcc.o(.text.HAL_RCC_EnableCSS) for HAL_RCC_EnableCSS
    mcu_init.o(.ARM.exidx.text.SystemClock_Config) refers to mcu_init.o(.text.SystemClock_Config) for [Anonymous Symbol]
    mcu_init.o(.ARM.exidx.text.Error_Handler) refers to mcu_init.o(.text.Error_Handler) for [Anonymous Symbol]
    mcu_init.o(.text.MX_IWDG_Init) refers to stm32f1xx_hal_iwdg.o(.text.HAL_IWDG_Init) for HAL_IWDG_Init
    mcu_init.o(.text.MX_IWDG_Init) refers to stm32f1xx_hal_iwdg.o(.text.HAL_IWDG_Refresh) for HAL_IWDG_Refresh
[...]
    Removing stm32f1xx_hal_rcc.o(.ARM.exidx.text.HAL_RCC_GetClockConfig), (8 bytes).
    Removing stm32f1xx_hal_rcc.o(.ARM.exidx.text.HAL_RCC_NMI_IRQHandler), (8 bytes).
    Removing stm32f1xx_hal_rcc.o(.ARM.exidx.text.HAL_RCC_CSSCallback), (8 bytes).
    Removing stm32f1xx_hal_rcc_ex.o(.text), (0 bytes).
    Removing stm32f1xx_hal_rcc_ex.o(.text.HAL_RCCEx_PeriphCLKConfig), (244 bytes).
    Removing stm32f1xx_hal_rcc_ex.o(.ARM.exidx.text.HAL_RCCEx_PeriphCLKConfig), (8 bytes).
    Removing stm32f1xx_hal_rcc_ex.o(.text.HAL_RCCEx_GetPeriphCLKConfig), (44 bytes).
    Removing stm32f1xx_hal_rcc_ex.o(.ARM.exidx.text.HAL_RCCEx_GetPeriphCLKConfig), (8 bytes).
    Removing stm32f1xx_hal_rcc_ex.o(.text.HAL_RCCEx_GetPeriphCLKFreq), (224 bytes).
    Removing stm32f1xx_hal_rcc_ex.o(.ARM.exidx.text.HAL_RCCEx_GetPeriphCLKFreq), (8 bytes).
    Removing stm32f1xx_hal_gpio.o(.text), (0 bytes).
    Removing stm32f1xx_hal_gpio.o(.ARM.exidx.text.HAL_GPIO_Init), (8 bytes).
    Removing stm32f1xx_hal_gpio.o(.text.HAL_GPIO_DeInit), (224 bytes).
    Removing stm32f1xx_hal_gpio.o(.ARM.exidx.text.HAL_GPIO_DeInit), (8 bytes).
    Removing stm32f1xx_hal_gpio.o(.text.HAL_GPIO_ReadPin), (10 bytes).
    Removing stm32f1xx_hal_gpio.o(.ARM.exidx.text.HAL_GPIO_ReadPin), (8 bytes).
    Removing stm32f1xx_hal_gpio.o(.ARM.exidx.text.HAL_GPIO_WritePin), (8 bytes).
    Removing stm32f1xx_hal_gpio.o(.text.HAL_GPIO_TogglePin), (8 bytes).
    Removing stm32f1xx_hal_gpio.o(.ARM.exidx.text.HAL_GPIO_TogglePin), (8 bytes).
    Removing stm32f1xx_hal_gpio.o(.text.HAL_GPIO_LockPin), (40 bytes).
    Removing stm32f1xx_hal_gpio.o(.ARM.exidx.text.HAL_GPIO_LockPin), (8 bytes).
    Removing stm32f1xx_hal_gpio.o(.text.HAL_GPIO_EXTI_IRQHandler), (20 bytes).
    Removing stm32f1xx_hal_gpio.o(.ARM.exidx.text.HAL_GPIO_EXTI_IRQHandler), (8 bytes).
    Removing stm32f1xx_hal_gpio.o(.text.HAL_GPIO_EXTI_Callback), (2 bytes).
    Removing stm32f1xx_hal_gpio.o(.ARM.exidx.text.HAL_GPIO_EXTI_Callback), (8 bytes).
    Removing stm32f1xx_hal_dma.o(.text), (0 bytes).
    Removing stm32f1xx_hal_dma.o(.text.HAL_DMA_Init), (120 bytes).
    Removing stm32f1xx_hal_dma.o(.ARM.exidx.text.HAL_DMA_Init), (8 bytes).
    Removing stm32f1xx_hal_dma.o(.text.HAL_DMA_DeInit), (104 bytes).
    Removing stm32f1xx_hal_dma.o(.ARM.exidx.text.HAL_DMA_DeInit), (8 bytes).
    Removing stm32f1xx_hal_dma.o(.text.HAL_DMA_Start), (82 bytes).
    Removing stm32f1xx_hal_dma.o(.ARM.exidx.text.HAL_DMA_Start), (8 bytes).
    Removing stm32f1xx_hal_dma.o(.text.DMA_SetConfig), (40 bytes).
    Removing stm32f1xx_hal_dma.o(.ARM.exidx.text.DMA_SetConfig), (8 bytes).
    Removing stm32f1xx_hal_dma.o(.text.HAL_DMA_Start_IT), (108 bytes).
    Removing stm32f1xx_hal_dma.o(.ARM.exidx.text.HAL_DMA_Start_IT), (8 bytes).
    Removing stm32f1xx_hal_dma.o(.text.HAL_DMA_Abort), (40 bytes).
    Removing stm32f1xx_hal_dma.o(.ARM.exidx.text.HAL_DMA_Abort), (8 bytes).
    Removing stm32f1xx_hal_dma.o(.ARM.exidx.text.HAL_DMA_Abort_IT), (8 bytes).
    Removing stm32f1xx_hal_dma.o(.text.HAL_DMA_PollForTransfer), (932 bytes).
    Removing stm32f1xx_hal_dma.o(.ARM.exidx.text.HAL_DMA_PollForTransfer), (8 bytes).
    Removing stm32f1xx_hal_dma.o(.text.HAL_DMA_IRQHandler), (492 bytes).
    Removing stm32f1xx_hal_dma.o(.ARM.exidx.text.HAL_DMA_IRQHandler), (8 bytes).
    Removing stm32f1xx_hal_dma.o(.text.HAL_DMA_RegisterCallback), (76 bytes).
    Removing stm32f1xx_hal_dma.o(.ARM.exidx.text.HAL_DMA_RegisterCallback), (8 bytes).
    Removing stm32f1xx_hal_dma.o(.text.HAL_DMA_UnRegisterCallback), (86 bytes).
    Removing stm32f1xx_hal_dma.o(.ARM.exidx.text.HAL_DMA_UnRegisterCallback), (8 bytes).
    Removing stm32f1xx_hal_dma.o(.text.HAL_DMA_GetState), (6 bytes).
    Removing stm32f1xx_hal_dma.o(.ARM.exidx.text.HAL_DMA_GetState), (8 bytes).
    Removing stm32f1xx_hal_dma.o(.text.HAL_DMA_GetError), (4 bytes).
    Removing stm32f1xx_hal_dma.o(.ARM.exidx.text.HAL_DMA_GetError), (8 bytes).
    Removing stm32f1xx_hal_cortex.o(.text), (0 bytes).
    Removing stm32f1xx_hal_cortex.o(.ARM.exidx.text.HAL_NVIC_SetPriorityGrouping), (8 bytes).
    Removing stm32f1xx_hal_cortex.o(.ARM.exidx.text.HAL_NVIC_SetPriority), (8 bytes).
    Removing stm32f1xx_hal_cortex.o(.ARM.exidx.text.NVIC_SetPriority), (8 bytes).
    Removing stm32f1xx_hal_cortex.o(.ARM.exidx.text.HAL_NVIC_EnableIRQ), (8 bytes).
    Removing stm32f1xx_hal_cortex.o(.text.HAL_NVIC_DisableIRQ), (24 bytes).
    Removing stm32f1xx_hal_cortex.o(.ARM.exidx.text.HAL_NVIC_DisableIRQ), (8 bytes).
    Removing stm32f1xx_hal_cortex.o(.text.HAL_NVIC_SystemReset), (4 bytes).
    Removing stm32f1xx_hal_cortex.o(.ARM.exidx.text.HAL_NVIC_SystemReset), (8 bytes).
    Removing stm32f1xx_hal_cortex.o(.text.NVIC_SystemReset), (36 bytes).
    Removing stm32f1xx_hal_cortex.o(.ARM.exidx.text.NVIC_SystemReset), (8 bytes).
    Removing stm32f1xx_hal_cortex.o(.ARM.exidx.text.HAL_SYSTICK_Config), (8 bytes).
    Removing stm32f1xx_hal_cortex.o(.text.HAL_NVIC_GetPriorityGrouping), (16 bytes).
    Removing stm32f1xx_hal_cortex.o(.ARM.exidx.text.HAL_NVIC_GetPriorityGrouping), (8 bytes).
    Removing stm32f1xx_hal_cortex.o(.text.HAL_NVIC_GetPriority), (84 bytes).
    Removing stm32f1xx_hal_cortex.o(.ARM.exidx.text.HAL_NVIC_GetPriority), (8 bytes).
    Removing stm32f1xx_hal_cortex.o(.text.HAL_NVIC_SetPendingIRQ), (24 bytes).
    Removing stm32f1xx_hal_cortex.o(.ARM.exidx.text.HAL_NVIC_SetPendingIRQ), (8 bytes).
    Removing stm32f1xx_hal_cortex.o(.text.HAL_NVIC_GetPendingIRQ), (32 bytes).
    Removing stm32f1xx_hal_cortex.o(.ARM.exidx.text.HAL_NVIC_GetPendingIRQ), (8 bytes).
    Removing stm32f1xx_hal_cortex.o(.text.HAL_NVIC_ClearPendingIRQ), (24 bytes).
    Removing stm32f1xx_hal_cortex.o(.ARM.exidx.text.HAL_NVIC_ClearPendingIRQ), (8 bytes).
    Removing stm32f1xx_hal_cortex.o(.text.HAL_NVIC_GetActive), (32 bytes).
    Removing stm32f1xx_hal_cortex.o(.ARM.exidx.text.HAL_NVIC_GetActive), (8 bytes).
    Removing stm32f1xx_hal_cortex.o(.text.HAL_SYSTICK_CLKSourceConfig), (24 bytes).
    Removing stm32f1xx_hal_cortex.o(.ARM.exidx.text.HAL_SYSTICK_CLKSourceConfig), (8 bytes).
    Removing stm32f1xx_hal_cortex.o(.text.HAL_SYSTICK_IRQHandler), (4 bytes).
    Removing stm32f1xx_hal_cortex.o(.ARM.exidx.text.HAL_SYSTICK_IRQHandler), (8 bytes).
    Removing stm32f1xx_hal_cortex.o(.text.HAL_SYSTICK_Callback), (2 bytes).
    Removing stm32f1xx_hal_cortex.o(.ARM.exidx.text.HAL_SYSTICK_Callback), (8 bytes).
    Removing stm32f1xx_hal_pwr.o(.text), (0 bytes).
    Removing stm32f1xx_hal_pwr.o(.text.HAL_PWR_DeInit), (24 bytes).
    Removing stm32f1xx_hal_pwr.o(.ARM.exidx.text.HAL_PWR_DeInit), (8 bytes).
    Removing stm32f1xx_hal_pwr.o(.text.HAL_PWR_EnableBkUpAccess), (12 bytes).
    Removing stm32f1xx_hal_pwr.o(.ARM.exidx.text.HAL_PWR_EnableBkUpAccess), (8 bytes).
    Removing stm32f1xx_hal_pwr.o(.text.HAL_PWR_DisableBkUpAccess), (12 bytes).
    Removing stm32f1xx_hal_pwr.o(.ARM.exidx.text.HAL_PWR_DisableBkUpAccess), (8 bytes).
    Removing stm32f1xx_hal_pwr.o(.text.HAL_PWR_ConfigPVD), (108 bytes).
    Removing stm32f1xx_hal_pwr.o(.ARM.exidx.text.HAL_PWR_ConfigPVD), (8 bytes).
    Removing stm32f1xx_hal_pwr.o(.text.HAL_PWR_EnablePVD), (12 bytes).
    Removing stm32f1xx_hal_pwr.o(.ARM.exidx.text.HAL_PWR_EnablePVD), (8 bytes).
    Removing stm32f1xx_hal_pwr.o(.text.HAL_PWR_DisablePVD), (12 bytes).
    Removing stm32f1xx_hal_pwr.o(.ARM.exidx.text.HAL_PWR_DisablePVD), (8 bytes).
    Removing stm32f1xx_hal_pwr.o(.text.HAL_PWR_EnableWakeUpPin), (24 bytes).
    Removing stm32f1xx_hal_pwr.o(.ARM.exidx.text.HAL_PWR_EnableWakeUpPin), (8 bytes).
    Removing stm32f1xx_hal_pwr.o(.text.HAL_PWR_DisableWakeUpPin), (24 bytes).
    Removing stm32f1xx_hal_pwr.o(.ARM.exidx.text.HAL_PWR_DisableWakeUpPin), (8 bytes).
    Removing stm32f1xx_hal_pwr.o(.text.HAL_PWR_EnterSLEEPMode), (28 bytes).
    Removing stm32f1xx_hal_pwr.o(.ARM.exidx.text.HAL_PWR_EnterSLEEPMode), (8 bytes).
    Removing stm32f1xx_hal_pwr.o(.text.HAL_PWR_EnterSTOPMode), (72 bytes).
    Removing stm32f1xx_hal_pwr.o(.ARM.exidx.text.HAL_PWR_EnterSTOPMode), (8 bytes).
    Removing stm32f1xx_hal_pwr.o(.text.PWR_OverloadWfe), (6 bytes).
    Removing stm32f1xx_hal_pwr.o(.ARM.exidx.text.PWR_OverloadWfe), (8 bytes).
    Removing stm32f1xx_hal_pwr.o(.text.HAL_PWR_EnterSTANDBYMode), (32 bytes).
    Removing stm32f1xx_hal_pwr.o(.ARM.exidx.text.HAL_PWR_EnterSTANDBYMode), (8 bytes).
    Removing stm32f1xx_hal_pwr.o(.text.HAL_PWR_EnableSleepOnExit), (16 bytes).
    Removing stm32f1xx_hal_pwr.o(.ARM.exidx.text.HAL_PWR_EnableSleepOnExit), (8 bytes).
    Removing stm32f1xx_hal_pwr.o(.text.HAL_PWR_DisableSleepOnExit), (16 bytes).
    Removing stm32f1xx_hal_pwr.o(.ARM.exidx.text.HAL_PWR_DisableSleepOnExit), (8 bytes).
    Removing stm32f1xx_hal_pwr.o(.text.HAL_PWR_EnableSEVOnPend), (16 bytes).
    Removing stm32f1xx_hal_pwr.o(.ARM.exidx.text.HAL_PWR_EnableSEVOnPend), (8 bytes).
    Removing stm32f1xx_hal_pwr.o(.text.HAL_PWR_DisableSEVOnPend), (16 bytes).
    Removing stm32f1xx_hal_pwr.o(.ARM.exidx.text.HAL_PWR_DisableSEVOnPend), (8 bytes).
    Removing stm32f1xx_hal_pwr.o(.text.HAL_PWR_PVD_IRQHandler), (28 bytes).
    Removing stm32f1xx_hal_pwr.o(.ARM.exidx.text.HAL_PWR_PVD_IRQHandler), (8 bytes).
    Removing stm32f1xx_hal_pwr.o(.text.HAL_PWR_PVDCallback), (2 bytes).
    Removing stm32f1xx_hal_pwr.o(.ARM.exidx.text.HAL_PWR_PVDCallback), (8 bytes).
    Removing stm32f1xx_hal_flash.o(.text), (0 bytes).
    Removing stm32f1xx_hal_flash.o(.text.HAL_FLASH_Program), (148 bytes).
    Removing stm32f1xx_hal_flash.o(.ARM.exidx.text.HAL_FLASH_Program), (8 bytes).
    Removing stm32f1xx_hal_flash.o(.text.FLASH_WaitForLastOperation), (88 bytes).
    Removing stm32f1xx_hal_flash.o(.ARM.exidx.text.FLASH_WaitForLastOperation), (8 bytes).
    Removing stm32f1xx_hal_flash.o(.text.HAL_FLASH_Program_IT), (100 bytes).
    Removing stm32f1xx_hal_flash.o(.ARM.exidx.text.HAL_FLASH_Program_IT), (8 bytes).
    Removing stm32f1xx_hal_flash.o(.text.HAL_FLASH_IRQHandler), (296 bytes).
    Removing stm32f1xx_hal_flash.o(.ARM.exidx.text.HAL_FLASH_IRQHandler), (8 bytes).
    Removing stm32f1xx_hal_flash.o(.text.FLASH_SetErrorCode), (80 bytes).
    Removing stm32f1xx_hal_flash.o(.ARM.exidx.text.FLASH_SetErrorCode), (8 bytes).
    Removing stm32f1xx_hal_flash.o(.text.HAL_FLASH_OperationErrorCallback), (2 bytes).
    Removing stm32f1xx_hal_flash.o(.ARM.exidx.text.HAL_FLASH_OperationErrorCallback), (8 bytes).
    Removing stm32f1xx_hal_flash.o(.text.HAL_FLASH_EndOfOperationCallback), (2 bytes).
    Removing stm32f1xx_hal_flash.o(.ARM.exidx.text.HAL_FLASH_EndOfOperationCallback), (8 bytes).
    Removing stm32f1xx_hal_flash.o(.text.HAL_FLASH_Unlock), (40 bytes).
    Removing stm32f1xx_hal_flash.o(.ARM.exidx.text.HAL_FLASH_Unlock), (8 bytes).
    Removing stm32f1xx_hal_flash.o(.text.HAL_FLASH_Lock), (20 bytes).
    Removing stm32f1xx_hal_flash.o(.ARM.exidx.text.HAL_FLASH_Lock), (8 bytes).
    Removing stm32f1xx_hal_flash.o(.text.HAL_FLASH_OB_Unlock), (36 bytes).
    Removing stm32f1xx_hal_flash.o(.ARM.exidx.text.HAL_FLASH_OB_Unlock), (8 bytes).
    Removing stm32f1xx_hal_flash.o(.text.HAL_FLASH_OB_Lock), (20 bytes).
    Removing stm32f1xx_hal_flash.o(.ARM.exidx.text.HAL_FLASH_OB_Lock), (8 bytes).
    Removing stm32f1xx_hal_flash.o(.text.HAL_FLASH_OB_Launch), (4 bytes).
    Removing stm32f1xx_hal_flash.o(.ARM.exidx.text.HAL_FLASH_OB_Launch), (8 bytes).
    Removing stm32f1xx_hal_flash.o(.text.HAL_FLASH_GetError), (12 bytes).
    Removing stm32f1xx_hal_flash.o(.ARM.exidx.text.HAL_FLASH_GetError), (8 bytes).
    Removing stm32f1xx_hal_flash.o(.bss.pFlash), (32 bytes).
    Removing stm32f1xx_hal_flash_ex.o(.text), (0 bytes).
    Removing stm32f1xx_hal_flash_ex.o(.text.HAL_FLASHEx_Erase), (160 bytes).
    Removing stm32f1xx_hal_flash_ex.o(.ARM.exidx.text.HAL_FLASHEx_Erase), (8 bytes).
    Removing stm32f1xx_hal_flash_ex.o(.text.FLASH_MassErase), (36 bytes).
    Removing stm32f1xx_hal_flash_ex.o(.ARM.exidx.text.FLASH_MassErase), (8 bytes).
    Removing stm32f1xx_hal_flash_ex.o(.text.FLASH_PageErase), (36 bytes).
    Removing stm32f1xx_hal_flash_ex.o(.ARM.exidx.text.FLASH_PageErase), (8 bytes).
    Removing stm32f1xx_hal_flash_ex.o(.text.HAL_FLASHEx_Erase_IT), (80 bytes).
    Removing stm32f1xx_hal_flash_ex.o(.ARM.exidx.text.HAL_FLASHEx_Erase_IT), (8 bytes).
    Removing stm32f1xx_hal_flash_ex.o(.text.HAL_FLASHEx_OBErase), (88 bytes).
    Removing stm32f1xx_hal_flash_ex.o(.ARM.exidx.text.HAL_FLASHEx_OBErase), (8 bytes).
    Removing stm32f1xx_hal_flash_ex.o(.text.FLASH_OB_RDP_LevelConfig), (104 bytes).
    Removing stm32f1xx_hal_flash_ex.o(.ARM.exidx.text.FLASH_OB_RDP_LevelConfig), (8 bytes).
    Removing stm32f1xx_hal_flash_ex.o(.text.HAL_FLASHEx_OBProgram), (552 bytes).
    Removing stm32f1xx_hal_flash_ex.o(.ARM.exidx.text.HAL_FLASHEx_OBProgram), (8 bytes).
    Removing stm32f1xx_hal_flash_ex.o(.text.HAL_FLASHEx_OBGetConfig), (40 bytes).
    Removing stm32f1xx_hal_flash_ex.o(.ARM.exidx.text.HAL_FLASHEx_OBGetConfig), (8 bytes).
    Removing stm32f1xx_hal_flash_ex.o(.text.HAL_FLASHEx_OBGetUserData), (28 bytes).
    Removing stm32f1xx_hal_flash_ex.o(.ARM.exidx.text.HAL_FLASHEx_OBGetUserData), (8 bytes).
    Removing intermediate_key.o(.text), (0 bytes).
    Removing intermediate_led.o(.text), (0 bytes).
    Removing intermediate_led.o(.ARM.exidx.text.led_control), (8 bytes).
    Removing intermediate_led.o(.ARM.exidx.text.led_on), (8 bytes).
    Removing intermediate_led.o(.ARM.exidx.text.led_off), (8 bytes).
    Removing intermediate_led.o(.ARM.exidx.text.led_off_time), (8 bytes).
    Removing intermediate_led.o(.ARM.exidx.text.led_test), (8 bytes).
    Removing intermediate_uart.o(.text), (0 bytes).
    Removing intermediate_uart.o(.ARM.exidx.text.fputc), (8 bytes).
    Removing intermediate_uart.o(.ARM.exidx.text.sendchar), (8 bytes).
    Removing intermediate_uart.o(.text.fgetc), (6 bytes).
    Removing intermediate_uart.o(.ARM.exidx.text.fgetc), (8 bytes).
    Removing intermediate_uart.o(.text.getkey), (4 bytes).
    Removing intermediate_uart.o(.ARM.exidx.text.getkey), (8 bytes).
    Removing intermediate_uart.o(.text.ferror), (6 bytes).
    Removing intermediate_uart.o(.ARM.exidx.text.ferror), (8 bytes).
    Removing intermediate_uart.o(.text._ttywrch), (4 bytes).
    Removing intermediate_uart.o(.ARM.exidx.text._ttywrch), (8 bytes).
    Removing intermediate_uart.o(.text._sys_exit), (2 bytes).
    Removing intermediate_uart.o(.ARM.exidx.text._sys_exit), (8 bytes).
    Removing intermediate_uart.o(.text.uart1_irq_callback), (16 bytes).
    Removing intermediate_uart.o(.ARM.exidx.text.uart1_irq_callback), (8 bytes).
    Removing intermediate_uart.o(.text.SerialPutChar), (20 bytes).
    Removing intermediate_uart.o(.ARM.exidx.text.SerialPutChar), (8 bytes).
    Removing intermediate_uart.o(.text.uart2_irq_callback), (16 bytes).
    Removing intermediate_uart.o(.ARM.exidx.text.uart2_irq_callback), (8 bytes).
    Removing intermediate_uart.o(.bss.__stdin), (84 bytes).
    Removing intermediate_time.o(.text), (0 bytes).
    Removing intermediate_time.o(.ARM.exidx.text.timer_irq_callback), (8 bytes).
    Removing intermediate_time.o(.ARM.exidx.text.get_tick), (8 bytes).
    Removing intermediate_time.o(.ARM.exidx.text.get_timer_tick), (8 bytes).
    Removing intermediate_time.o(.text.delay_ms), (28 bytes).
    Removing intermediate_time.o(.ARM.exidx.text.delay_ms), (8 bytes).
    Removing intermediate_layer.o(.text), (0 bytes).
    Removing intermediate_layer.o(.text.iwdg_refresh), (12 bytes).
    Removing intermediate_layer.o(.ARM.exidx.text.iwdg_refresh), (8 bytes).
    Removing intermediate_layer.o(.ARM.exidx.text.mcu_init), (8 bytes).
    Removing main.o(.text), (0 bytes).
    Removing main.o(.ARM.exidx.text.test), (8 bytes).
    Removing main.o(.ARM.exidx.text.main), (8 bytes).
    Removing main.o(.ARM.use_no_argv), (4 bytes).
    Removing app_layer.o(.text), (0 bytes).
    Removing debug.o(.text), (0 bytes).
    Removing task_manager.o(.text), (0 bytes).
    Removing task_manager.o(.ARM.exidx.text.task_manager_init), (8 bytes).
    Removing task_list.o(.text), (0 bytes).
    Removing task_list.o(.ARM.exidx.text.task_list_init), (8 bytes).
    Removing task_list.o(.text.task_list_priority_increase), (44 bytes).
    Removing task_list.o(.ARM.exidx.text.task_list_priority_increase), (8 bytes).
    Removing task_list.o(.text.task_list_pop), (64 bytes).
    Removing task_list.o(.ARM.exidx.text.task_list_pop), (8 bytes).
    Removing task_list.o(.text.task_list_push), (324 bytes).
    Removing task_list.o(.ARM.exidx.text.task_list_push), (8 bytes).
    Removing task_list.o(.text.task_list_print), (184 bytes).
    Removing task_list.o(.ARM.exidx.text.task_list_print), (8 bytes).
    Removing task_list.o(.rodata.str1.1), (24 bytes).
    Removing timer_list.o(.text), (0 bytes).
    Removing timer_list.o(.ARM.exidx.text.timer_list_init), (8 bytes).
    Removing timer_list.o(.ARM.exidx.text.timer_list_scan), (8 bytes).
    Removing timer_list.o(.ARM.exidx.text.timer_list_add), (8 bytes).
    Removing timer_list.o(.ARM.exidx.text.timer_list_print), (8 bytes).
    Removing timer_list.o(.ARM.exidx.text.timer_list_push), (8 bytes).
    Removing timer_list.o(.text.timer_list_del), (108 bytes).
    Removing timer_list.o(.ARM.exidx.text.timer_list_del), (8 bytes).
    Removing timer_list.o(.ARM.exidx.text.timer_list_empty), (8 bytes).
    Removing dadd.o(.text), (334 bytes).
    Removing dmul.o(.text), (228 bytes).
    Removing ddiv.o(.text), (222 bytes).
    Removing dfixul.o(.text), (48 bytes).
    Removing cdrcmple.o(.text), (48 bytes).
    Removing depilogue.o(.text), (186 bytes).

716 unused section(s) (total 25522 bytes) removed from the image.

==============================================================================

Image Symbol Table

    Local Symbols

    Symbol Name                              Value     Ov Type        Size  Object(Section)

    ../clib/microlib/division.c              0x00000000   Number         0  uidiv.o ABSOLUTE
    ../clib/microlib/division.c              0x00000000   Number         0  uldiv.o ABSOLUTE
    ../clib/microlib/init/entry.s            0x00000000   Number         0  entry.o ABSOLUTE
    ../clib/microlib/init/entry.s            0x00000000   Number         0  entry2.o ABSOLUTE
    ../clib/microlib/init/entry.s            0x00000000   Number         0  entry5.o ABSOLUTE
    ../clib/microlib/init/entry.s            0x00000000   Number         0  entry7a.o ABSOLUTE
    ../clib/microlib/init/entry.s            0x00000000   Number         0  entry7b.o ABSOLUTE
    ../clib/microlib/init/entry.s            0x00000000   Number         0  entry8a.o ABSOLUTE
    ../clib/microlib/init/entry.s            0x00000000   Number         0  entry8b.o ABSOLUTE
    ../clib/microlib/init/entry.s            0x00000000   Number         0  entry9a.o ABSOLUTE
    ../clib/microlib/init/entry.s            0x00000000   Number         0  entry9b.o ABSOLUTE
    ../clib/microlib/init/entry.s            0x00000000   Number         0  entry10a.o ABSOLUTE
    ../clib/microlib/init/entry.s            0x00000000   Number         0  entry10b.o ABSOLUTE
    ../clib/microlib/init/entry.s            0x00000000   Number         0  entry11a.o ABSOLUTE
    ../clib/microlib/init/entry.s            0x00000000   Number         0  entry11b.o ABSOLUTE
    ../clib/microlib/longlong.c              0x00000000   Number         0  llushr.o ABSOLUTE
    ../clib/microlib/longlong.c              0x00000000   Number         0  llshl.o ABSOLUTE
    ../clib/microlib/longlong.c              0x00000000   Number         0  llsshr.o ABSOLUTE
    ../clib/microlib/printf/printf.c         0x00000000   Number         0  printfb.o ABSOLUTE
    ../clib/microlib/printf/printf.c         0x00000000   Number         0  printf0.o ABSOLUTE
    ../clib/microlib/printf/printf.c         0x00000000   Number         0  printf1.o ABSOLUTE
    ../clib/microlib/printf/printf.c         0x00000000   Number         0  printf2.o ABSOLUTE
    ../clib/microlib/printf/printf.c         0x00000000   Number         0  printf3.o ABSOLUTE
    ../clib/microlib/printf/printf.c         0x00000000   Number         0  printf4.o ABSOLUTE
    ../clib/microlib/printf/printf.c         0x00000000   Number         0  printf5.o ABSOLUTE
    ../clib/microlib/printf/printf.c         0x00000000   Number         0  printf6.o ABSOLUTE
    ../clib/microlib/printf/printf.c         0x00000000   Number         0  printf7.o ABSOLUTE
    ../clib/microlib/printf/printf.c         0x00000000   Number         0  printf8.o ABSOLUTE
    ../clib/microlib/printf/printf.c         0x00000000   Number         0  printfa.o ABSOLUTE
    ../clib/microlib/printf/stubs.s          0x00000000   Number         0  stubs.o ABSOLUTE
    ../clib/microlib/stdio/putchar.c         0x00000000   Number         0  putchar.o ABSOLUTE
    ../clib/microlib/stdio/puts.c            0x00000000   Number         0  puts.o ABSOLUTE
    ../clib/microlib/stdio/puts.c            0x00000000   Number         0  puts_e.o ABSOLUTE
    ../clib/microlib/stdlib/rand.c           0x00000000   Number         0  rand.o ABSOLUTE
    ../clib/microlib/string/memset.c         0x00000000   Number         0  memseta.o ABSOLUTE
    ../clib/microlib/stubs.s                 0x00000000   Number         0  useno.o ABSOLUTE
    ../clib/microlib/stubs.s                 0x00000000   Number         0  iusefp.o ABSOLUTE
    ../fplib/microlib/fpadd.c                0x00000000   Number         0  dadd.o ABSOLUTE
    ../fplib/microlib/fpdiv.c                0x00000000   Number         0  ddiv.o ABSOLUTE
    ../fplib/microlib/fpepilogue.c           0x00000000   Number         0  depilogue.o ABSOLUTE
    ../fplib/microlib/fpfix.c                0x00000000   Number         0  dfixul.o ABSOLUTE
    ../fplib/microlib/fpmul.c                0x00000000   Number         0  dmul.o ABSOLUTE
    app_layer.c                              0x00000000   Number         0  app_layer.o ABSOLUTE
    cdrcmple.s                               0x00000000   Number         0  cdrcmple.o ABSOLUTE
    dc.s                                     0x00000000   Number         0  dc.o ABSOLUTE
    debug.c                                  0x00000000   Number         0  debug.o ABSOLUTE
    handlers.s                               0x00000000   Number         0  handlers.o ABSOLUTE
    init.s                                   0x00000000   Number         0  init.o ABSOLUTE
    intermediate_key.c                       0x00000000   Number         0  intermediate_key.o ABSOLUTE
    intermediate_layer.c                     0x00000000   Number         0  intermediate_layer.o ABSOLUTE
    intermediate_led.c                       0x00000000   Number         0  intermediate_led.o ABSOLUTE
    intermediate_time.c                      0x00000000   Number         0  intermediate_time.o ABSOLUTE
    intermediate_uart.c                      0x00000000   Number         0  intermediate_uart.o ABSOLUTE
    main.c                                   0x00000000   Number         0  main.o ABSOLUTE
    mcu_init.c                               0x00000000   Number         0  mcu_init.o ABSOLUTE
    startup_stm32f103xe.s                    0x00000000   Number         0  startup_stm32f103xe.o ABSOLUTE
    stm32f1xx_hal.c                          0x00000000   Number         0  stm32f1xx_hal.o ABSOLUTE
    stm32f1xx_hal_cortex.c                   0x00000000   Number         0  stm32f1xx_hal_cortex.o ABSOLUTE
    stm32f1xx_hal_dma.c                      0x00000000   Number         0  stm32f1xx_hal_dma.o ABSOLUTE
    stm32f1xx_hal_flash.c                    0x00000000   Number         0  stm32f1xx_hal_flash.o ABSOLUTE
    stm32f1xx_hal_flash_ex.c                 0x00000000   Number         0  stm32f1xx_hal_flash_ex.o ABSOLUTE
    stm32f1xx_hal_gpio.c                     0x00000000   Number         0  stm32f1xx_hal_gpio.o ABSOLUTE
    stm32f1xx_hal_gpio_ex.c                  0x00000000   Number         0  stm32f1xx_hal_gpio_ex.o ABSOLUTE
    stm32f1xx_hal_iwdg.c                     0x00000000   Number         0  stm32f1xx_hal_iwdg.o ABSOLUTE
    stm32f1xx_hal_msp.c                      0x00000000   Number         0  stm32f1xx_hal_msp.o ABSOLUTE
    stm32f1xx_hal_pwr.c                      0x00000000   Number         0  stm32f1xx_hal_pwr.o ABSOLUTE
    stm32f1xx_hal_rcc.c                      0x00000000   Number         0  stm32f1xx_hal_rcc.o ABSOLUTE
    stm32f1xx_hal_rcc_ex.c                   0x00000000   Number         0  stm32f1xx_hal_rcc_ex.o ABSOLUTE
    stm32f1xx_hal_tim.c                      0x00000000   Number         0  stm32f1xx_hal_tim.o ABSOLUTE
    stm32f1xx_hal_tim_ex.c                   0x00000000   Number         0  stm32f1xx_hal_tim_ex.o ABSOLUTE
    stm32f1xx_hal_uart.c                     0x00000000   Number         0  stm32f1xx_hal_uart.o ABSOLUTE
    stm32f1xx_it.c                           0x00000000   Number         0  stm32f1xx_it.o ABSOLUTE
    system_stm32f1xx.c                       0x00000000   Number         0  system_stm32f1xx.o ABSOLUTE
    task_list.c                              0x00000000   Number         0  task_list.o ABSOLUTE
    task_manager.c                           0x00000000   Number         0  task_manager.o ABSOLUTE
    timer_list.c                             0x00000000   Number         0  timer_list.o ABSOLUTE
    RESET                                    0x08000000   Section      304  startup_stm32f103xe.o(RESET)
    .ARM.Collect$$$$00000000                 0x08000130   Section        0  entry.o(.ARM.Collect$$$$00000000)
    .ARM.Collect$$$$00000001                 0x08000130   Section        4  entry2.o(.ARM.Collect$$$$00000001)
    .ARM.Collect$$$$00000004                 0x08000134   Section        4  entry5.o(.ARM.Collect$$$$00000004)
    .ARM.Collect$$$$00000008                 0x08000138   Section        0  entry7b.o(.ARM.Collect$$$$00000008)
    .ARM.Collect$$$$0000000A                 0x08000138   Section        0  entry8b.o(.ARM.Collect$$$$0000000A)
    .ARM.Collect$$$$0000000B                 0x08000138   Section        8  entry9a.o(.ARM.Collect$$$$0000000B)
    __lit__00000000                          0x08000140   Data           4  entry2.o(.ARM.Collect$$$$00002712)
    .ARM.Collect$$$$0000000D                 0x08000140   Section        0  entry10a.o(.ARM.Collect$$$$0000000D)
    .ARM.Collect$$$$0000000F                 0x08000140   Section        0  entry11a.o(.ARM.Collect$$$$0000000F)
    .ARM.Collect$$$$00002712                 0x08000140   Section        4  entry2.o(.ARM.Collect$$$$00002712)
    .text                                    0x08000144   Section       36  startup_stm32f103xe.o(.text)
    .text                                    0x08000168   Section        0  llushr.o(.text)
    .text                                    0x08000188   Section        0  rand.o(.text)
    .text                                    0x080001ac   Section        0  memseta.o(.text)
    .text                                    0x080001d0   Section        0  uldiv.o(.text)
    .text                                    0x08000234   Section       36  init.o(.text)
    .text                                    0x08000258   Section        0  llshl.o(.text)
    [Anonymous Symbol]                       0x08000278   Section        0  stm32f1xx_it.o(.text.BusFault_Handler)
    __arm_cp.3_0                             0x08000280   Number         4  stm32f1xx_it.o(.text.BusFault_Handler)
    [Anonymous Symbol]                       0x08000284   Section        0  stm32f1xx_it.o(.text.DebugMon_Handler)
    [Anonymous Symbol]                       0x08000288   Section        0  stm32f1xx_hal_dma.o(.text.HAL_DMA_Abort_IT)
    __arm_cp.6_0                             0x08000350   Number         4  stm32f1xx_hal_dma.o(.text.HAL_DMA_Abort_IT)
    __arm_cp.6_1                             0x08000354   Number         4  stm32f1xx_hal_dma.o(.text.HAL_DMA_Abort_IT)
    __arm_cp.6_2                             0x08000358   Number         4  stm32f1xx_hal_dma.o(.text.HAL_DMA_Abort_IT)
    __arm_cp.6_3                             0x0800035c   Number         4  stm32f1xx_hal_dma.o(.text.HAL_DMA_Abort_IT)
    __arm_cp.6_4                             0x08000360   Number         4  stm32f1xx_hal_dma.o(.text.HAL_DMA_Abort_IT)
    __arm_cp.6_5                             0x08000364   Number         4  stm32f1xx_hal_dma.o(.text.HAL_DMA_Abort_IT)
    __arm_cp.6_6                             0x08000368   Number         4  stm32f1xx_hal_dma.o(.text.HAL_DMA_Abort_IT)
    __arm_cp.6_7                             0x0800036c   Number         4  stm32f1xx_hal_dma.o(.text.HAL_DMA_Abort_IT)
    __arm_cp.6_8                             0x08000370   Number         4  stm32f1xx_hal_dma.o(.text.HAL_DMA_Abort_IT)
    __arm_cp.6_9                             0x08000374   Number         4  stm32f1xx_hal_dma.o(.text.HAL_DMA_Abort_IT)
    __arm_cp.6_10                            0x08000378   Number         4  stm32f1xx_hal_dma.o(.text.HAL_DMA_Abort_IT)
    [Anonymous Symbol]                       0x0800037c   Section        0  stm32f1xx_hal_gpio.o(.text.HAL_GPIO_Init)
    __arm_cp.0_0                             0x080004f4   Number         4  stm32f1xx_hal_gpio.o(.text.HAL_GPIO_Init)
    __arm_cp.0_1                             0x080004f8   Number         4  stm32f1xx_hal_gpio.o(.text.HAL_GPIO_Init)
    __arm_cp.0_2                             0x080004fc   Number         4  stm32f1xx_hal_gpio.o(.text.HAL_GPIO_Init)
    __arm_cp.0_3                             0x08000500   Number         4  stm32f1xx_hal_gpio.o(.text.HAL_GPIO_Init)
    __arm_cp.0_5                             0x08000504   Number         4  stm32f1xx_hal_gpio.o(.text.HAL_GPIO_Init)
    __arm_cp.0_6                             0x08000508   Number         4  stm32f1xx_hal_gpio.o(.text.HAL_GPIO_Init)
    __arm_cp.0_7                             0x0800050c   Number         4  stm32f1xx_hal_gpio.o(.text.HAL_GPIO_Init)
    __arm_cp.0_8                             0x08000510   Number         4  stm32f1xx_hal_gpio.o(.text.HAL_GPIO_Init)
    __arm_cp.0_9                             0x08000514   Number         4  stm32f1xx_hal_gpio.o(.text.HAL_GPIO_Init)
    __arm_cp.0_10                            0x08000518   Number         4  stm32f1xx_hal_gpio.o(.text.HAL_GPIO_Init)
    __arm_cp.0_11                            0x0800051c   Number         4  stm32f1xx_hal_gpio.o(.text.HAL_GPIO_Init)
    [Anonymous Symbol]                       0x08000520   Section        0  stm32f1xx_hal_gpio.o(.text.HAL_GPIO_WritePin)
    [Anonymous Symbol]                       0x0800052c   Section        0  stm32f1xx_hal.o(.text.HAL_GetTick)
    [Anonymous Symbol]                       0x08000534   Section        0  stm32f1xx_hal.o(.text.HAL_IncTick)
    __arm_cp.5_1                             0x08000544   Number         4  stm32f1xx_hal.o(.text.HAL_IncTick)
    [Anonymous Symbol]                       0x08000548   Section        0  stm32f1xx_hal.o(.text.HAL_Init)
    [Anonymous Symbol]                       0x08000568   Section        0  stm32f1xx_hal.o(.text.HAL_InitTick)
    __arm_cp.1_0                             0x080005a0   Number         4  stm32f1xx_hal.o(.text.HAL_InitTick)
    [Anonymous Symbol]                       0x080005a4   Section        0  stm32f1xx_hal_msp.o(.text.HAL_MspInit)
    __arm_cp.0_0                             0x080005e0   Number         4  stm32f1xx_hal_msp.o(.text.HAL_MspInit)
    __arm_cp.0_1                             0x080005e4   Number         4  stm32f1xx_hal_msp.o(.text.HAL_MspInit)
    [Anonymous Symbol]                       0x080005e8   Section        0  stm32f1xx_hal_cortex.o(.text.HAL_NVIC_EnableIRQ)
    __arm_cp.3_0                             0x080005fc   Number         4  stm32f1xx_hal_cortex.o(.text.HAL_NVIC_EnableIRQ)
    [Anonymous Symbol]                       0x08000600   Section        0  stm32f1xx_hal_cortex.o(.text.HAL_NVIC_SetPriority)
    [Anonymous Symbol]                       0x0800063c   Section        0  stm32f1xx_hal_cortex.o(.text.HAL_NVIC_SetPriorityGrouping)
    __arm_cp.0_0                             0x08000654   Number         4  stm32f1xx_hal_cortex.o(.text.HAL_NVIC_SetPriorityGrouping)
    __arm_cp.0_1                             0x08000658   Number         4  stm32f1xx_hal_cortex.o(.text.HAL_NVIC_SetPriorityGrouping)
    [Anonymous Symbol]                       0x0800065c   Section        0  stm32f1xx_hal_rcc.o(.text.HAL_RCC_CSSCallback)
    [Anonymous Symbol]                       0x08000660   Section        0  stm32f1xx_hal_rcc.o(.text.HAL_RCC_ClockConfig)
    __arm_cp.2_0                             0x080007b0   Number         4  stm32f1xx_hal_rcc.o(.text.HAL_RCC_ClockConfig)
    __arm_cp.2_2                             0x080007b4   Number         4  stm32f1xx_hal_rcc.o(.text.HAL_RCC_ClockConfig)
    [Anonymous Symbol]                       0x080007b8   Section        0  stm32f1xx_hal_rcc.o(.text.HAL_RCC_EnableCSS)
    __arm_cp.5_0                             0x080007c0   Number         4  stm32f1xx_hal_rcc.o(.text.HAL_RCC_EnableCSS)
    [Anonymous Symbol]                       0x080007c4   Section        0  stm32f1xx_hal_rcc.o(.text.HAL_RCC_GetPCLK1Freq)
    [Anonymous Symbol]                       0x080007d8   Section        0  stm32f1xx_hal_rcc.o(.text.HAL_RCC_GetPCLK2Freq)
    __arm_cp.9_0                             0x080007ec   Number         4  stm32f1xx_hal_rcc.o(.text.HAL_RCC_GetPCLK2Freq)
    __arm_cp.9_2                             0x080007f0   Number         4  stm32f1xx_hal_rcc.o(.text.HAL_RCC_GetPCLK2Freq)
    [Anonymous Symbol]                       0x080007f4   Section        0  stm32f1xx_hal_rcc.o(.text.HAL_RCC_GetSysClockFreq)
    __arm_cp.3_0                             0x0800082c   Number         4  stm32f1xx_hal_rcc.o(.text.HAL_RCC_GetSysClockFreq)
    __arm_cp.3_1                             0x08000830   Number         4  stm32f1xx_hal_rcc.o(.text.HAL_RCC_GetSysClockFreq)
    __arm_cp.3_4                             0x08000848   Number         4  stm32f1xx_hal_rcc.o(.text.HAL_RCC_GetSysClockFreq)
    [Anonymous Symbol]                       0x0800084c   Section        0  stm32f1xx_hal_rcc.o(.text.HAL_RCC_NMI_IRQHandler)
    __arm_cp.12_0                            0x08000864   Number         4  stm32f1xx_hal_rcc.o(.text.HAL_RCC_NMI_IRQHandler)
    [Anonymous Symbol]                       0x08000868   Section        0  stm32f1xx_hal_rcc.o(.text.HAL_RCC_OscConfig)
    __arm_cp.1_0                             0x08000b54   Number         4  stm32f1xx_hal_rcc.o(.text.HAL_RCC_OscConfig)
    __arm_cp.1_1                             0x08000b58   Number         4  stm32f1xx_hal_rcc.o(.text.HAL_RCC_OscConfig)
    __arm_cp.1_2                             0x08000b5c   Number         4  stm32f1xx_hal_rcc.o(.text.HAL_RCC_OscConfig)
    __arm_cp.1_3                             0x08000b60   Number         4  stm32f1xx_hal_rcc.o(.text.HAL_RCC_OscConfig)
    [Anonymous Symbol]                       0x08000b64   Section        0  stm32f1xx_hal_cortex.o(.text.HAL_SYSTICK_Config)
    __arm_cp.7_0                             0x08000b84   Number         4  stm32f1xx_hal_cortex.o(.text.HAL_SYSTICK_Config)
    __arm_cp.7_1                             0x08000b88   Number         4  stm32f1xx_hal_cortex.o(.text.HAL_SYSTICK_Config)
    [Anonymous Symbol]                       0x08000b8c   Section        0  stm32f1xx_hal_tim_ex.o(.text.HAL_TIMEx_MasterConfigSynchronization)
    [Anonymous Symbol]                       0x08000bd0   Section        0  stm32f1xx_hal_tim.o(.text.HAL_TIM_Base_Init)
    [Anonymous Symbol]                       0x08000c04   Section        0  stm32f1xx_hal_msp.o(.text.HAL_TIM_Base_MspInit)
    __arm_cp.1_0                             0x08000c38   Number         4  stm32f1xx_hal_msp.o(.text.HAL_TIM_Base_MspInit)
    __arm_cp.1_1                             0x08000c3c   Number         4  stm32f1xx_hal_msp.o(.text.HAL_TIM_Base_MspInit)
    [Anonymous Symbol]                       0x08000c40   Section        0  stm32f1xx_hal_tim.o(.text.HAL_TIM_Base_Start_IT)
    [Anonymous Symbol]                       0x08000c56   Section        0  stm32f1xx_hal_uart.o(.text.HAL_UART_ErrorCallback)
    [Anonymous Symbol]                       0x08000c58   Section        0  stm32f1xx_hal_uart.o(.text.HAL_UART_IRQHandler)
    __arm_cp.37_0                            0x08000dbc   Number         4  stm32f1xx_hal_uart.o(.text.HAL_UART_IRQHandler)
    [Anonymous Symbol]                       0x08000dc0   Section        0  stm32f1xx_hal_uart.o(.text.HAL_UART_Init)
    [Anonymous Symbol]                       0x08000e1c   Section        0  stm32f1xx_hal_msp.o(.text.HAL_UART_MspInit)
    [Anonymous Symbol]                       0x08000efc   Section        0  stm32f1xx_hal_uart.o(.text.HAL_UART_RxCpltCallback)
    [Anonymous Symbol]                       0x08000efe   Section        0  stm32f1xx_hal_uart.o(.text.HAL_UART_TxCpltCallback)
    [Anonymous Symbol]                       0x08000f00   Section        0  stm32f1xx_it.o(.text.HardFault_Handler)
    [Anonymous Symbol]                       0x08000f1c   Section        0  mcu_init.o(.text.MX_GPIO_Init)
    __arm_cp.6_0                             0x08000ff4   Number         4  mcu_init.o(.text.MX_GPIO_Init)
    __arm_cp.6_1                             0x08000ff8   Number         4  mcu_init.o(.text.MX_GPIO_Init)
    __arm_cp.6_2                             0x08000ffc   Number         4  mcu_init.o(.text.MX_GPIO_Init)
    [Anonymous Symbol]                       0x08001000   Section        0  mcu_init.o(.text.MX_TIM6_Init)
    __arm_cp.3_0                             0x08001034   Number         4  mcu_init.o(.text.MX_TIM6_Init)
    __arm_cp.3_1                             0x08001038   Number         4  mcu_init.o(.text.MX_TIM6_Init)
    [Anonymous Symbol]                       0x0800103c   Section        0  mcu_init.o(.text.MX_USART1_UART_Init)
    __arm_cp.4_1                             0x0800106c   Number         4  mcu_init.o(.text.MX_USART1_UART_Init)
    [Anonymous Symbol]                       0x08001070   Section        0  mcu_init.o(.text.MX_USART2_UART_Init)
    __arm_cp.5_1                             0x080010a0   Number         4  mcu_init.o(.text.MX_USART2_UART_Init)
    [Anonymous Symbol]                       0x080010a4   Section        0  stm32f1xx_it.o(.text.MemManage_Handler)
    [Anonymous Symbol]                       0x080010c0   Section        0  stm32f1xx_it.o(.text.NMI_Handler)
    NVIC_SetPriority                         0x080010e1   Thumb Code    36  stm32f1xx_hal_cortex.o(.text.NVIC_SetPriority)
    [Anonymous Symbol]                       0x080010e0   Section        0  stm32f1xx_hal_cortex.o(.text.NVIC_SetPriority)
    __arm_cp.2_0                             0x080010fc   Number         4  stm32f1xx_hal_cortex.o(.text.NVIC_SetPriority)
    __arm_cp.2_1                             0x08001100   Number         4  stm32f1xx_hal_cortex.o(.text.NVIC_SetPriority)
    [Anonymous Symbol]                       0x08001104   Section        0  stm32f1xx_it.o(.text.PendSV_Handler)
    [Anonymous Symbol]                       0x08001106   Section        0  stm32f1xx_it.o(.text.SVC_Handler)
    [Anonymous Symbol]                       0x08001108   Section        0  stm32f1xx_it.o(.text.SysTick_Handler)
    [Anonymous Symbol]                       0x0800110c   Section        0  mcu_init.o(.text.SystemClock_Config)
    [Anonymous Symbol]                       0x0800115c   Section        0  system_stm32f1xx.o(.text.SystemInit)
    __arm_cp.0_0                             0x08001198   Number         4  system_stm32f1xx.o(.text.SystemInit)
    __arm_cp.0_1                             0x0800119c   Number         4  system_stm32f1xx.o(.text.SystemInit)
    __arm_cp.0_2                             0x080011a0   Number         4  system_stm32f1xx.o(.text.SystemInit)
    __arm_cp.0_3                             0x080011a4   Number         4  system_stm32f1xx.o(.text.SystemInit)
    [Anonymous Symbol]                       0x080011a8   Section        0  stm32f1xx_it.o(.text.TIM6_IRQHandler)
    __arm_cp.11_0                            0x080011c4   Number         4  stm32f1xx_it.o(.text.TIM6_IRQHandler)
    [Anonymous Symbol]                       0x080011c8   Section        0  stm32f1xx_hal_tim.o(.text.TIM_Base_SetConfig)
    __arm_cp.2_0                             0x08001228   Number         4  stm32f1xx_hal_tim.o(.text.TIM_Base_SetConfig)
    __arm_cp.2_1                             0x0800122c   Number         4  stm32f1xx_hal_tim.o(.text.TIM_Base_SetConfig)
    __arm_cp.2_2                             0x08001230   Number         4  stm32f1xx_hal_tim.o(.text.TIM_Base_SetConfig)
    __arm_cp.2_3                             0x08001234   Number         4  stm32f1xx_hal_tim.o(.text.TIM_Base_SetConfig)
    __arm_cp.2_4                             0x08001238   Number         4  stm32f1xx_hal_tim.o(.text.TIM_Base_SetConfig)
    UART_DMAAbortOnError                     0x0800123d   Thumb Code    12  stm32f1xx_hal_uart.o(.text.UART_DMAAbortOnError)
    [Anonymous Symbol]                       0x0800123c   Section        0  stm32f1xx_hal_uart.o(.text.UART_DMAAbortOnError)
    UART_EndRxTransfer                       0x08001249   Thumb Code    26  stm32f1xx_hal_uart.o(.text.UART_EndRxTransfer)
    [Anonymous Symbol]                       0x08001248   Section        0  stm32f1xx_hal_uart.o(.text.UART_EndRxTransfer)
    UART_Receive_IT                          0x08001263   Thumb Code   120  stm32f1xx_hal_uart.o(.text.UART_Receive_IT)
    [Anonymous Symbol]                       0x08001262   Section        0  stm32f1xx_hal_uart.o(.text.UART_Receive_IT)
    UART_SetConfig                           0x080012dd   Thumb Code   228  stm32f1xx_hal_uart.o(.text.UART_SetConfig)
    [Anonymous Symbol]                       0x080012dc   Section        0  stm32f1xx_hal_uart.o(.text.UART_SetConfig)
    __arm_cp.2_0                             0x080013b4   Number         4  stm32f1xx_hal_uart.o(.text.UART_SetConfig)
    __arm_cp.2_1                             0x080013b8   Number         4  stm32f1xx_hal_uart.o(.text.UART_SetConfig)
    __arm_cp.2_2                             0x080013bc   Number         4  stm32f1xx_hal_uart.o(.text.UART_SetConfig)
    [Anonymous Symbol]                       0x080013c0   Section        0  stm32f1xx_it.o(.text.USART1_IRQHandler)
    __arm_cp.9_0                             0x080013c8   Number         4  stm32f1xx_it.o(.text.USART1_IRQHandler)
    [Anonymous Symbol]                       0x080013cc   Section        0  stm32f1xx_it.o(.text.USART2_IRQHandler)
    __arm_cp.10_0                            0x080013dc   Number         4  stm32f1xx_it.o(.text.USART2_IRQHandler)
    __arm_cp.10_1                            0x080013e0   Number         4  stm32f1xx_it.o(.text.USART2_IRQHandler)
    [Anonymous Symbol]                       0x080013e4   Section        0  stm32f1xx_it.o(.text.UsageFault_Handler)
    __arm_cp.4_0                             0x080013ec   Number         4  stm32f1xx_it.o(.text.UsageFault_Handler)
    [Anonymous Symbol]                       0x080013f0   Section        0  intermediate_uart.o(.text.fputc)
    [Anonymous Symbol]                       0x080013f4   Section        0  intermediate_time.o(.text.get_tick)
    [Anonymous Symbol]                       0x080013fc   Section        0  intermediate_time.o(.text.get_timer_tick)
    [Anonymous Symbol]                       0x08001404   Section        0  intermediate_led.o(.text.led_control)
    __arm_cp.0_0                             0x08001420   Number         4  intermediate_led.o(.text.led_control)
    __arm_cp.0_1                             0x08001424   Number         4  intermediate_led.o(.text.led_control)
    __arm_cp.0_2                             0x08001428   Number         4  intermediate_led.o(.text.led_control)
    [Anonymous Symbol]                       0x0800142c   Section        0  intermediate_led.o(.text.led_off)
    [Anonymous Symbol]                       0x08001434   Section        0  intermediate_led.o(.text.led_off_time)
    __arm_cp.3_0                             0x0800144c   Number         4  intermediate_led.o(.text.led_off_time)
    [Anonymous Symbol]                       0x08001450   Section        0  intermediate_led.o(.text.led_on)
    [Anonymous Symbol]                       0x08001458   Section        0  intermediate_led.o(.text.led_test)
    __arm_cp.4_0                             0x08001484   Number         4  intermediate_led.o(.text.led_test)
    __arm_cp.4_1                             0x08001488   Number         4  intermediate_led.o(.text.led_test)
    __arm_cp.4_2                             0x0800148c   Number         4  intermediate_led.o(.text.led_test)
    __arm_cp.4_3                             0x08001490   Number         4  intermediate_led.o(.text.led_test)
    [Anonymous Symbol]                       0x08001494   Section        0  main.o(.text.main)
    __arm_cp.1_1                             0x08001520   Number         4  main.o(.text.main)
    [Anonymous Symbol]                       0x08001528   Section        0  intermediate_layer.o(.text.mcu_init)
    [Anonymous Symbol]                       0x08001548   Section        0  intermediate_uart.o(.text.sendchar)
    __arm_cp.1_0                             0x08001558   Number         4  intermediate_uart.o(.text.sendchar)
    [Anonymous Symbol]                       0x0800155c   Section        0  task_list.o(.text.task_list_init)
    __arm_cp.0_0                             0x08001574   Number         4  task_list.o(.text.task_list_init)
    [Anonymous Symbol]                       0x08001578   Section        0  task_manager.o(.text.task_manager_init)
    [Anonymous Symbol]                       0x08001586   Section        0  main.o(.text.test)
    [Anonymous Symbol]                       0x0800158c   Section        0  intermediate_time.o(.text.timer_irq_callback)
    __arm_cp.0_0                             0x0800159c   Number         4  intermediate_time.o(.text.timer_irq_callback)
    timer_list_add                           0x080015a1   Thumb Code   344  timer_list.o(.text.timer_list_add)
    [Anonymous Symbol]                       0x080015a0   Section        0  timer_list.o(.text.timer_list_add)
    __arm_cp.2_0                             0x080016ac   Number         4  timer_list.o(.text.timer_list_add)
    [Anonymous Symbol]                       0x080016f4   Section        0  timer_list.o(.text.timer_list_empty)
    [Anonymous Symbol]                       0x08001704   Section        0  timer_list.o(.text.timer_list_init)
    __arm_cp.0_1                             0x08001728   Number         4  timer_list.o(.text.timer_list_init)
    [Anonymous Symbol]                       0x0800172c   Section        0  timer_list.o(.text.timer_list_print)
    __arm_cp.3_0                             0x08001790   Number         4  timer_list.o(.text.timer_list_print)
    __arm_cp.3_3                             0x080017c0   Number         4  timer_list.o(.text.timer_list_print)
    [Anonymous Symbol]                       0x080017e8   Section        0  timer_list.o(.text.timer_list_push)
    __arm_cp.4_2                             0x08001840   Number         4  timer_list.o(.text.timer_list_push)
    [Anonymous Symbol]                       0x08001844   Section        0  timer_list.o(.text.timer_list_scan)
    __arm_cp.1_0                             0x08001924   Number         4  timer_list.o(.text.timer_list_scan)
    i.__0printf$8                            0x08001930   Section        0  printf8.o(i.__0printf$8)
    i.__scatterload_copy                     0x08001950   Section       14  handlers.o(i.__scatterload_copy)
    i.__scatterload_null                     0x0800195e   Section        2  handlers.o(i.__scatterload_null)
    i.__scatterload_zeroinit                 0x08001960   Section       14  handlers.o(i.__scatterload_zeroinit)
    _printf_core                             0x08001971   Thumb Code   996  printf8.o(i._printf_core)
    i._printf_core                           0x08001970   Section        0  printf8.o(i._printf_core)
    _printf_post_padding                     0x08001d81   Thumb Code    36  printf8.o(i._printf_post_padding)
    i._printf_post_padding                   0x08001d80   Section        0  printf8.o(i._printf_post_padding)
    _printf_pre_padding                      0x08001da5   Thumb Code    46  printf8.o(i._printf_pre_padding)
    i._printf_pre_padding                    0x08001da4   Section        0  printf8.o(i._printf_pre_padding)
    i.putchar                                0x08001dd4   Section        0  putchar.o(i.putchar)
    i.puts                                   0x08001de0   Section        0  puts.o(i.puts)
    .Lstr.7                                  0x08001e34   Data          20  stm32f1xx_it.o(.rodata.str1.1)
    [Anonymous Symbol]                       0x08001e34   Section        0  stm32f1xx_it.o(.rodata.str1.1)
    .L.str.3                                 0x08001e48   Data          25  timer_list.o(.rodata.str1.1)
    [Anonymous Symbol]                       0x08001e48   Section        0  timer_list.o(.rodata.str1.1)
    _rand_state                              0x20000000   Data           4  rand.o(.data)
    .data                                    0x20000000   Section        4  rand.o(.data)
    [Anonymous Symbol]                       0x20000004   Section        0  stm32f1xx_hal.o(.data..L_MergedGlobals)
    [Anonymous Symbol]                       0x20000010   Section        0  intermediate_time.o(.bss..L_MergedGlobals)
    stTask                                   0x2000012c   Data         300  task_list.o(.bss.stTask)
    [Anonymous Symbol]                       0x2000012c   Section        0  task_list.o(.bss.stTask)
    stTimer                                  0x20000258   Data         464  timer_list.o(.bss.stTimer)
    [Anonymous Symbol]                       0x20000258   Section        0  timer_list.o(.bss.stTimer)
    STACK                                    0x20000430   Section     1024  startup_stm32f103xe.o(STACK)

    Global Symbols

    Symbol Name                              Value     Ov Type        Size  Object(Section)

    BuildAttributes$$THM_ISAv4$P$D$K$B$S$PE$A:L22UL41UL21$X:L11$S22US41US21$IEEE1$IW$~IW$USESV6$~STKCKD$USESV7$~SHL$OSPACE$ROPI$EBA8$MICROLIB$REQ8$PRES8$EABIv2 0x00000000   Number         0  anon$$obj.o ABSOLUTE
    __use_no_errno                           0x00000000   Number         0  useno.o ABSOLUTE
    __use_no_exception_handling              0x00000000   Number         0  useno.o ABSOLUTE
    __use_no_fp                              0x00000000   Number         0  useno.o ABSOLUTE
    __use_no_heap                            0x00000000   Number         0  useno.o ABSOLUTE
    __use_no_heap_region                     0x00000000   Number         0  useno.o ABSOLUTE
    __use_no_semihosting                     0x00000000   Number         0  useno.o ABSOLUTE
    __use_no_semihosting_swi                 0x00000000   Number         0  useno.o ABSOLUTE
    __use_no_signal_handling                 0x00000000   Number         0  useno.o ABSOLUTE
    _printf_a                                0x00000000   Number         0  stubs.o ABSOLUTE
    _printf_c                                0x00000000   Number         0  stubs.o ABSOLUTE
    _printf_charcount                        0x00000000   Number         0  stubs.o ABSOLUTE
    _printf_d                                0x00000000   Number         0  stubs.o ABSOLUTE
    _printf_e                                0x00000000   Number         0  stubs.o ABSOLUTE
    _printf_f                                0x00000000   Number         0  stubs.o ABSOLUTE
    _printf_flags                            0x00000000   Number         0  stubs.o ABSOLUTE
    _printf_fp_dec                           0x00000000   Number         0  stubs.o ABSOLUTE
    _printf_fp_hex                           0x00000000   Number         0  stubs.o ABSOLUTE
    _printf_g                                0x00000000   Number         0  stubs.o ABSOLUTE
    _printf_i                                0x00000000   Number         0  stubs.o ABSOLUTE
    _printf_int_dec                          0x00000000   Number         0  stubs.o ABSOLUTE
    _printf_l                                0x00000000   Number         0  stubs.o ABSOLUTE
    _printf_lc                               0x00000000   Number         0  stubs.o ABSOLUTE
    _printf_ll                               0x00000000   Number         0  stubs.o ABSOLUTE
    _printf_lld                              0x00000000   Number         0  stubs.o ABSOLUTE
    _printf_lli                              0x00000000   Number         0  stubs.o ABSOLUTE
    _printf_llo                              0x00000000   Number         0  stubs.o ABSOLUTE
    _printf_llu                              0x00000000   Number         0  stubs.o ABSOLUTE
    _printf_llx                              0x00000000   Number         0  stubs.o ABSOLUTE
    _printf_longlong_dec                     0x00000000   Number         0  stubs.o ABSOLUTE
    _printf_longlong_hex                     0x00000000   Number         0  stubs.o ABSOLUTE
    _printf_longlong_oct                     0x00000000   Number         0  stubs.o ABSOLUTE
    _printf_ls                               0x00000000   Number         0  stubs.o ABSOLUTE
    _printf_mbtowc                           0x00000000   Number         0  stubs.o ABSOLUTE
    _printf_n                                0x00000000   Number         0  stubs.o ABSOLUTE
    _printf_o                                0x00000000   Number         0  stubs.o ABSOLUTE
    _printf_p                                0x00000000   Number         0  stubs.o ABSOLUTE
    _printf_percent                          0x00000000   Number         0  stubs.o ABSOLUTE
    _printf_pre_padding                      0x00000000   Number         0  stubs.o ABSOLUTE
    _printf_return_value                     0x00000000   Number         0  stubs.o ABSOLUTE
    _printf_s                                0x00000000   Number         0  stubs.o ABSOLUTE
    _printf_sizespec                         0x00000000   Number         0  stubs.o ABSOLUTE
    _printf_str                              0x00000000   Number         0  stubs.o ABSOLUTE
    _printf_truncate_signed                  0x00000000   Number         0  stubs.o ABSOLUTE
    _printf_truncate_unsigned                0x00000000   Number         0  stubs.o ABSOLUTE
    _printf_u                                0x00000000   Number         0  stubs.o ABSOLUTE
    _printf_wc                               0x00000000   Number         0  stubs.o ABSOLUTE
    _printf_wctomb                           0x00000000   Number         0  stubs.o ABSOLUTE
    _printf_widthprec                        0x00000000   Number         0  stubs.o ABSOLUTE
    _printf_x                                0x00000000   Number         0  stubs.o ABSOLUTE
    __cpp_initialize__aeabi_                  - Undefined Weak Reference
    __cxa_finalize                            - Undefined Weak Reference
    __decompress                              - Undefined Weak Reference
    _clock_init                               - Undefined Weak Reference
    _microlib_exit                            - Undefined Weak Reference
    __Vectors_Size                           0x00000130   Number         0  startup_stm32f103xe.o ABSOLUTE
    __Vectors                                0x08000000   Data           4  startup_stm32f103xe.o(RESET)
    __Vectors_End                            0x08000130   Data           0  startup_stm32f103xe.o(RESET)
    __main                                   0x08000131   Thumb Code     0  entry.o(.ARM.Collect$$$$00000000)
    _main_stk                                0x08000131   Thumb Code     0  entry2.o(.ARM.Collect$$$$00000001)
    _main_scatterload                        0x08000135   Thumb Code     0  entry5.o(.ARM.Collect$$$$00000004)
    __main_after_scatterload                 0x08000139   Thumb Code     0  entry5.o(.ARM.Collect$$$$00000004)
    _main_clock                              0x08000139   Thumb Code     0  entry7b.o(.ARM.Collect$$$$00000008)
    _main_cpp_init                           0x08000139   Thumb Code     0  entry8b.o(.ARM.Collect$$$$0000000A)
    _main_init                               0x08000139   Thumb Code     0  entry9a.o(.ARM.Collect$$$$0000000B)
    __rt_final_cpp                           0x08000141   Thumb Code     0  entry10a.o(.ARM.Collect$$$$0000000D)
    __rt_final_exit                          0x08000141   Thumb Code     0  entry11a.o(.ARM.Collect$$$$0000000F)
    Reset_Handler                            0x08000145   Thumb Code     8  startup_stm32f103xe.o(.text)
    ADC1_2_IRQHandler                        0x0800015f   Thumb Code     0  startup_stm32f103xe.o(.text)
    ADC3_IRQHandler                          0x0800015f   Thumb Code     0  startup_stm32f103xe.o(.text)
    CAN1_RX1_IRQHandler                      0x0800015f   Thumb Code     0  startup_stm32f103xe.o(.text)
    CAN1_SCE_IRQHandler                      0x0800015f   Thumb Code     0  startup_stm32f103xe.o(.text)
    DMA1_Channel1_IRQHandler                 0x0800015f   Thumb Code     0  startup_stm32f103xe.o(.text)
    DMA1_Channel2_IRQHandler                 0x0800015f   Thumb Code     0  startup_stm32f103xe.o(.text)
    DMA1_Channel3_IRQHandler                 0x0800015f   Thumb Code     0  startup_stm32f103xe.o(.text)
    DMA1_Channel4_IRQHandler                 0x0800015f   Thumb Code     0  startup_stm32f103xe.o(.text)
    DMA1_Channel5_IRQHandler                 0x0800015f   Thumb Code     0  startup_stm32f103xe.o(.text)
    DMA1_Channel6_IRQHandler                 0x0800015f   Thumb Code     0  startup_stm32f103xe.o(.text)
    DMA1_Channel7_IRQHandler                 0x0800015f   Thumb Code     0  startup_stm32f103xe.o(.text)
    DMA2_Channel1_IRQHandler                 0x0800015f   Thumb Code     0  startup_stm32f103xe.o(.text)
    DMA2_Channel2_IRQHandler                 0x0800015f   Thumb Code     0  startup_stm32f103xe.o(.text)
    DMA2_Channel3_IRQHandler                 0x0800015f   Thumb Code     0  startup_stm32f103xe.o(.text)
    DMA2_Channel4_5_IRQHandler               0x0800015f   Thumb Code     0  startup_stm32f103xe.o(.text)
    EXTI0_IRQHandler                         0x0800015f   Thumb Code     0  startup_stm32f103xe.o(.text)
    EXTI15_10_IRQHandler                     0x0800015f   Thumb Code     0  startup_stm32f103xe.o(.text)
    EXTI1_IRQHandler                         0x0800015f   Thumb Code     0  startup_stm32f103xe.o(.text)
    EXTI2_IRQHandler                         0x0800015f   Thumb Code     0  startup_stm32f103xe.o(.text)
    EXTI3_IRQHandler                         0x0800015f   Thumb Code     0  startup_stm32f103xe.o(.text)
    EXTI4_IRQHandler                         0x0800015f   Thumb Code     0  startup_stm32f103xe.o(.text)
    EXTI9_5_IRQHandler                       0x0800015f   Thumb Code     0  startup_stm32f103xe.o(.text)
    FLASH_IRQHandler                         0x0800015f   Thumb Code     0  startup_stm32f103xe.o(.text)
    FSMC_IRQHandler                          0x0800015f   Thumb Code     0  startup_stm32f103xe.o(.text)
    I2C1_ER_IRQHandler                       0x0800015f   Thumb Code     0  startup_stm32f103xe.o(.text)
    I2C1_EV_IRQHandler                       0x0800015f   Thumb Code     0  startup_stm32f103xe.o(.text)
    I2C2_ER_IRQHandler                       0x0800015f   Thumb Code     0  startup_stm32f103xe.o(.text)
    I2C2_EV_IRQHandler                       0x0800015f   Thumb Code     0  startup_stm32f103xe.o(.text)
    PVD_IRQHandler                           0x0800015f   Thumb Code     0  startup_stm32f103xe.o(.text)
    RCC_IRQHandler                           0x0800015f   Thumb Code     0  startup_stm32f103xe.o(.text)
    RTC_Alarm_IRQHandler                     0x0800015f   Thumb Code     0  startup_stm32f103xe.o(.text)
    RTC_IRQHandler                           0x0800015f   Thumb Code     0  startup_stm32f103xe.o(.text)
    SDIO_IRQHandler                          0x0800015f   Thumb Code     0  startup_stm32f103xe.o(.text)
    SPI1_IRQHandler                          0x0800015f   Thumb Code     0  startup_stm32f103xe.o(.text)
    SPI2_IRQHandler                          0x0800015f   Thumb Code     0  startup_stm32f103xe.o(.text)
    SPI3_IRQHandler                          0x0800015f   Thumb Code     0  startup_stm32f103xe.o(.text)
    TAMPER_IRQHandler                        0x0800015f   Thumb Code     0  startup_stm32f103xe.o(.text)
    TIM1_BRK_IRQHandler                      0x0800015f   Thumb Code     0  startup_stm32f103xe.o(.text)
    TIM1_CC_IRQHandler                       0x0800015f   Thumb Code     0  startup_stm32f103xe.o(.text)
    TIM1_TRG_COM_IRQHandler                  0x0800015f   Thumb Code     0  startup_stm32f103xe.o(.text)
    TIM1_UP_IRQHandler                       0x0800015f   Thumb Code     0  startup_stm32f103xe.o(.text)
    TIM2_IRQHandler                          0x0800015f   Thumb Code     0  startup_stm32f103xe.o(.text)
    TIM3_IRQHandler                          0x0800015f   Thumb Code     0  startup_stm32f103xe.o(.text)
    TIM4_IRQHandler                          0x0800015f   Thumb Code     0  startup_stm32f103xe.o(.text)
    TIM5_IRQHandler                          0x0800015f   Thumb Code     0  startup_stm32f103xe.o(.text)
    TIM7_IRQHandler                          0x0800015f   Thumb Code     0  startup_stm32f103xe.o(.text)
    TIM8_BRK_IRQHandler                      0x0800015f   Thumb Code     0  startup_stm32f103xe.o(.text)
    TIM8_CC_IRQHandler                       0x0800015f   Thumb Code     0  startup_stm32f103xe.o(.text)
    TIM8_TRG_COM_IRQHandler                  0x0800015f   Thumb Code     0  startup_stm32f103xe.o(.text)
    TIM8_UP_IRQHandler                       0x0800015f   Thumb Code     0  startup_stm32f103xe.o(.text)
    UART4_IRQHandler                         0x0800015f   Thumb Code     0  startup_stm32f103xe.o(.text)
    UART5_IRQHandler                         0x0800015f   Thumb Code     0  startup_stm32f103xe.o(.text)
    USART3_IRQHandler                        0x0800015f   Thumb Code     0  startup_stm32f103xe.o(.text)
    USBWakeUp_IRQHandler                     0x0800015f   Thumb Code     0  startup_stm32f103xe.o(.text)
    USB_HP_CAN1_TX_IRQHandler                0x0800015f   Thumb Code     0  startup_stm32f103xe.o(.text)
    USB_LP_CAN1_RX0_IRQHandler               0x0800015f   Thumb Code     0  startup_stm32f103xe.o(.text)
    WWDG_IRQHandler                          0x0800015f   Thumb Code     0  startup_stm32f103xe.o(.text)
    __aeabi_llsr                             0x08000169   Thumb Code    32  llushr.o(.text)
    _ll_ushift_r                             0x08000169   Thumb Code     0  llushr.o(.text)
    rand                                     0x08000189   Thumb Code    20  rand.o(.text)
    srand                                    0x0800019d   Thumb Code     6  rand.o(.text)
    __aeabi_memset                           0x080001ad   Thumb Code    14  memseta.o(.text)
    __aeabi_memset4                          0x080001ad   Thumb Code     0  memseta.o(.text)
    __aeabi_memset8                          0x080001ad   Thumb Code     0  memseta.o(.text)
    __aeabi_memclr                           0x080001bb   Thumb Code     4  memseta.o(.text)
    __aeabi_memclr4                          0x080001bb   Thumb Code     0  memseta.o(.text)
    __aeabi_memclr8                          0x080001bb   Thumb Code     0  memseta.o(.text)
    _memset$wrapper                          0x080001bf   Thumb Code    18  memseta.o(.text)
    __aeabi_uldivmod                         0x080001d1   Thumb Code    98  uldiv.o(.text)
    __scatterload                            0x08000235   Thumb Code    28  init.o(.text)
    __scatterload_rt2                        0x08000235   Thumb Code     0  init.o(.text)
    __aeabi_llsl                             0x08000259   Thumb Code    30  llshl.o(.text)
    _ll_shift_l                              0x08000259   Thumb Code     0  llshl.o(.text)
    BusFault_Handler                         0x08000279   Thumb Code    12  stm32f1xx_it.o(.text.BusFault_Handler)
    DebugMon_Handler                         0x08000285   Thumb Code     2  stm32f1xx_it.o(.text.DebugMon_Handler)
    HAL_DMA_Abort_IT                         0x08000289   Thumb Code   244  stm32f1xx_hal_dma.o(.text.HAL_DMA_Abort_IT)
    HAL_GPIO_Init                            0x0800037d   Thumb Code   424  stm32f1xx_hal_gpio.o(.text.HAL_GPIO_Init)
    HAL_GPIO_WritePin                        0x08000521   Thumb Code    10  stm32f1xx_hal_gpio.o(.text.HAL_GPIO_WritePin)
    HAL_GetTick                              0x0800052d   Thumb Code    12  stm32f1xx_hal.o(.text.HAL_GetTick)
    HAL_IncTick                              0x08000535   Thumb Code    24  stm32f1xx_hal.o(.text.HAL_IncTick)
    HAL_Init                                 0x08000549   Thumb Code    36  stm32f1xx_hal.o(.text.HAL_Init)
    HAL_InitTick                             0x08000569   Thumb Code    64  stm32f1xx_hal.o(.text.HAL_InitTick)
    HAL_MspInit                              0x080005a5   Thumb Code    68  stm32f1xx_hal_msp.o(.text.HAL_MspInit)
    HAL_NVIC_EnableIRQ                       0x080005e9   Thumb Code    24  stm32f1xx_hal_cortex.o(.text.HAL_NVIC_EnableIRQ)
    HAL_NVIC_SetPriority                     0x08000601   Thumb Code    64  stm32f1xx_hal_cortex.o(.text.HAL_NVIC_SetPriority)
    HAL_NVIC_SetPriorityGrouping             0x0800063d   Thumb Code    32  stm32f1xx_hal_cortex.o(.text.HAL_NVIC_SetPriorityGrouping)
    HAL_RCC_CSSCallback                      0x0800065d   Thumb Code     2  stm32f1xx_hal_rcc.o(.text.HAL_RCC_CSSCallback)
    HAL_RCC_ClockConfig                      0x08000661   Thumb Code   352  stm32f1xx_hal_rcc.o(.text.HAL_RCC_ClockConfig)
    HAL_RCC_EnableCSS                        0x080007b9   Thumb Code    12  stm32f1xx_hal_rcc.o(.text.HAL_RCC_EnableCSS)
    HAL_RCC_GetPCLK1Freq                     0x080007c5   Thumb Code    32  stm32f1xx_hal_rcc.o(.text.HAL_RCC_GetPCLK1Freq)
    HAL_RCC_GetPCLK2Freq                     0x080007d9   Thumb Code    32  stm32f1xx_hal_rcc.o(.text.HAL_RCC_GetPCLK2Freq)
    HAL_RCC_GetSysClockFreq                  0x080007f5   Thumb Code    88  stm32f1xx_hal_rcc.o(.text.HAL_RCC_GetSysClockFreq)
    HAL_RCC_NMI_IRQHandler                   0x0800084d   Thumb Code    28  stm32f1xx_hal_rcc.o(.text.HAL_RCC_NMI_IRQHandler)
    HAL_RCC_OscConfig                        0x08000869   Thumb Code   764  stm32f1xx_hal_rcc.o(.text.HAL_RCC_OscConfig)
    HAL_SYSTICK_Config                       0x08000b65   Thumb Code    40  stm32f1xx_hal_cortex.o(.text.HAL_SYSTICK_Config)
    HAL_TIMEx_MasterConfigSynchronization    0x08000b8d   Thumb Code    68  stm32f1xx_hal_tim_ex.o(.text.HAL_TIMEx_MasterConfigSynchronization)
    HAL_TIM_Base_Init                        0x08000bd1   Thumb Code    52  stm32f1xx_hal_tim.o(.text.HAL_TIM_Base_Init)
    HAL_TIM_Base_MspInit                     0x08000c05   Thumb Code    60  stm32f1xx_hal_msp.o(.text.HAL_TIM_Base_MspInit)
    HAL_TIM_Base_Start_IT                    0x08000c41   Thumb Code    22  stm32f1xx_hal_tim.o(.text.HAL_TIM_Base_Start_IT)
    HAL_UART_ErrorCallback                   0x08000c57   Thumb Code     2  stm32f1xx_hal_uart.o(.text.HAL_UART_ErrorCallback)
    HAL_UART_IRQHandler                      0x08000c59   Thumb Code   360  stm32f1xx_hal_uart.o(.text.HAL_UART_IRQHandler)
    HAL_UART_Init                            0x08000dc1   Thumb Code    92  stm32f1xx_hal_uart.o(.text.HAL_UART_Init)
    HAL_UART_MspInit                         0x08000e1d   Thumb Code   240  stm32f1xx_hal_msp.o(.text.HAL_UART_MspInit)
    HAL_UART_RxCpltCallback                  0x08000efd   Thumb Code     2  stm32f1xx_hal_uart.o(.text.HAL_UART_RxCpltCallback)
    HAL_UART_TxCpltCallback                  0x08000eff   Thumb Code     2  stm32f1xx_hal_uart.o(.text.HAL_UART_TxCpltCallback)
    HardFault_Handler                        0x08000f01   Thumb Code    28  stm32f1xx_it.o(.text.HardFault_Handler)
    MX_GPIO_Init                             0x08000f1d   Thumb Code   228  mcu_init.o(.text.MX_GPIO_Init)
    MX_TIM6_Init                             0x08001001   Thumb Code    60  mcu_init.o(.text.MX_TIM6_Init)
    MX_USART1_UART_Init                      0x0800103d   Thumb Code    56  mcu_init.o(.text.MX_USART1_UART_Init)
    MX_USART2_UART_Init                      0x08001071   Thumb Code    56  mcu_init.o(.text.MX_USART2_UART_Init)
    MemManage_Handler                        0x080010a5   Thumb Code    28  stm32f1xx_it.o(.text.MemManage_Handler)
    NMI_Handler                              0x080010c1   Thumb Code    32  stm32f1xx_it.o(.text.NMI_Handler)
    PendSV_Handler                           0x08001105   Thumb Code     2  stm32f1xx_it.o(.text.PendSV_Handler)
    SVC_Handler                              0x08001107   Thumb Code     2  stm32f1xx_it.o(.text.SVC_Handler)
    SysTick_Handler                          0x08001109   Thumb Code     4  stm32f1xx_it.o(.text.SysTick_Handler)
    SystemClock_Config                       0x0800110d   Thumb Code    80  mcu_init.o(.text.SystemClock_Config)
    SystemInit                               0x0800115d   Thumb Code    76  system_stm32f1xx.o(.text.SystemInit)
    TIM6_IRQHandler                          0x080011a9   Thumb Code    32  stm32f1xx_it.o(.text.TIM6_IRQHandler)
    TIM_Base_SetConfig                       0x080011c9   Thumb Code   116  stm32f1xx_hal_tim.o(.text.TIM_Base_SetConfig)
    USART1_IRQHandler                        0x080013c1   Thumb Code    12  stm32f1xx_it.o(.text.USART1_IRQHandler)
    USART2_IRQHandler                        0x080013cd   Thumb Code    24  stm32f1xx_it.o(.text.USART2_IRQHandler)
    UsageFault_Handler                       0x080013e5   Thumb Code    12  stm32f1xx_it.o(.text.UsageFault_Handler)
    fputc                                    0x080013f1   Thumb Code     4  intermediate_uart.o(.text.fputc)
    get_tick                                 0x080013f5   Thumb Code    12  intermediate_time.o(.text.get_tick)
    get_timer_tick                           0x080013fd   Thumb Code    12  intermediate_time.o(.text.get_timer_tick)
    led_control                              0x08001405   Thumb Code    40  intermediate_led.o(.text.led_control)
    led_off                                  0x0800142d   Thumb Code     8  intermediate_led.o(.text.led_off)
    led_off_time                             0x08001435   Thumb Code    32  intermediate_led.o(.text.led_off_time)
    led_on                                   0x08001451   Thumb Code     8  intermediate_led.o(.text.led_on)
    led_test                                 0x08001459   Thumb Code    60  intermediate_led.o(.text.led_test)
    main                                     0x08001495   Thumb Code   148  main.o(.text.main)
    mcu_init                                 0x08001529   Thumb Code    30  intermediate_layer.o(.text.mcu_init)
    sendchar                                 0x08001549   Thumb Code    20  intermediate_uart.o(.text.sendchar)
    task_list_init                           0x0800155d   Thumb Code    28  task_list.o(.text.task_list_init)
    task_manager_init                        0x08001579   Thumb Code    14  task_manager.o(.text.task_manager_init)
    test                                     0x08001587   Thumb Code     6  main.o(.text.test)
    timer_irq_callback                       0x0800158d   Thumb Code    20  intermediate_time.o(.text.timer_irq_callback)
    timer_list_empty                         0x080016f5   Thumb Code    20  timer_list.o(.text.timer_list_empty)
    timer_list_init                          0x08001705   Thumb Code    44  timer_list.o(.text.timer_list_init)
    timer_list_print                         0x0800172d   Thumb Code   188  timer_list.o(.text.timer_list_print)
    timer_list_push                          0x080017e9   Thumb Code    92  timer_list.o(.text.timer_list_push)
    timer_list_scan                          0x08001845   Thumb Code   236  timer_list.o(.text.timer_list_scan)
    __0printf$8                              0x08001931   Thumb Code    22  printf8.o(i.__0printf$8)
    __1printf$8                              0x08001931   Thumb Code     0  printf8.o(i.__0printf$8)
    __2printf                                0x08001931   Thumb Code     0  printf8.o(i.__0printf$8)
    __scatterload_copy                       0x08001951   Thumb Code    14  handlers.o(i.__scatterload_copy)
    __scatterload_null                       0x0800195f   Thumb Code     2  handlers.o(i.__scatterload_null)
    __scatterload_zeroinit                   0x08001961   Thumb Code    14  handlers.o(i.__scatterload_zeroinit)
    putchar                                  0x08001dd5   Thumb Code     6  putchar.o(i.putchar)
    puts                                     0x08001de1   Thumb Code    30  puts.o(i.puts)
    AHBPrescTable                            0x08001e04   Data          16  system_stm32f1xx.o(.rodata.AHBPrescTable)
    APBPrescTable                            0x08001e14   Data           8  system_stm32f1xx.o(.rodata.APBPrescTable)
    led_pin_map                              0x08001e1c   Data           8  intermediate_led.o(.rodata.led_pin_map)
    led_port_map                             0x08001e24   Data           8  intermediate_led.o(.rodata.led_port_map)
    led_state_map                            0x08001e2c   Data           8  intermediate_led.o(.rodata.led_state_map)
    Region$$Table$$Base                      0x08001e64   Number         0  anon$$obj.o(Region$$Table)
    Region$$Table$$Limit                     0x08001e84   Number         0  anon$$obj.o(Region$$Table)
    uwTickFreq                               0x20000004   Data           1  stm32f1xx_hal.o(.data..L_MergedGlobals)
    uwTickPrio                               0x20000008   Data           4  stm32f1xx_hal.o(.data..L_MergedGlobals)
    SystemCoreClock                          0x2000000c   Data           4  system_stm32f1xx.o(.data.SystemCoreClock)
    timer_ticks                              0x20000010   Data           2  intermediate_time.o(.bss..L_MergedGlobals)
    ticks                                    0x20000014   Data           4  intermediate_time.o(.bss..L_MergedGlobals)
    __stdout                                 0x20000018   Data          84  intermediate_uart.o(.bss.__stdout)
    htim6                                    0x2000006c   Data          64  mcu_init.o(.bss.htim6)
    huart1                                   0x200000ac   Data          64  mcu_init.o(.bss.huart1)
    huart2                                   0x200000ec   Data          64  mcu_init.o(.bss.huart2)
    uwTick                                   0x20000428   Data           4  stm32f1xx_hal.o(.bss.uwTick)
    __initial_sp                             0x20000830   Data           0  startup_stm32f103xe.o(STACK)



==============================================================================

Memory Map of the image

  Image Entry point : 0x08000131

  Load Region LR_IROM1 (Base: 0x08000000, Size: 0x00001e98, Max: 0x00080000, ABSOLUTE)

    Execution Region ER_IROM1 (Exec base: 0x08000000, Load base: 0x08000000, Size: 0x00001e84, Max: 0x00080000, ABSOLUTE)

    Exec Addr    Load Addr    Size         Type   Attr      Idx    E Section Name        Object

    0x08000000   0x08000000   0x00000130   Data   RO            3    RESET               startup_stm32f103xe.o
    0x08000130   0x08000130   0x00000000   Code   RO         1015  * .ARM.Collect$$$$00000000  mc_w.l(entry.o)
    0x08000130   0x08000130   0x00000004   Code   RO         1292    .ARM.Collect$$$$00000001  mc_w.l(entry2.o)
    0x08000134   0x08000134   0x00000004   Code   RO         1295    .ARM.Collect$$$$00000004  mc_w.l(entry5.o)
    0x08000138   0x08000138   0x00000000   Code   RO         1297    .ARM.Collect$$$$00000008  mc_w.l(entry7b.o)
    0x08000138   0x08000138   0x00000000   Code   RO         1299    .ARM.Collect$$$$0000000A  mc_w.l(entry8b.o)
    0x08000138   0x08000138   0x00000008   Code   RO         1300    .ARM.Collect$$$$0000000B  mc_w.l(entry9a.o)
    0x08000140   0x08000140   0x00000000   Code   RO         1302    .ARM.Collect$$$$0000000D  mc_w.l(entry10a.o)
    0x08000140   0x08000140   0x00000000   Code   RO         1304    .ARM.Collect$$$$0000000F  mc_w.l(entry11a.o)
    0x08000140   0x08000140   0x00000004   Code   RO         1293    .ARM.Collect$$$$00002712  mc_w.l(entry2.o)
    0x08000144   0x08000144   0x00000024   Code   RO            4    .text               startup_stm32f103xe.o
    0x08000168   0x08000168   0x00000020   Code   RO         1024    .text               mc_w.l(llushr.o)
    0x08000188   0x08000188   0x00000024   Code   RO         1026    .text               mc_w.l(rand.o)
    0x080001ac   0x080001ac   0x00000024   Code   RO         1029    .text               mc_w.l(memseta.o)
    0x080001d0   0x080001d0   0x00000062   Code   RO         1308    .text               mc_w.l(uldiv.o)
    0x08000232   0x08000232   0x00000002   PAD
    0x08000234   0x08000234   0x00000024   Code   RO         1321    .text               mc_w.l(init.o)
    0x08000258   0x08000258   0x0000001e   Code   RO         1323    .text               mc_w.l(llshl.o)
    0x08000276   0x08000276   0x00000002   PAD
    0x08000278   0x08000278   0x0000000c   Code   RO           79    .text.BusFault_Handler  stm32f1xx_it.o
    0x08000284   0x08000284   0x00000002   Code   RO           85    .text.DebugMon_Handler  stm32f1xx_it.o
    0x08000286   0x08000286   0x00000002   PAD
    0x08000288   0x08000288   0x000000f4   Code   RO          687    .text.HAL_DMA_Abort_IT  stm32f1xx_hal_dma.o
    0x0800037c   0x0800037c   0x000001a4   Code   RO          650    .text.HAL_GPIO_Init  stm32f1xx_hal_gpio.o
    0x08000520   0x08000520   0x0000000a   Code   RO          656    .text.HAL_GPIO_WritePin  stm32f1xx_hal_gpio.o
    0x0800052a   0x0800052a   0x00000002   PAD
    0x0800052c   0x0800052c   0x00000008   Code   RO          553    .text.HAL_GetTick   stm32f1xx_hal.o
    0x08000534   0x08000534   0x00000014   Code   RO          551    .text.HAL_IncTick   stm32f1xx_hal.o
    0x08000548   0x08000548   0x00000020   Code   RO          541    .text.HAL_Init      stm32f1xx_hal.o
    0x08000568   0x08000568   0x0000003c   Code   RO          543    .text.HAL_InitTick  stm32f1xx_hal.o
    0x080005a4   0x080005a4   0x00000044   Code   RO           27    .text.HAL_MspInit   stm32f1xx_hal_msp.o
    0x080005e8   0x080005e8   0x00000018   Code   RO          716    .text.HAL_NVIC_EnableIRQ  stm32f1xx_hal_cortex.o
    0x08000600   0x08000600   0x0000003c   Code   RO          712    .text.HAL_NVIC_SetPriority  stm32f1xx_hal_cortex.o
    0x0800063c   0x0800063c   0x00000020   Code   RO          710    .text.HAL_NVIC_SetPriorityGrouping  stm32f1xx_hal_cortex.o
    0x0800065c   0x0800065c   0x00000002   Code   RO          624    .text.HAL_RCC_CSSCallback  stm32f1xx_hal_rcc.o
    0x0800065e   0x0800065e   0x00000002   PAD
    0x08000660   0x08000660   0x00000158   Code   RO          602    .text.HAL_RCC_ClockConfig  stm32f1xx_hal_rcc.o
    0x080007b8   0x080007b8   0x0000000c   Code   RO          608    .text.HAL_RCC_EnableCSS  stm32f1xx_hal_rcc.o
    0x080007c4   0x080007c4   0x00000014   Code   RO          614    .text.HAL_RCC_GetPCLK1Freq  stm32f1xx_hal_rcc.o
    0x080007d8   0x080007d8   0x0000001c   Code   RO          616    .text.HAL_RCC_GetPCLK2Freq  stm32f1xx_hal_rcc.o
    0x080007f4   0x080007f4   0x00000058   Code   RO          604    .text.HAL_RCC_GetSysClockFreq  stm32f1xx_hal_rcc.o
    0x0800084c   0x0800084c   0x0000001c   Code   RO          622    .text.HAL_RCC_NMI_IRQHandler  stm32f1xx_hal_rcc.o
    0x08000868   0x08000868   0x000002fc   Code   RO          600    .text.HAL_RCC_OscConfig  stm32f1xx_hal_rcc.o
    0x08000b64   0x08000b64   0x00000028   Code   RO          724    .text.HAL_SYSTICK_Config  stm32f1xx_hal_cortex.o
    0x08000b8c   0x08000b8c   0x00000044   Code   RO          411    .text.HAL_TIMEx_MasterConfigSynchronization  stm32f1xx_hal_tim_ex.o
    0x08000bd0   0x08000bd0   0x00000034   Code   RO          134    .text.HAL_TIM_Base_Init  stm32f1xx_hal_tim.o
    0x08000c04   0x08000c04   0x0000003c   Code   RO           29    .text.HAL_TIM_Base_MspInit  stm32f1xx_hal_msp.o
    0x08000c40   0x08000c40   0x00000016   Code   RO          148    .text.HAL_TIM_Base_Start_IT  stm32f1xx_hal_tim.o
    0x08000c56   0x08000c56   0x00000002   Code   RO          508    .text.HAL_UART_ErrorCallback  stm32f1xx_hal_uart.o
    0x08000c58   0x08000c58   0x00000168   Code   RO          502    .text.HAL_UART_IRQHandler  stm32f1xx_hal_uart.o
    0x08000dc0   0x08000dc0   0x0000005c   Code   RO          428    .text.HAL_UART_Init  stm32f1xx_hal_uart.o
    0x08000e1c   0x08000e1c   0x000000e0   Code   RO           33    .text.HAL_UART_MspInit  stm32f1xx_hal_msp.o
    0x08000efc   0x08000efc   0x00000002   Code   RO          514    .text.HAL_UART_RxCpltCallback  stm32f1xx_hal_uart.o
    0x08000efe   0x08000efe   0x00000002   Code   RO          510    .text.HAL_UART_TxCpltCallback  stm32f1xx_hal_uart.o
    0x08000f00   0x08000f00   0x0000001c   Code   RO           75    .text.HardFault_Handler  stm32f1xx_it.o
    0x08000f1c   0x08000f1c   0x000000e4   Code   RO           58    .text.MX_GPIO_Init  mcu_init.o
    0x08001000   0x08001000   0x0000003c   Code   RO           52    .text.MX_TIM6_Init  mcu_init.o
    0x0800103c   0x0800103c   0x00000034   Code   RO           54    .text.MX_USART1_UART_Init  mcu_init.o
    0x08001070   0x08001070   0x00000034   Code   RO           56    .text.MX_USART2_UART_Init  mcu_init.o
    0x080010a4   0x080010a4   0x0000001c   Code   RO           77    .text.MemManage_Handler  stm32f1xx_it.o
    0x080010c0   0x080010c0   0x00000020   Code   RO           73    .text.NMI_Handler   stm32f1xx_it.o
    0x080010e0   0x080010e0   0x00000024   Code   RO          714    .text.NVIC_SetPriority  stm32f1xx_hal_cortex.o
    0x08001104   0x08001104   0x00000002   Code   RO           87    .text.PendSV_Handler  stm32f1xx_it.o
    0x08001106   0x08001106   0x00000002   Code   RO           83    .text.SVC_Handler   stm32f1xx_it.o
    0x08001108   0x08001108   0x00000004   Code   RO           89    .text.SysTick_Handler  stm32f1xx_it.o
    0x0800110c   0x0800110c   0x00000050   Code   RO           46    .text.SystemClock_Config  mcu_init.o
    0x0800115c   0x0800115c   0x0000004c   Code   RO           11    .text.SystemInit    system_stm32f1xx.o
    0x080011a8   0x080011a8   0x00000020   Code   RO           95    .text.TIM6_IRQHandler  stm32f1xx_it.o
    0x080011c8   0x080011c8   0x00000074   Code   RO          138    .text.TIM_Base_SetConfig  stm32f1xx_hal_tim.o
    0x0800123c   0x0800123c   0x0000000c   Code   RO          506    .text.UART_DMAAbortOnError  stm32f1xx_hal_uart.o
    0x08001248   0x08001248   0x0000001a   Code   RO          474    .text.UART_EndRxTransfer  stm32f1xx_hal_uart.o
    0x08001262   0x08001262   0x00000078   Code   RO          504    .text.UART_Receive_IT  stm32f1xx_hal_uart.o
    0x080012da   0x080012da   0x00000002   PAD
    0x080012dc   0x080012dc   0x000000e4   Code   RO          432    .text.UART_SetConfig  stm32f1xx_hal_uart.o
    0x080013c0   0x080013c0   0x0000000c   Code   RO           91    .text.USART1_IRQHandler  stm32f1xx_it.o
    0x080013cc   0x080013cc   0x00000018   Code   RO           93    .text.USART2_IRQHandler  stm32f1xx_it.o
    0x080013e4   0x080013e4   0x0000000c   Code   RO           81    .text.UsageFault_Handler  stm32f1xx_it.o
    0x080013f0   0x080013f0   0x00000004   Code   RO          884    .text.fputc         intermediate_uart.o
    0x080013f4   0x080013f4   0x00000008   Code   RO          917    .text.get_tick      intermediate_time.o
    0x080013fc   0x080013fc   0x00000008   Code   RO          919    .text.get_timer_tick  intermediate_time.o
    0x08001404   0x08001404   0x00000028   Code   RO          862    .text.led_control   intermediate_led.o
    0x0800142c   0x0800142c   0x00000008   Code   RO          866    .text.led_off       intermediate_led.o
    0x08001434   0x08001434   0x0000001c   Code   RO          868    .text.led_off_time  intermediate_led.o
    0x08001450   0x08001450   0x00000008   Code   RO          864    .text.led_on        intermediate_led.o
    0x08001458   0x08001458   0x0000003c   Code   RO          870    .text.led_test      intermediate_led.o
    0x08001494   0x08001494   0x00000094   Code   RO          947    .text.main          main.o
    0x08001528   0x08001528   0x0000001e   Code   RO          935    .text.mcu_init      intermediate_layer.o
    0x08001546   0x08001546   0x00000002   PAD
    0x08001548   0x08001548   0x00000014   Code   RO          886    .text.sendchar      intermediate_uart.o
    0x0800155c   0x0800155c   0x0000001c   Code   RO          970    .text.task_list_init  task_list.o
    0x08001578   0x08001578   0x0000000e   Code   RO          961    .text.task_manager_init  task_manager.o
    0x08001586   0x08001586   0x00000006   Code   RO          945    .text.test          main.o
    0x0800158c   0x0800158c   0x00000014   Code   RO          915    .text.timer_irq_callback  intermediate_time.o
    0x080015a0   0x080015a0   0x00000154   Code   RO          995    .text.timer_list_add  timer_list.o
    0x080016f4   0x080016f4   0x00000010   Code   RO         1003    .text.timer_list_empty  timer_list.o
    0x08001704   0x08001704   0x00000028   Code   RO          991    .text.timer_list_init  timer_list.o
    0x0800172c   0x0800172c   0x000000bc   Code   RO          997    .text.timer_list_print  timer_list.o
    0x080017e8   0x080017e8   0x0000005c   Code   RO          999    .text.timer_list_push  timer_list.o
    0x08001844   0x08001844   0x000000ec   Code   RO          993    .text.timer_list_scan  timer_list.o
    0x08001930   0x08001930   0x00000020   Code   RO         1238    i.__0printf$8       mc_w.l(printf8.o)
    0x08001950   0x08001950   0x0000000e   Code   RO         1331    i.__scatterload_copy  mc_w.l(handlers.o)
    0x0800195e   0x0800195e   0x00000002   Code   RO         1332    i.__scatterload_null  mc_w.l(handlers.o)
    0x08001960   0x08001960   0x0000000e   Code   RO         1333    i.__scatterload_zeroinit  mc_w.l(handlers.o)
    0x0800196e   0x0800196e   0x00000002   PAD
    0x08001970   0x08001970   0x00000410   Code   RO         1245    i._printf_core      mc_w.l(printf8.o)
    0x08001d80   0x08001d80   0x00000024   Code   RO         1246    i._printf_post_padding  mc_w.l(printf8.o)
    0x08001da4   0x08001da4   0x0000002e   Code   RO         1247    i._printf_pre_padding  mc_w.l(printf8.o)
    0x08001dd2   0x08001dd2   0x00000002   PAD
    0x08001dd4   0x08001dd4   0x0000000c   Code   RO         1020    i.putchar           mc_w.l(putchar.o)
    0x08001de0   0x08001de0   0x00000024   Code   RO         1018    i.puts              mc_w.l(puts.o)
    0x08001e04   0x08001e04   0x00000010   Data   RO           16    .rodata.AHBPrescTable  system_stm32f1xx.o
    0x08001e14   0x08001e14   0x00000008   Data   RO           17    .rodata.APBPrescTable  system_stm32f1xx.o
    0x08001e1c   0x08001e1c   0x00000008   Data   RO          873    .rodata.led_pin_map  intermediate_led.o
    0x08001e24   0x08001e24   0x00000008   Data   RO          872    .rodata.led_port_map  intermediate_led.o
    0x08001e2c   0x08001e2c   0x00000008   Data   RO          874    .rodata.led_state_map  intermediate_led.o
    0x08001e34   0x08001e34   0x00000014   Data   RO           97    .rodata.str1.1      stm32f1xx_it.o
    0x08001e48   0x08001e48   0x00000019   Data   RO         1006    .rodata.str1.1      timer_list.o
    0x08001e61   0x08001e61   0x00000003   PAD
    0x08001e64   0x08001e64   0x00000020   Data   RO         1330    Region$$Table       anon$$obj.o


    Execution Region RW_IRAM1 (Exec base: 0x20000000, Load base: 0x08001e88, Size: 0x00000830, Max: 0x00010000, ABSOLUTE)

    Exec Addr    Load Addr    Size         Type   Attr      Idx    E Section Name        Object

    0x20000000   0x08001e88   0x00000004   Data   RW         1027    .data               mc_w.l(rand.o)
    0x20000004   0x08001e8c   0x00000008   Data   RW          588    .data..L_MergedGlobals  stm32f1xx_hal.o
    0x2000000c   0x08001e94   0x00000004   Data   RW           15    .data.SystemCoreClock  system_stm32f1xx.o
    0x20000010        -       0x00000008   Zero   RW          923    .bss..L_MergedGlobals  intermediate_time.o
    0x20000018        -       0x00000054   Zero   RW          904    .bss.__stdout       intermediate_uart.o
    0x2000006c        -       0x00000040   Zero   RW           61    .bss.htim6          mcu_init.o
    0x200000ac        -       0x00000040   Zero   RW           62    .bss.huart1         mcu_init.o
    0x200000ec        -       0x00000040   Zero   RW           63    .bss.huart2         mcu_init.o
    0x2000012c        -       0x0000012c   Zero   RW          980    .bss.stTask         task_list.o
    0x20000258        -       0x000001d0   Zero   RW         1005    .bss.stTimer        timer_list.o
    0x20000428        -       0x00000004   Zero   RW          587    .bss.uwTick         stm32f1xx_hal.o
    0x2000042c   0x08001e98   0x00000004   PAD
    0x20000430        -       0x00000400   Zero   RW            1    STACK               startup_stm32f103xe.o


==============================================================================

Image component sizes


      Code (inc. data)   RO Data    RW Data    ZI Data      Debug   Object Name

        30          0          0          0          0        503   intermediate_layer.o
       144         32         24          0          0       2112   intermediate_led.o
        36          4          0          0          8       1227   intermediate_time.o
        24          4          0          0         84       2281   intermediate_uart.o
       154         32          0          0          0       1298   main.o
       472         28          0          0        192       6867   mcu_init.o
        36          8        304          0       1024        792   startup_stm32f103xe.o
       120          8          0          8          4       5912   stm32f1xx_hal.o
       192         28          0          0          0       8132   stm32f1xx_hal_cortex.o
       244         44          0          0          0       6891   stm32f1xx_hal_dma.o
       430         48          0          0          0       4410   stm32f1xx_hal_gpio.o
       352         16          0          0          0       7235   stm32f1xx_hal_msp.o
      1286         72          0          0          0       6880   stm32f1xx_hal_rcc.o
       190         20          0          0          0      33178   stm32f1xx_hal_tim.o
        68          0          0          0          0      13357   stm32f1xx_hal_tim_ex.o
       844         16          0          0          0      15508   stm32f1xx_hal_uart.o
       190         80         20          0          0       2300   stm32f1xx_it.o
        76         16         24          4          0       2119   system_stm32f1xx.o
        28          4          0          0        300       2405   task_list.o
        14          0          0          0          0        385   task_manager.o
       912        240         25          0        464       3380   timer_list.o

    ----------------------------------------------------------------------
      5852        700        432         12       2080     127172   Object Totals
         0          0         32          0          0          0   (incl. Generated)
        10          0          3          0          4          0   (incl. Padding)

    ----------------------------------------------------------------------

      Code (inc. data)   RO Data    RW Data    ZI Data      Debug   Library Member Name

         0          0          0          0          0          0   entry.o
         0          0          0          0          0          0   entry10a.o
         0          0          0          0          0          0   entry11a.o
         8          4          0          0          0          0   entry2.o
         4          0          0          0          0          0   entry5.o
         0          0          0          0          0          0   entry7b.o
         0          0          0          0          0          0   entry8b.o
         8          4          0          0          0          0   entry9a.o
        30          0          0          0          0          0   handlers.o
        36          8          0          0          0         68   init.o
        30          0          0          0          0         68   llshl.o
        32          0          0          0          0         68   llushr.o
        36          0          0          0          0        108   memseta.o
      1154         54          0          0          0        352   printf8.o
        12          6          0          0          0         68   putchar.o
        36          6          0          0          0         80   puts.o
        36         10          0          4          0        136   rand.o
        98          0          0          0          0         92   uldiv.o

    ----------------------------------------------------------------------
      1528         92          0          4          0       1040   Library Totals
         8          0          0          0          0          0   (incl. Padding)

    ----------------------------------------------------------------------

      Code (inc. data)   RO Data    RW Data    ZI Data      Debug   Library Name

      1520         92          0          4          0       1040   mc_w.l

    ----------------------------------------------------------------------
      1528         92          0          4          0       1040   Library Totals

    ----------------------------------------------------------------------

==============================================================================


      Code (inc. data)   RO Data    RW Data    ZI Data      Debug   

      7380        792        432         16       2080     127644   Grand Totals
      7380        792        432         16       2080     127644   ELF Image Totals
      7380        792        432         16          0          0   ROM Totals

==============================================================================

    Total RO  Size (Code + RO Data)                 7812 (   7.63kB)
    Total RW  Size (RW Data + ZI Data)              2096 (   2.05kB)
    Total ROM Size (Code + RO Data + RW Data)       7828 (   7.64kB)

==============================================================================

