Component: ARM Compiler 6.12 Tool: armlink [5d624300]

==============================================================================

Section Cross References

    startup_stm32f103xe.o(RESET) refers to startup_stm32f103xe.o(STACK) for __initial_sp
    startup_stm32f103xe.o(RESET) refers to startup_stm32f103xe.o(.text) for Reset_Handler
    startup_stm32f103xe.o(RESET) refers to stm32f1xx_it.o(.text.NMI_Handler) for NMI_Handler
    startup_stm32f103xe.o(RESET) refers to stm32f1xx_it.o(.text.HardFault_Handler) for HardFault_Handler
    startup_stm32f103xe.o(RESET) refers to stm32f1xx_it.o(.text.MemManage_Handler) for MemManage_Handler
    startup_stm32f103xe.o(RESET) refers to stm32f1xx_it.o(.text.BusFault_Handler) for BusFault_Handler
    startup_stm32f103xe.o(RESET) refers to stm32f1xx_it.o(.text.UsageFault_Handler) for UsageFault_Handler
    startup_stm32f103xe.o(RESET) refers to stm32f1xx_it.o(.text.SVC_Handler) for SVC_Handler
    startup_stm32f103xe.o(RESET) refers to stm32f1xx_it.o(.text.DebugMon_Handler) for DebugMon_Handler
    startup_stm32f103xe.o(RESET) refers to stm32f1xx_it.o(.text.PendSV_Handler) for PendSV_Handler
    startup_stm32f103xe.o(RESET) refers to stm32f1xx_it.o(.text.SysTick_Handler) for SysTick_Handler
    startup_stm32f103xe.o(RESET) refers to stm32f1xx_it.o(.text.USART1_IRQHandler) for USART1_IRQHandler
    startup_stm32f103xe.o(RESET) refers to stm32f1xx_it.o(.text.USART2_IRQHandler) for USART2_IRQHandler
    startup_stm32f103xe.o(RESET) refers to stm32f1xx_it.o(.text.TIM6_IRQHandler) for TIM6_IRQHandler
    startup_stm32f103xe.o(.text) refers to system_stm32f1xx.o(.text.SystemInit) for SystemInit
    startup_stm32f103xe.o(.text) refers to entry.o(.ARM.Collect$$$$00000000) for __main
    system_stm32f1xx.o(.ARM.exidx.text.SystemInit) refers to system_stm32f1xx.o(.text.SystemInit) for [Anonymous Symbol]
    system_stm32f1xx.o(.text.SystemCoreClockUpdate) refers to system_stm32f1xx.o(.data.SystemCoreClock) for SystemCoreClock
    system_stm32f1xx.o(.text.SystemCoreClockUpdate) refers to system_stm32f1xx.o(.rodata.AHBPrescTable) for AHBPrescTable
    system_stm32f1xx.o(.ARM.exidx.text.SystemCoreClockUpdate) refers to system_stm32f1xx.o(.text.SystemCoreClockUpdate) for [Anonymous Symbol]
    stm32f1xx_hal_msp.o(.text.HAL_MspInit) refers to stm32f1xx_hal_cortex.o(.text.HAL_NVIC_SetPriorityGrouping) for HAL_NVIC_SetPriorityGrouping
    stm32f1xx_hal_msp.o(.ARM.exidx.text.HAL_MspInit) refers to stm32f1xx_hal_msp.o(.text.HAL_MspInit) for [Anonymous Symbol]
    stm32f1xx_hal_msp.o(.text.HAL_TIM_Base_MspInit) refers to stm32f1xx_hal_cortex.o(.text.HAL_NVIC_SetPriority) for HAL_NVIC_SetPriority
    stm32f1xx_hal_msp.o(.text.HAL_TIM_Base_MspInit) refers to stm32f1xx_hal_cortex.o(.text.HAL_NVIC_EnableIRQ) for HAL_NVIC_EnableIRQ
    stm32f1xx_hal_msp.o(.ARM.exidx.text.HAL_TIM_Base_MspInit) refers to stm32f1xx_hal_msp.o(.text.HAL_TIM_Base_MspInit) for [Anonymous Symbol]
    stm32f1xx_hal_msp.o(.text.HAL_TIM_Base_MspDeInit) refers to stm32f1xx_hal_cortex.o(.text.HAL_NVIC_DisableIRQ) for HAL_NVIC_DisableIRQ
    stm32f1xx_hal_msp.o(.ARM.exidx.text.HAL_TIM_Base_MspDeInit) refers to stm32f1xx_hal_msp.o(.text.HAL_TIM_Base_MspDeInit) for [Anonymous Symbol]
    stm32f1xx_hal_msp.o(.text.HAL_UART_MspInit) refers to stm32f1xx_hal_gpio.o(.text.HAL_GPIO_Init) for HAL_GPIO_Init
    stm32f1xx_hal_msp.o(.text.HAL_UART_MspInit) refers to stm32f1xx_hal_cortex.o(.text.HAL_NVIC_SetPriority) for HAL_NVIC_SetPriority
    stm32f1xx_hal_msp.o(.text.HAL_UART_MspInit) refers to stm32f1xx_hal_cortex.o(.text.HAL_NVIC_EnableIRQ) for HAL_NVIC_EnableIRQ
    stm32f1xx_hal_msp.o(.ARM.exidx.text.HAL_UART_MspInit) refers to stm32f1xx_hal_msp.o(.text.HAL_UART_MspInit) for [Anonymous Symbol]
    stm32f1xx_hal_msp.o(.text.HAL_UART_MspDeInit) refers to stm32f1xx_hal_gpio.o(.text.HAL_GPIO_DeInit) for HAL_GPIO_DeInit
    stm32f1xx_hal_msp.o(.text.HAL_UART_MspDeInit) refers to stm32f1xx_hal_cortex.o(.text.HAL_NVIC_DisableIRQ) for HAL_NVIC_DisableIRQ
    stm32f1xx_hal_msp.o(.ARM.exidx.text.HAL_UART_MspDeInit) refers to stm32f1xx_hal_msp.o(.text.HAL_UART_MspDeInit) for [Anonymous Symbol]
    mcu_init.o(.text.SystemClock_Config) refers to stm32f1xx_hal_rcc.o(.text.HAL_RCC_OscConfig) for HAL_RCC_OscConfig
    mcu_init.o(.text.SystemClock_Config) refers to stm32f1xx_hal_rcc.o(.text.HAL_RCC_ClockConfig) for HAL_RCC_ClockConfig
    mcu_init.o(.text.SystemClock_Config) refers to stm32f1xx_hal_rcc.o(.text.HAL_RCC_EnableCSS) for HAL_RCC_EnableCSS
    mcu_init.o(.ARM.exidx.text.SystemClock_Config) refers to mcu_init.o(.text.SystemClock_Config) for [Anonymous Symbol]
    mcu_init.o(.ARM.exidx.text.Error_Handler) refers to mcu_init.o(.text.Error_Handler) for [Anonymous Symbol]
    mcu_init.o(.text.MX_IWDG_Init) refers to stm32f1xx_hal_iwdg.o(.text.HAL_IWDG_Init) for HAL_IWDG_Init
    mcu_init.o(.text.MX_IWDG_Init) refers to stm32f1xx_hal_iwdg.o(.text.HAL_IWDG_Refresh) for HAL_IWDG_Refresh
[...]
    Removing stm32f1xx_hal_pwr.o(.text.HAL_PWR_EnableSleepOnExit), (16 bytes).
    Removing stm32f1xx_hal_pwr.o(.ARM.exidx.text.HAL_PWR_EnableSleepOnExit), (8 bytes).
    Removing stm32f1xx_hal_pwr.o(.text.HAL_PWR_DisableSleepOnExit), (16 bytes).
    Removing stm32f1xx_hal_pwr.o(.ARM.exidx.text.HAL_PWR_DisableSleepOnExit), (8 bytes).
    Removing stm32f1xx_hal_pwr.o(.text.HAL_PWR_EnableSEVOnPend), (16 bytes).
    Removing stm32f1xx_hal_pwr.o(.ARM.exidx.text.HAL_PWR_EnableSEVOnPend), (8 bytes).
    Removing stm32f1xx_hal_pwr.o(.text.HAL_PWR_DisableSEVOnPend), (16 bytes).
    Removing stm32f1xx_hal_pwr.o(.ARM.exidx.text.HAL_PWR_DisableSEVOnPend), (8 bytes).
    Removing stm32f1xx_hal_pwr.o(.text.HAL_PWR_PVD_IRQHandler), (28 bytes).
    Removing stm32f1xx_hal_pwr.o(.ARM.exidx.text.HAL_PWR_PVD_IRQHandler), (8 bytes).
    Removing stm32f1xx_hal_pwr.o(.text.HAL_PWR_PVDCallback), (2 bytes).
    Removing stm32f1xx_hal_pwr.o(.ARM.exidx.text.HAL_PWR_PVDCallback), (8 bytes).
    Removing stm32f1xx_hal_flash.o(.text), (0 bytes).
    Removing stm32f1xx_hal_flash.o(.text.HAL_FLASH_Program), (148 bytes).
    Removing stm32f1xx_hal_flash.o(.ARM.exidx.text.HAL_FLASH_Program), (8 bytes).
    Removing stm32f1xx_hal_flash.o(.text.FLASH_WaitForLastOperation), (88 bytes).
    Removing stm32f1xx_hal_flash.o(.ARM.exidx.text.FLASH_WaitForLastOperation), (8 bytes).
    Removing stm32f1xx_hal_flash.o(.text.HAL_FLASH_Program_IT), (100 bytes).
    Removing stm32f1xx_hal_flash.o(.ARM.exidx.text.HAL_FLASH_Program_IT), (8 bytes).
    Removing stm32f1xx_hal_flash.o(.text.HAL_FLASH_IRQHandler), (296 bytes).
    Removing stm32f1xx_hal_flash.o(.ARM.exidx.text.HAL_FLASH_IRQHandler), (8 bytes).
    Removing stm32f1xx_hal_flash.o(.text.FLASH_SetErrorCode), (80 bytes).
    Removing stm32f1xx_hal_flash.o(.ARM.exidx.text.FLASH_SetErrorCode), (8 bytes).
    Removing stm32f1xx_hal_flash.o(.text.HAL_FLASH_OperationErrorCallback), (2 bytes).
    Removing stm32f1xx_hal_flash.o(.ARM.exidx.text.HAL_FLASH_OperationErrorCallback), (8 bytes).
    Removing stm32f1xx_hal_flash.o(.text.HAL_FLASH_EndOfOperationCallback), (2 bytes).
    Removing stm32f1xx_hal_flash.o(.ARM.exidx.text.HAL_FLASH_EndOfOperationCallback), (8 bytes).
    Removing stm32f1xx_hal_flash.o(.text.HAL_FLASH_Unlock), (40 bytes).
    Removing stm32f1xx_hal_flash.o(.ARM.exidx.text.HAL_FLASH_Unlock), (8 bytes).
    Removing stm32f1xx_hal_flash.o(.text.HAL_FLASH_Lock), (20 bytes).
    Removing stm32f1xx_hal_flash.o(.ARM.exidx.text.HAL_FLASH_Lock), (8 bytes).
    Removing stm32f1xx_hal_flash.o(.text.HAL_FLASH_OB_Unlock), (36 bytes).
    Removing stm32f1xx_hal_flash.o(.ARM.exidx.text.HAL_FLASH_OB_Unlock), (8 bytes).
    Removing stm32f1xx_hal_flash.o(.text.HAL_FLASH_OB_Lock), (20 bytes).
    Removing stm32f1xx_hal_flash.o(.ARM.exidx.text.HAL_FLASH_OB_Lock), (8 bytes).
    Removing stm32f1xx_hal_flash.o(.text.HAL_FLASH_OB_Launch), (4 bytes).
    Removing stm32f1xx_hal_flash.o(.ARM.exidx.text.HAL_FLASH_OB_Launch), (8 bytes).
    Removing stm32f1xx_hal_flash.o(.text.HAL_FLASH_GetError), (12 bytes).
    Removing stm32f1xx_hal_flash.o(.ARM.exidx.text.HAL_FLASH_GetError), (8 bytes).
    Removing stm32f1xx_hal_flash.o(.bss.pFlash), (32 bytes).
    Removing stm32f1xx_hal_flash_ex.o(.text), (0 bytes).
    Removing stm32f1xx_hal_flash_ex.o(.text.HAL_FLASHEx_Erase), (160 bytes).
    Removing stm32f1xx_hal_flash_ex.o(.ARM.exidx.text.HAL_FLASHEx_Erase), (8 bytes).
    Removing stm32f1xx_hal_flash_ex.o(.text.FLASH_MassErase), (36 bytes).
    Removing stm32f1xx_hal_flash_ex.o(.ARM.exidx.text.FLASH_MassErase), (8 bytes).
    Removing stm32f1xx_hal_flash_ex.o(.text.FLASH_PageErase), (36 bytes).
    Removing stm32f1xx_hal_flash_ex.o(.ARM.exidx.text.FLASH_PageErase), (8 bytes).
    Removing stm32f1xx_hal_flash_ex.o(.text.HAL_FLASHEx_Erase_IT), (80 bytes).
    Removing stm32f1xx_hal_flash_ex.o(.ARM.exidx.text.HAL_FLASHEx_Erase_IT), (8 bytes).
    Removing stm32f1xx_hal_flash_ex.o(.text.HAL_FLASHEx_OBErase), (88 bytes).
    Removing stm32f1xx_hal_flash_ex.o(.ARM.exidx.text.HAL_FLASHEx_OBErase), (8 bytes).
    Removing stm32f1xx_hal_flash_ex.o(.text.FLASH_OB_RDP_LevelConfig), (104 bytes).
    Removing stm32f1xx_hal_flash_ex.o(.ARM.exidx.text.FLASH_OB_RDP_LevelConfig), (8 bytes).
    Removing stm32f1xx_hal_flash_ex.o(.text.HAL_FLASHEx_OBProgram), (552 bytes).
    Removing stm32f1xx_hal_flash_ex.o(.ARM.exidx.text.HAL_FLASHEx_OBProgram), (8 bytes).
    Removing stm32f1xx_hal_flash_ex.o(.text.HAL_FLASHEx_OBGetConfig), (40 bytes).
    Removing stm32f1xx_hal_flash_ex.o(.ARM.exidx.text.HAL_FLASHEx_OBGetConfig), (8 bytes).
    Removing stm32f1xx_hal_flash_ex.o(.text.HAL_FLASHEx_OBGetUserData), (28 bytes).
    Removing stm32f1xx_hal_flash_ex.o(.ARM.exidx.text.HAL_FLASHEx_OBGetUserData), (8 bytes).
    Removing intermediate_key.o(.text), (0 bytes).
    Removing intermediate_led.o(.text), (0 bytes).
    Removing intermediate_led.o(.ARM.exidx.text.led_control), (8 bytes).
    Removing intermediate_led.o(.text.led_on), (8 bytes).
    Removing intermediate_led.o(.ARM.exidx.text.led_on), (8 bytes).
    Removing intermediate_led.o(.text.led_off), (8 bytes).
    Removing intermediate_led.o(.ARM.exidx.text.led_off), (8 bytes).
    Removing intermediate_led.o(.text.led_off_time), (32 bytes).
    Removing intermediate_led.o(.ARM.exidx.text.led_off_time), (8 bytes).
    Removing intermediate_led.o(.text.led_test), (108 bytes).
    Removing intermediate_led.o(.ARM.exidx.text.led_test), (8 bytes).
    Removing intermediate_time.o(.text), (0 bytes).
    Removing intermediate_time.o(.ARM.exidx.text.timer_irq_callback), (8 bytes).
    Removing intermediate_time.o(.ARM.exidx.text.get_tick), (8 bytes).
    Removing intermediate_time.o(.ARM.exidx.text.get_timer_tick), (8 bytes).
    Removing intermediate_time.o(.text.delay_ms), (20 bytes).
    Removing intermediate_time.o(.ARM.exidx.text.delay_ms), (8 bytes).
    Removing intermediate_uart.o(.text), (0 bytes).
    Removing intermediate_uart.o(.ARM.exidx.text.fputc), (8 bytes).
    Removing intermediate_uart.o(.ARM.exidx.text.sendchar), (8 bytes).
    Removing intermediate_uart.o(.text.fgetc), (6 bytes).
    Removing intermediate_uart.o(.ARM.exidx.text.fgetc), (8 bytes).
    Removing intermediate_uart.o(.text.getkey), (4 bytes).
    Removing intermediate_uart.o(.ARM.exidx.text.getkey), (8 bytes).
    Removing intermediate_uart.o(.text.ferror), (6 bytes).
    Removing intermediate_uart.o(.ARM.exidx.text.ferror), (8 bytes).
    Removing intermediate_uart.o(.text._ttywrch), (4 bytes).
    Removing intermediate_uart.o(.ARM.exidx.text._ttywrch), (8 bytes).
    Removing intermediate_uart.o(.text._sys_exit), (2 bytes).
    Removing intermediate_uart.o(.ARM.exidx.text._sys_exit), (8 bytes).
    Removing intermediate_uart.o(.ARM.exidx.text.uart1_irq_callback), (8 bytes).
    Removing intermediate_uart.o(.text.serial2_put_char), (16 bytes).
    Removing intermediate_uart.o(.ARM.exidx.text.serial2_put_char), (8 bytes).
    Removing intermediate_uart.o(.ARM.exidx.text.serial1_put_char), (8 bytes).
    Removing intermediate_uart.o(.text.uart2_irq_callback), (16 bytes).
    Removing intermediate_uart.o(.ARM.exidx.text.uart2_irq_callback), (8 bytes).
    Removing intermediate_uart.o(.text.de_queue), (48 bytes).
    Removing intermediate_uart.o(.ARM.exidx.text.de_queue), (8 bytes).
    Removing intermediate_uart.o(.bss.stUart), (82 bytes).
    Removing intermediate_uart.o(.bss.__stdin), (84 bytes).
    Removing intermediate_layer.o(.text), (0 bytes).
    Removing intermediate_layer.o(.text.iwdg_refresh), (12 bytes).
    Removing intermediate_layer.o(.ARM.exidx.text.iwdg_refresh), (8 bytes).
    Removing intermediate_layer.o(.ARM.exidx.text.mcu_init), (8 bytes).
    Removing main.o(.text), (0 bytes).
    Removing main.o(.ARM.exidx.text.main), (8 bytes).
    Removing main.o(.ARM.use_no_argv), (4 bytes).
    Removing app_layer.o(.text), (0 bytes).
    Removing debug.o(.text), (0 bytes).
    Removing debug.o(.ARM.exidx.text.test), (8 bytes).
    Removing debug.o(.ARM.exidx.text.timer_test), (8 bytes).
    Removing debug.o(.ARM.exidx.text.task_test), (8 bytes).
    Removing debug.o(.text.task_print1), (32 bytes).
    Removing debug.o(.ARM.exidx.text.task_print1), (8 bytes).
    Removing debug.o(.text.task_print2), (32 bytes).
    Removing debug.o(.ARM.exidx.text.task_print2), (8 bytes).
    Removing debug.o(.text.add_task1), (32 bytes).
    Removing debug.o(.ARM.exidx.text.add_task1), (8 bytes).
    Removing debug.o(.text.add_task2), (64 bytes).
    Removing debug.o(.ARM.exidx.text.add_task2), (8 bytes).
    Removing task_manager.o(.text), (0 bytes).
    Removing task_manager.o(.ARM.exidx.text.manager_init), (8 bytes).
    Removing task_manager.o(.ARM.exidx.text.manager_enque_isr), (8 bytes).
    Removing task_manager.o(.ARM.exidx.text.manager_scan), (8 bytes).
    Removing task_manager.o(.ARM.exidx.text.task_enter_critical), (8 bytes).
    Removing task_manager.o(.ARM.exidx.text.task_exit_critical), (8 bytes).
    Removing task_list.o(.text), (0 bytes).
    Removing task_list.o(.ARM.exidx.text.task_list_init), (8 bytes).
    Removing task_list.o(.ARM.exidx.text.task_list_pop), (8 bytes).
    Removing task_list.o(.ARM.exidx.text.task_list_push), (8 bytes).
    Removing task_list.o(.text.task_list_delete), (108 bytes).
    Removing task_list.o(.ARM.exidx.text.task_list_delete), (8 bytes).
    Removing task_list.o(.ARM.exidx.text.task_list_print), (8 bytes).
    Removing timer_list.o(.text), (0 bytes).
    Removing timer_list.o(.ARM.exidx.text.timer_list_init), (8 bytes).
    Removing timer_list.o(.ARM.exidx.text.timer_list_pop), (8 bytes).
    Removing timer_list.o(.ARM.exidx.text.timer_list_add), (8 bytes).
    Removing timer_list.o(.ARM.exidx.text.timer_list_print), (8 bytes).
    Removing timer_list.o(.ARM.exidx.text.timer_list_push), (8 bytes).
    Removing timer_list.o(.ARM.exidx.text.timer_list_delete), (8 bytes).
    Removing timer_list.o(.ARM.exidx.text.timer_list_empty), (8 bytes).
    Removing terminal.o(.text), (0 bytes).
    Removing terminal.o(.ARM.exidx.text.terminal_init), (8 bytes).
    Removing terminal.o(.ARM.exidx.text.output_string), (8 bytes).
    Removing terminal.o(.ARM.exidx.text.terminal_input_predeal), (8 bytes).
    Removing terminal.o(.ARM.exidx.text.terminal_handler), (8 bytes).
    Removing terminal.o(.ARM.exidx.text.recv_semantic_analysis), (8 bytes).
    Removing terminal.o(.ARM.exidx.text.separate_string), (8 bytes).
    Removing dadd.o(.text), (334 bytes).
    Removing dmul.o(.text), (228 bytes).
    Removing ddiv.o(.text), (222 bytes).
    Removing dfixul.o(.text), (48 bytes).
    Removing cdrcmple.o(.text), (48 bytes).
    Removing depilogue.o(.text), (186 bytes).

747 unused section(s) (total 26212 bytes) removed from the image.

==============================================================================

Image Symbol Table

    Local Symbols

    Symbol Name                              Value     Ov Type        Size  Object(Section)

    ../clib/microlib/division.c              0x00000000   Number         0  uidiv.o ABSOLUTE
    ../clib/microlib/division.c              0x00000000   Number         0  uldiv.o ABSOLUTE
    ../clib/microlib/init/entry.s            0x00000000   Number         0  entry.o ABSOLUTE
    ../clib/microlib/init/entry.s            0x00000000   Number         0  entry2.o ABSOLUTE
    ../clib/microlib/init/entry.s            0x00000000   Number         0  entry5.o ABSOLUTE
    ../clib/microlib/init/entry.s            0x00000000   Number         0  entry7a.o ABSOLUTE
    ../clib/microlib/init/entry.s            0x00000000   Number         0  entry7b.o ABSOLUTE
    ../clib/microlib/init/entry.s            0x00000000   Number         0  entry8a.o ABSOLUTE
    ../clib/microlib/init/entry.s            0x00000000   Number         0  entry8b.o ABSOLUTE
    ../clib/microlib/init/entry.s            0x00000000   Number         0  entry9a.o ABSOLUTE
    ../clib/microlib/init/entry.s            0x00000000   Number         0  entry9b.o ABSOLUTE
    ../clib/microlib/init/entry.s            0x00000000   Number         0  entry10a.o ABSOLUTE
    ../clib/microlib/init/entry.s            0x00000000   Number         0  entry10b.o ABSOLUTE
    ../clib/microlib/init/entry.s            0x00000000   Number         0  entry11a.o ABSOLUTE
    ../clib/microlib/init/entry.s            0x00000000   Number         0  entry11b.o ABSOLUTE
    ../clib/microlib/longlong.c              0x00000000   Number         0  llushr.o ABSOLUTE
    ../clib/microlib/longlong.c              0x00000000   Number         0  llshl.o ABSOLUTE
    ../clib/microlib/longlong.c              0x00000000   Number         0  llsshr.o ABSOLUTE
    ../clib/microlib/printf/printf.c         0x00000000   Number         0  printfb.o ABSOLUTE
    ../clib/microlib/printf/printf.c         0x00000000   Number         0  printf0.o ABSOLUTE
    ../clib/microlib/printf/printf.c         0x00000000   Number         0  printf1.o ABSOLUTE
    ../clib/microlib/printf/printf.c         0x00000000   Number         0  printf2.o ABSOLUTE
    ../clib/microlib/printf/printf.c         0x00000000   Number         0  printf3.o ABSOLUTE
    ../clib/microlib/printf/printf.c         0x00000000   Number         0  printf4.o ABSOLUTE
    ../clib/microlib/printf/printf.c         0x00000000   Number         0  printf5.o ABSOLUTE
    ../clib/microlib/printf/printf.c         0x00000000   Number         0  printf6.o ABSOLUTE
    ../clib/microlib/printf/printf.c         0x00000000   Number         0  printf7.o ABSOLUTE
    ../clib/microlib/printf/printf.c         0x00000000   Number         0  printf8.o ABSOLUTE
    ../clib/microlib/printf/printf.c         0x00000000   Number         0  printfa.o ABSOLUTE
    ../clib/microlib/printf/stubs.s          0x00000000   Number         0  stubs.o ABSOLUTE
    ../clib/microlib/stdio/putchar.c         0x00000000   Number         0  putchar.o ABSOLUTE
    ../clib/microlib/stdio/puts.c            0x00000000   Number         0  puts.o ABSOLUTE
    ../clib/microlib/stdio/puts.c            0x00000000   Number         0  puts_e.o ABSOLUTE
    ../clib/microlib/stdlib/rand.c           0x00000000   Number         0  rand.o ABSOLUTE
    ../clib/microlib/string/memset.c         0x00000000   Number         0  memseta.o ABSOLUTE
    ../clib/microlib/string/strlen.c         0x00000000   Number         0  strlen.o ABSOLUTE
    ../clib/microlib/string/strncmp.c        0x00000000   Number         0  strncmp.o ABSOLUTE
    ../clib/microlib/string/strncpy.c        0x00000000   Number         0  strncpy.o ABSOLUTE
    ../clib/microlib/stubs.s                 0x00000000   Number         0  useno.o ABSOLUTE
    ../clib/microlib/stubs.s                 0x00000000   Number         0  iusefp.o ABSOLUTE
    ../fplib/microlib/fpadd.c                0x00000000   Number         0  dadd.o ABSOLUTE
    ../fplib/microlib/fpdiv.c                0x00000000   Number         0  ddiv.o ABSOLUTE
    ../fplib/microlib/fpepilogue.c           0x00000000   Number         0  depilogue.o ABSOLUTE
    ../fplib/microlib/fpfix.c                0x00000000   Number         0  dfixul.o ABSOLUTE
    ../fplib/microlib/fpmul.c                0x00000000   Number         0  dmul.o ABSOLUTE
    app_layer.c                              0x00000000   Number         0  app_layer.o ABSOLUTE
    cdrcmple.s                               0x00000000   Number         0  cdrcmple.o ABSOLUTE
    dc.s                                     0x00000000   Number         0  dc.o ABSOLUTE
    debug.c                                  0x00000000   Number         0  debug.o ABSOLUTE
    handlers.s                               0x00000000   Number         0  handlers.o ABSOLUTE
    init.s                                   0x00000000   Number         0  init.o ABSOLUTE
    intermediate_key.c                       0x00000000   Number         0  intermediate_key.o ABSOLUTE
    intermediate_layer.c                     0x00000000   Number         0  intermediate_layer.o ABSOLUTE
    intermediate_led.c                       0x00000000   Number         0  intermediate_led.o ABSOLUTE
    intermediate_time.c                      0x00000000   Number         0  intermediate_time.o ABSOLUTE
    intermediate_uart.c                      0x00000000   Number         0  intermediate_uart.o ABSOLUTE
    main.c                                   0x00000000   Number         0  main.o ABSOLUTE
    mcu_init.c                               0x00000000   Number         0  mcu_init.o ABSOLUTE
    startup_stm32f103xe.s                    0x00000000   Number         0  startup_stm32f103xe.o ABSOLUTE
    stm32f1xx_hal.c                          0x00000000   Number         0  stm32f1xx_hal.o ABSOLUTE
    stm32f1xx_hal_cortex.c                   0x00000000   Number         0  stm32f1xx_hal_cortex.o ABSOLUTE
    stm32f1xx_hal_dma.c                      0x00000000   Number         0  stm32f1xx_hal_dma.o ABSOLUTE
    stm32f1xx_hal_flash.c                    0x00000000   Number         0  stm32f1xx_hal_flash.o ABSOLUTE
    stm32f1xx_hal_flash_ex.c                 0x00000000   Number         0  stm32f1xx_hal_flash_ex.o ABSOLUTE
    stm32f1xx_hal_gpio.c                     0x00000000   Number         0  stm32f1xx_hal_gpio.o ABSOLUTE
    stm32f1xx_hal_gpio_ex.c                  0x00000000   Number         0  stm32f1xx_hal_gpio_ex.o ABSOLUTE
    stm32f1xx_hal_iwdg.c                     0x00000000   Number         0  stm32f1xx_hal_iwdg.o ABSOLUTE
    stm32f1xx_hal_msp.c                      0x00000000   Number         0  stm32f1xx_hal_msp.o ABSOLUTE
    stm32f1xx_hal_pwr.c                      0x00000000   Number         0  stm32f1xx_hal_pwr.o ABSOLUTE
    stm32f1xx_hal_rcc.c                      0x00000000   Number         0  stm32f1xx_hal_rcc.o ABSOLUTE
    stm32f1xx_hal_rcc_ex.c                   0x00000000   Number         0  stm32f1xx_hal_rcc_ex.o ABSOLUTE
    stm32f1xx_hal_tim.c                      0x00000000   Number         0  stm32f1xx_hal_tim.o ABSOLUTE
    stm32f1xx_hal_tim_ex.c                   0x00000000   Number         0  stm32f1xx_hal_tim_ex.o ABSOLUTE
    stm32f1xx_hal_uart.c                     0x00000000   Number         0  stm32f1xx_hal_uart.o ABSOLUTE
    stm32f1xx_it.c                           0x00000000   Number         0  stm32f1xx_it.o ABSOLUTE
    system_stm32f1xx.c                       0x00000000   Number         0  system_stm32f1xx.o ABSOLUTE
    task_list.c                              0x00000000   Number         0  task_list.o ABSOLUTE
    task_manager.c                           0x00000000   Number         0  task_manager.o ABSOLUTE
    terminal.c                               0x00000000   Number         0  terminal.o ABSOLUTE
    timer_list.c                             0x00000000   Number         0  timer_list.o ABSOLUTE
    RESET                                    0x08000000   Section      304  startup_stm32f103xe.o(RESET)
    .ARM.Collect$$$$00000000                 0x08000130   Section        0  entry.o(.ARM.Collect$$$$00000000)
    .ARM.Collect$$$$00000001                 0x08000130   Section        4  entry2.o(.ARM.Collect$$$$00000001)
    .ARM.Collect$$$$00000004                 0x08000134   Section        4  entry5.o(.ARM.Collect$$$$00000004)
    .ARM.Collect$$$$00000008                 0x08000138   Section        0  entry7b.o(.ARM.Collect$$$$00000008)
    .ARM.Collect$$$$0000000A                 0x08000138   Section        0  entry8b.o(.ARM.Collect$$$$0000000A)
    .ARM.Collect$$$$0000000B                 0x08000138   Section        8  entry9a.o(.ARM.Collect$$$$0000000B)
    __lit__00000000                          0x08000140   Data           4  entry2.o(.ARM.Collect$$$$00002712)
    .ARM.Collect$$$$0000000D                 0x08000140   Section        0  entry10a.o(.ARM.Collect$$$$0000000D)
    .ARM.Collect$$$$0000000F                 0x08000140   Section        0  entry11a.o(.ARM.Collect$$$$0000000F)
    .ARM.Collect$$$$00002712                 0x08000140   Section        4  entry2.o(.ARM.Collect$$$$00002712)
    .text                                    0x08000144   Section       36  startup_stm32f103xe.o(.text)
    .text                                    0x08000168   Section        0  llushr.o(.text)
    .text                                    0x08000188   Section        0  rand.o(.text)
    .text                                    0x080001ac   Section        0  memseta.o(.text)
    .text                                    0x080001d0   Section        0  strncpy.o(.text)
    .text                                    0x080001e8   Section        0  strlen.o(.text)
    .text                                    0x080001f6   Section        0  strncmp.o(.text)
    .text                                    0x08000214   Section        0  uldiv.o(.text)
    .text                                    0x08000278   Section       36  init.o(.text)
    .text                                    0x0800029c   Section        0  llshl.o(.text)
    [Anonymous Symbol]                       0x080002bc   Section        0  stm32f1xx_it.o(.text.BusFault_Handler)
    __arm_cp.3_0                             0x080002c4   Number         4  stm32f1xx_it.o(.text.BusFault_Handler)
    [Anonymous Symbol]                       0x080002c8   Section        0  stm32f1xx_it.o(.text.DebugMon_Handler)
    [Anonymous Symbol]                       0x080002cc   Section        0  stm32f1xx_hal_gpio.o(.text.HAL_GPIO_Init)
    __arm_cp.0_0                             0x08000444   Number         4  stm32f1xx_hal_gpio.o(.text.HAL_GPIO_Init)
    __arm_cp.0_1                             0x08000448   Number         4  stm32f1xx_hal_gpio.o(.text.HAL_GPIO_Init)
    __arm_cp.0_2                             0x0800044c   Number         4  stm32f1xx_hal_gpio.o(.text.HAL_GPIO_Init)
    __arm_cp.0_3                             0x08000450   Number         4  stm32f1xx_hal_gpio.o(.text.HAL_GPIO_Init)
    __arm_cp.0_5                             0x08000454   Number         4  stm32f1xx_hal_gpio.o(.text.HAL_GPIO_Init)
    __arm_cp.0_6                             0x08000458   Number         4  stm32f1xx_hal_gpio.o(.text.HAL_GPIO_Init)
    __arm_cp.0_7                             0x0800045c   Number         4  stm32f1xx_hal_gpio.o(.text.HAL_GPIO_Init)
    __arm_cp.0_8                             0x08000460   Number         4  stm32f1xx_hal_gpio.o(.text.HAL_GPIO_Init)
    __arm_cp.0_9                             0x08000464   Number         4  stm32f1xx_hal_gpio.o(.text.HAL_GPIO_Init)
    __arm_cp.0_10                            0x08000468   Number         4  stm32f1xx_hal_gpio.o(.text.HAL_GPIO_Init)
    __arm_cp.0_11                            0x0800046c   Number         4  stm32f1xx_hal_gpio.o(.text.HAL_GPIO_Init)
    [Anonymous Symbol]                       0x08000470   Section        0  stm32f1xx_hal_gpio.o(.text.HAL_GPIO_WritePin)
    [Anonymous Symbol]                       0x0800047c   Section        0  stm32f1xx_hal.o(.text.HAL_GetTick)
    [Anonymous Symbol]                       0x08000484   Section        0  stm32f1xx_hal.o(.text.HAL_IncTick)
    __arm_cp.5_1                             0x08000494   Number         4  stm32f1xx_hal.o(.text.HAL_IncTick)
    [Anonymous Symbol]                       0x08000498   Section        0  stm32f1xx_hal.o(.text.HAL_Init)
    [Anonymous Symbol]                       0x080004b8   Section        0  stm32f1xx_hal.o(.text.HAL_InitTick)
    __arm_cp.1_0                             0x080004f0   Number         4  stm32f1xx_hal.o(.text.HAL_InitTick)
    [Anonymous Symbol]                       0x080004f4   Section        0  stm32f1xx_hal_msp.o(.text.HAL_MspInit)
    __arm_cp.0_0                             0x08000530   Number         4  stm32f1xx_hal_msp.o(.text.HAL_MspInit)
    __arm_cp.0_1                             0x08000534   Number         4  stm32f1xx_hal_msp.o(.text.HAL_MspInit)
    [Anonymous Symbol]                       0x08000538   Section        0  stm32f1xx_hal_cortex.o(.text.HAL_NVIC_EnableIRQ)
    __arm_cp.3_0                             0x0800054c   Number         4  stm32f1xx_hal_cortex.o(.text.HAL_NVIC_EnableIRQ)
    [Anonymous Symbol]                       0x08000550   Section        0  stm32f1xx_hal_cortex.o(.text.HAL_NVIC_SetPriority)
    [Anonymous Symbol]                       0x0800058c   Section        0  stm32f1xx_hal_cortex.o(.text.HAL_NVIC_SetPriorityGrouping)
    __arm_cp.0_0                             0x080005a4   Number         4  stm32f1xx_hal_cortex.o(.text.HAL_NVIC_SetPriorityGrouping)
    __arm_cp.0_1                             0x080005a8   Number         4  stm32f1xx_hal_cortex.o(.text.HAL_NVIC_SetPriorityGrouping)
    [Anonymous Symbol]                       0x080005ac   Section        0  stm32f1xx_hal_rcc.o(.text.HAL_RCC_CSSCallback)
    [Anonymous Symbol]                       0x080005b0   Section        0  stm32f1xx_hal_rcc.o(.text.HAL_RCC_ClockConfig)
    __arm_cp.2_0                             0x08000700   Number         4  stm32f1xx_hal_rcc.o(.text.HAL_RCC_ClockConfig)
    __arm_cp.2_2                             0x08000704   Number         4  stm32f1xx_hal_rcc.o(.text.HAL_RCC_ClockConfig)
    [Anonymous Symbol]                       0x08000708   Section        0  stm32f1xx_hal_rcc.o(.text.HAL_RCC_EnableCSS)
    __arm_cp.5_0                             0x08000710   Number         4  stm32f1xx_hal_rcc.o(.text.HAL_RCC_EnableCSS)
    [Anonymous Symbol]                       0x08000714   Section        0  stm32f1xx_hal_rcc.o(.text.HAL_RCC_GetPCLK1Freq)
    [Anonymous Symbol]                       0x08000728   Section        0  stm32f1xx_hal_rcc.o(.text.HAL_RCC_GetPCLK2Freq)
    __arm_cp.9_0                             0x0800073c   Number         4  stm32f1xx_hal_rcc.o(.text.HAL_RCC_GetPCLK2Freq)
    __arm_cp.9_2                             0x08000740   Number         4  stm32f1xx_hal_rcc.o(.text.HAL_RCC_GetPCLK2Freq)
    [Anonymous Symbol]                       0x08000744   Section        0  stm32f1xx_hal_rcc.o(.text.HAL_RCC_GetSysClockFreq)
    __arm_cp.3_0                             0x0800077c   Number         4  stm32f1xx_hal_rcc.o(.text.HAL_RCC_GetSysClockFreq)
    __arm_cp.3_1                             0x08000780   Number         4  stm32f1xx_hal_rcc.o(.text.HAL_RCC_GetSysClockFreq)
    __arm_cp.3_4                             0x08000798   Number         4  stm32f1xx_hal_rcc.o(.text.HAL_RCC_GetSysClockFreq)
    [Anonymous Symbol]                       0x0800079c   Section        0  stm32f1xx_hal_rcc.o(.text.HAL_RCC_NMI_IRQHandler)
    __arm_cp.12_0                            0x080007b4   Number         4  stm32f1xx_hal_rcc.o(.text.HAL_RCC_NMI_IRQHandler)
    [Anonymous Symbol]                       0x080007b8   Section        0  stm32f1xx_hal_rcc.o(.text.HAL_RCC_OscConfig)
    __arm_cp.1_0                             0x08000aa4   Number         4  stm32f1xx_hal_rcc.o(.text.HAL_RCC_OscConfig)
    __arm_cp.1_1                             0x08000aa8   Number         4  stm32f1xx_hal_rcc.o(.text.HAL_RCC_OscConfig)
    __arm_cp.1_2                             0x08000aac   Number         4  stm32f1xx_hal_rcc.o(.text.HAL_RCC_OscConfig)
    __arm_cp.1_3                             0x08000ab0   Number         4  stm32f1xx_hal_rcc.o(.text.HAL_RCC_OscConfig)
    [Anonymous Symbol]                       0x08000ab4   Section        0  stm32f1xx_hal_cortex.o(.text.HAL_SYSTICK_Config)
    __arm_cp.7_0                             0x08000ad4   Number         4  stm32f1xx_hal_cortex.o(.text.HAL_SYSTICK_Config)
    __arm_cp.7_1                             0x08000ad8   Number         4  stm32f1xx_hal_cortex.o(.text.HAL_SYSTICK_Config)
    [Anonymous Symbol]                       0x08000adc   Section        0  stm32f1xx_hal_tim_ex.o(.text.HAL_TIMEx_MasterConfigSynchronization)
    [Anonymous Symbol]                       0x08000b20   Section        0  stm32f1xx_hal_tim.o(.text.HAL_TIM_Base_Init)
    [Anonymous Symbol]                       0x08000b54   Section        0  stm32f1xx_hal_msp.o(.text.HAL_TIM_Base_MspInit)
    __arm_cp.1_1                             0x08000b88   Number         4  stm32f1xx_hal_msp.o(.text.HAL_TIM_Base_MspInit)
    [Anonymous Symbol]                       0x08000b8c   Section        0  stm32f1xx_hal_tim.o(.text.HAL_TIM_Base_Start_IT)
    [Anonymous Symbol]                       0x08000ba2   Section        0  stm32f1xx_hal_uart.o(.text.HAL_UART_Init)
    [Anonymous Symbol]                       0x08000c00   Section        0  stm32f1xx_hal_msp.o(.text.HAL_UART_MspInit)
    [Anonymous Symbol]                       0x08000ce0   Section        0  stm32f1xx_it.o(.text.HardFault_Handler)
    [Anonymous Symbol]                       0x08000cfc   Section        0  mcu_init.o(.text.MX_GPIO_Init)
    __arm_cp.6_0                             0x08000dd4   Number         4  mcu_init.o(.text.MX_GPIO_Init)
    __arm_cp.6_1                             0x08000dd8   Number         4  mcu_init.o(.text.MX_GPIO_Init)
    __arm_cp.6_2                             0x08000ddc   Number         4  mcu_init.o(.text.MX_GPIO_Init)
    [Anonymous Symbol]                       0x08000de0   Section        0  mcu_init.o(.text.MX_TIM6_Init)
    __arm_cp.3_0                             0x08000e14   Number         4  mcu_init.o(.text.MX_TIM6_Init)
    __arm_cp.3_1                             0x08000e18   Number         4  mcu_init.o(.text.MX_TIM6_Init)
    [Anonymous Symbol]                       0x08000e1c   Section        0  mcu_init.o(.text.MX_USART1_UART_Init)
    __arm_cp.4_0                             0x08000e4c   Number         4  mcu_init.o(.text.MX_USART1_UART_Init)
    __arm_cp.4_1                             0x08000e50   Number         4  mcu_init.o(.text.MX_USART1_UART_Init)
    [Anonymous Symbol]                       0x08000e54   Section        0  mcu_init.o(.text.MX_USART2_UART_Init)
    __arm_cp.5_0                             0x08000e84   Number         4  mcu_init.o(.text.MX_USART2_UART_Init)
    __arm_cp.5_1                             0x08000e88   Number         4  mcu_init.o(.text.MX_USART2_UART_Init)
    [Anonymous Symbol]                       0x08000e8c   Section        0  stm32f1xx_it.o(.text.MemManage_Handler)
    [Anonymous Symbol]                       0x08000ea8   Section        0  stm32f1xx_it.o(.text.NMI_Handler)
    NVIC_SetPriority                         0x08000ec9   Thumb Code    36  stm32f1xx_hal_cortex.o(.text.NVIC_SetPriority)
    [Anonymous Symbol]                       0x08000ec8   Section        0  stm32f1xx_hal_cortex.o(.text.NVIC_SetPriority)
    __arm_cp.2_0                             0x08000ee4   Number         4  stm32f1xx_hal_cortex.o(.text.NVIC_SetPriority)
    __arm_cp.2_1                             0x08000ee8   Number         4  stm32f1xx_hal_cortex.o(.text.NVIC_SetPriority)
    [Anonymous Symbol]                       0x08000eec   Section        0  stm32f1xx_it.o(.text.PendSV_Handler)
    [Anonymous Symbol]                       0x08000eee   Section        0  stm32f1xx_it.o(.text.SVC_Handler)
    [Anonymous Symbol]                       0x08000ef0   Section        0  stm32f1xx_it.o(.text.SysTick_Handler)
    [Anonymous Symbol]                       0x08000ef4   Section        0  mcu_init.o(.text.SystemClock_Config)
    [Anonymous Symbol]                       0x08000f44   Section        0  system_stm32f1xx.o(.text.SystemInit)
    __arm_cp.0_0                             0x08000f80   Number         4  system_stm32f1xx.o(.text.SystemInit)
    __arm_cp.0_1                             0x08000f84   Number         4  system_stm32f1xx.o(.text.SystemInit)
    __arm_cp.0_2                             0x08000f88   Number         4  system_stm32f1xx.o(.text.SystemInit)
    __arm_cp.0_3                             0x08000f8c   Number         4  system_stm32f1xx.o(.text.SystemInit)
    [Anonymous Symbol]                       0x08000f90   Section        0  stm32f1xx_it.o(.text.TIM6_IRQHandler)
    __arm_cp.11_0                            0x08000fac   Number         4  stm32f1xx_it.o(.text.TIM6_IRQHandler)
    [Anonymous Symbol]                       0x08000fb0   Section        0  stm32f1xx_hal_tim.o(.text.TIM_Base_SetConfig)
    __arm_cp.2_0                             0x08001010   Number         4  stm32f1xx_hal_tim.o(.text.TIM_Base_SetConfig)
    __arm_cp.2_1                             0x08001014   Number         4  stm32f1xx_hal_tim.o(.text.TIM_Base_SetConfig)
    __arm_cp.2_2                             0x08001018   Number         4  stm32f1xx_hal_tim.o(.text.TIM_Base_SetConfig)
    __arm_cp.2_3                             0x0800101c   Number         4  stm32f1xx_hal_tim.o(.text.TIM_Base_SetConfig)
    __arm_cp.2_4                             0x08001020   Number         4  stm32f1xx_hal_tim.o(.text.TIM_Base_SetConfig)
    UART_SetConfig                           0x08001025   Thumb Code   228  stm32f1xx_hal_uart.o(.text.UART_SetConfig)
    [Anonymous Symbol]                       0x08001024   Section        0  stm32f1xx_hal_uart.o(.text.UART_SetConfig)
    __arm_cp.2_0                             0x080010fc   Number         4  stm32f1xx_hal_uart.o(.text.UART_SetConfig)
    __arm_cp.2_1                             0x08001100   Number         4  stm32f1xx_hal_uart.o(.text.UART_SetConfig)
    __arm_cp.2_2                             0x08001104   Number         4  stm32f1xx_hal_uart.o(.text.UART_SetConfig)
    [Anonymous Symbol]                       0x08001108   Section        0  stm32f1xx_it.o(.text.USART1_IRQHandler)
    [Anonymous Symbol]                       0x0800110c   Section        0  stm32f1xx_it.o(.text.USART2_IRQHandler)
    __arm_cp.10_0                            0x08001114   Number         4  stm32f1xx_it.o(.text.USART2_IRQHandler)
    [Anonymous Symbol]                       0x08001118   Section        0  stm32f1xx_it.o(.text.UsageFault_Handler)
    __arm_cp.4_0                             0x08001120   Number         4  stm32f1xx_it.o(.text.UsageFault_Handler)
    [Anonymous Symbol]                       0x08001124   Section        0  intermediate_uart.o(.text.fputc)
    [Anonymous Symbol]                       0x08001128   Section        0  intermediate_time.o(.text.get_tick)
    [Anonymous Symbol]                       0x08001130   Section        0  intermediate_time.o(.text.get_timer_tick)
    __arm_cp.2_0                             0x08001138   Number         4  intermediate_time.o(.text.get_timer_tick)
    [Anonymous Symbol]                       0x0800113c   Section        0  intermediate_led.o(.text.led_control)
    __arm_cp.0_0                             0x08001158   Number         4  intermediate_led.o(.text.led_control)
    __arm_cp.0_1                             0x0800115c   Number         4  intermediate_led.o(.text.led_control)
    __arm_cp.0_2                             0x08001160   Number         4  intermediate_led.o(.text.led_control)
    [Anonymous Symbol]                       0x08001164   Section        0  main.o(.text.main)
    [Anonymous Symbol]                       0x080011ac   Section        0  task_manager.o(.text.manager_enque_isr)
    [Anonymous Symbol]                       0x0800120c   Section        0  task_manager.o(.text.manager_init)
    [Anonymous Symbol]                       0x08001220   Section        0  task_manager.o(.text.manager_scan)
    __arm_cp.2_0                             0x080012a4   Number         4  task_manager.o(.text.manager_scan)
    [Anonymous Symbol]                       0x080012a8   Section        0  intermediate_layer.o(.text.mcu_init)
    [Anonymous Symbol]                       0x080012c8   Section        0  terminal.o(.text.output_string)
    recv_semantic_analysis                   0x080012f1   Thumb Code   516  terminal.o(.text.recv_semantic_analysis)
    [Anonymous Symbol]                       0x080012f0   Section        0  terminal.o(.text.recv_semantic_analysis)
    __arm_cp.4_0                             0x080014a4   Number         4  terminal.o(.text.recv_semantic_analysis)
    __arm_cp.4_1                             0x080014a8   Number         4  terminal.o(.text.recv_semantic_analysis)
    __arm_cp.4_5                             0x080014f0   Number         4  terminal.o(.text.recv_semantic_analysis)
    [Anonymous Symbol]                       0x080014f4   Section        0  intermediate_uart.o(.text.sendchar)
    separate_string                          0x08001505   Thumb Code   104  terminal.o(.text.separate_string)
    [Anonymous Symbol]                       0x08001504   Section        0  terminal.o(.text.separate_string)
    __arm_cp.5_0                             0x0800155c   Number         4  terminal.o(.text.separate_string)
    __arm_cp.5_1                             0x08001560   Number         4  terminal.o(.text.separate_string)
    __arm_cp.5_2                             0x08001564   Number         4  terminal.o(.text.separate_string)
    __arm_cp.5_3                             0x08001568   Number         4  terminal.o(.text.separate_string)
    [Anonymous Symbol]                       0x0800156c   Section        0  intermediate_uart.o(.text.serial1_put_char)
    __arm_cp.9_0                             0x08001578   Number         4  intermediate_uart.o(.text.serial1_put_char)
    [Anonymous Symbol]                       0x0800157c   Section        0  task_manager.o(.text.task_enter_critical)
    [Anonymous Symbol]                       0x0800158c   Section        0  task_manager.o(.text.task_exit_critical)
    __arm_cp.4_0                             0x080015a4   Number         4  task_manager.o(.text.task_exit_critical)
    [Anonymous Symbol]                       0x080015a8   Section        0  task_list.o(.text.task_list_init)
    [Anonymous Symbol]                       0x080015d4   Section        0  task_list.o(.text.task_list_pop)
    __arm_cp.1_0                             0x08001644   Number         4  task_list.o(.text.task_list_pop)
    [Anonymous Symbol]                       0x0800164c   Section        0  task_list.o(.text.task_list_print)
    __arm_cp.4_0                             0x08001698   Number         4  task_list.o(.text.task_list_print)
    __arm_cp.4_4                             0x080016e0   Number         4  task_list.o(.text.task_list_print)
    [Anonymous Symbol]                       0x080016f8   Section        0  task_list.o(.text.task_list_push)
    __arm_cp.2_0                             0x080017d0   Number         4  task_list.o(.text.task_list_push)
    __arm_cp.2_2                             0x080017f0   Number         4  task_list.o(.text.task_list_push)
    __arm_cp.2_4                             0x08001814   Number         4  task_list.o(.text.task_list_push)
    [Anonymous Symbol]                       0x08001840   Section        0  debug.o(.text.task_test)
    [Anonymous Symbol]                       0x08001898   Section        0  terminal.o(.text.terminal_handler)
    __arm_cp.3_0                             0x08001aa4   Number         4  terminal.o(.text.terminal_handler)
    __arm_cp.3_2                             0x08001ac0   Number         4  terminal.o(.text.terminal_handler)
    __arm_cp.3_3                             0x08001ac4   Number         4  terminal.o(.text.terminal_handler)
    __arm_cp.3_4                             0x08001ac8   Number         4  terminal.o(.text.terminal_handler)
    [Anonymous Symbol]                       0x08001ad4   Section        0  terminal.o(.text.terminal_init)
    __arm_cp.0_1                             0x08001aec   Number         4  terminal.o(.text.terminal_init)
    [Anonymous Symbol]                       0x08001af0   Section        0  terminal.o(.text.terminal_input_predeal)
    __arm_cp.2_0                             0x08001b84   Number         4  terminal.o(.text.terminal_input_predeal)
    [Anonymous Symbol]                       0x08001b88   Section        0  debug.o(.text.test)
    [Anonymous Symbol]                       0x08001b90   Section        0  intermediate_time.o(.text.timer_irq_callback)
    __arm_cp.0_0                             0x08001ba0   Number         4  intermediate_time.o(.text.timer_irq_callback)
    timer_list_add                           0x08001ba5   Thumb Code   364  timer_list.o(.text.timer_list_add)
    [Anonymous Symbol]                       0x08001ba4   Section        0  timer_list.o(.text.timer_list_add)
    __arm_cp.2_0                             0x08001cc4   Number         4  timer_list.o(.text.timer_list_add)
    [Anonymous Symbol]                       0x08001d0c   Section        0  timer_list.o(.text.timer_list_delete)
    [Anonymous Symbol]                       0x08001d9c   Section        0  timer_list.o(.text.timer_list_empty)
    [Anonymous Symbol]                       0x08001dac   Section        0  timer_list.o(.text.timer_list_init)
    [Anonymous Symbol]                       0x08001de0   Section        0  timer_list.o(.text.timer_list_pop)
    __arm_cp.1_0                             0x08001ebc   Number         4  timer_list.o(.text.timer_list_pop)
    [Anonymous Symbol]                       0x08001ec8   Section        0  timer_list.o(.text.timer_list_print)
    __arm_cp.3_0                             0x08001f28   Number         4  timer_list.o(.text.timer_list_print)
    __arm_cp.3_4                             0x08001f80   Number         4  timer_list.o(.text.timer_list_print)
    __arm_cp.3_5                             0x08001f84   Number         4  timer_list.o(.text.timer_list_print)
    [Anonymous Symbol]                       0x08001f98   Section        0  timer_list.o(.text.timer_list_push)
    __arm_cp.4_0                             0x08001ff0   Number         4  timer_list.o(.text.timer_list_push)
    __arm_cp.4_4                             0x08002050   Number         4  timer_list.o(.text.timer_list_push)
    [Anonymous Symbol]                       0x08002054   Section        0  debug.o(.text.timer_test)
    __arm_cp.1_0                             0x080020bc   Number         4  debug.o(.text.timer_test)
    __arm_cp.1_1                             0x080020c0   Number         4  debug.o(.text.timer_test)
    [Anonymous Symbol]                       0x080020c4   Section        0  intermediate_uart.o(.text.uart1_irq_callback)
    __arm_cp.7_0                             0x080020d8   Number         4  intermediate_uart.o(.text.uart1_irq_callback)
    i.__0printf$8                            0x080020dc   Section        0  printf8.o(i.__0printf$8)
    i.__scatterload_copy                     0x080020fc   Section       14  handlers.o(i.__scatterload_copy)
    i.__scatterload_null                     0x0800210a   Section        2  handlers.o(i.__scatterload_null)
    i.__scatterload_zeroinit                 0x0800210c   Section       14  handlers.o(i.__scatterload_zeroinit)
    _printf_core                             0x0800211d   Thumb Code   996  printf8.o(i._printf_core)
    i._printf_core                           0x0800211c   Section        0  printf8.o(i._printf_core)
    _printf_post_padding                     0x0800252d   Thumb Code    36  printf8.o(i._printf_post_padding)
    i._printf_post_padding                   0x0800252c   Section        0  printf8.o(i._printf_post_padding)
    _printf_pre_padding                      0x08002551   Thumb Code    46  printf8.o(i._printf_pre_padding)
    i._printf_pre_padding                    0x08002550   Section        0  printf8.o(i._printf_pre_padding)
    i.putchar                                0x08002580   Section        0  putchar.o(i.putchar)
    i.puts                                   0x0800258c   Section        0  puts.o(i.puts)
    .Lstr.7                                  0x0800261c   Data          20  stm32f1xx_it.o(.rodata.str1.1)
    [Anonymous Symbol]                       0x0800261c   Section        0  stm32f1xx_it.o(.rodata.str1.1)
    .L.str.1                                 0x08002630   Data          37  task_list.o(.rodata.str1.1)
    .L.str.6                                 0x08002630   Data          37  task_list.o(.rodata.str1.1)
    [Anonymous Symbol]                       0x08002630   Section        0  task_list.o(.rodata.str1.1)
    .L.str.3                                 0x08002655   Data          24  task_list.o(.rodata.str1.1)
    .L.str.3                                 0x0800266d   Data          25  timer_list.o(.rodata.str1.1)
    [Anonymous Symbol]                       0x0800266d   Section        0  timer_list.o(.rodata.str1.1)
    .L.str.9                                 0x08002686   Data           5  timer_list.o(.rodata.str1.1)
    .Lstr.24                                 0x0800268b   Data          13  terminal.o(.rodata.str1.1)
    [Anonymous Symbol]                       0x0800268b   Section        0  terminal.o(.rodata.str1.1)
    .Lstr.20                                 0x08002696   Data           2  terminal.o(.rodata.str1.1)
    .Lstr.4                                  0x08002696   Data           2  terminal.o(.rodata.str1.1)
    .L.str.8                                 0x08002698   Data          23  terminal.o(.rodata.str1.1)
    .L.str.7                                 0x080026af   Data          16  terminal.o(.rodata.str1.1)
    .L.str.4                                 0x080026bf   Data           4  terminal.o(.rodata.str1.1)
    .L.str.1                                 0x080026c3   Data          10  terminal.o(.rodata.str1.1)
    .L.str                                   0x080026cd   Data          11  terminal.o(.rodata.str1.1)
    .L.str.3                                 0x080026d8   Data           9  terminal.o(.rodata.str1.1)
    .L.str.2                                 0x080026e1   Data          10  terminal.o(.rodata.str1.1)
    _rand_state                              0x20000000   Data           4  rand.o(.data)
    .data                                    0x20000000   Section        4  rand.o(.data)
    [Anonymous Symbol]                       0x20000004   Section        0  stm32f1xx_hal.o(.data..L_MergedGlobals)
    [Anonymous Symbol]                       0x20000010   Section        0  intermediate_time.o(.bss..L_MergedGlobals)
    stQueue                                  0x20000130   Data         388  task_manager.o(.bss.stQueue)
    [Anonymous Symbol]                       0x20000130   Section        0  task_manager.o(.bss.stQueue)
    stTask                                   0x200002b4   Data         332  task_list.o(.bss.stTask)
    [Anonymous Symbol]                       0x200002b4   Section        0  task_list.o(.bss.stTask)
    stTerminal                               0x20000400   Data         112  terminal.o(.bss.stTerminal)
    [Anonymous Symbol]                       0x20000400   Section        0  terminal.o(.bss.stTerminal)
    stTimer                                  0x20000470   Data         464  timer_list.o(.bss.stTimer)
    [Anonymous Symbol]                       0x20000470   Section        0  timer_list.o(.bss.stTimer)
    STACK                                    0x20000648   Section     1024  startup_stm32f103xe.o(STACK)

    Global Symbols

    Symbol Name                              Value     Ov Type        Size  Object(Section)

    BuildAttributes$$THM_ISAv4$P$D$K$B$S$PE$A:L22UL41UL21$X:L11$S22US41US21$IEEE1$IW$~IW$USESV6$~STKCKD$USESV7$~SHL$OSPACE$ROPI$EBA8$MICROLIB$REQ8$PRES8$EABIv2 0x00000000   Number         0  anon$$obj.o ABSOLUTE
    __use_no_errno                           0x00000000   Number         0  useno.o ABSOLUTE
    __use_no_exception_handling              0x00000000   Number         0  useno.o ABSOLUTE
    __use_no_fp                              0x00000000   Number         0  useno.o ABSOLUTE
    __use_no_heap                            0x00000000   Number         0  useno.o ABSOLUTE
    __use_no_heap_region                     0x00000000   Number         0  useno.o ABSOLUTE
    __use_no_semihosting                     0x00000000   Number         0  useno.o ABSOLUTE
    __use_no_semihosting_swi                 0x00000000   Number         0  useno.o ABSOLUTE
    __use_no_signal_handling                 0x00000000   Number         0  useno.o ABSOLUTE
    _printf_a                                0x00000000   Number         0  stubs.o ABSOLUTE
    _printf_c                                0x00000000   Number         0  stubs.o ABSOLUTE
    _printf_charcount                        0x00000000   Number         0  stubs.o ABSOLUTE
    _printf_d                                0x00000000   Number         0  stubs.o ABSOLUTE
    _printf_e                                0x00000000   Number         0  stubs.o ABSOLUTE
    _printf_f                                0x00000000   Number         0  stubs.o ABSOLUTE
    _printf_flags                            0x00000000   Number         0  stubs.o ABSOLUTE
    _printf_fp_dec                           0x00000000   Number         0  stubs.o ABSOLUTE
    _printf_fp_hex                           0x00000000   Number         0  stubs.o ABSOLUTE
    _printf_g                                0x00000000   Number         0  stubs.o ABSOLUTE
    _printf_i                                0x00000000   Number         0  stubs.o ABSOLUTE
    _printf_int_dec                          0x00000000   Number         0  stubs.o ABSOLUTE
    _printf_l                                0x00000000   Number         0  stubs.o ABSOLUTE
    _printf_lc                               0x00000000   Number         0  stubs.o ABSOLUTE
    _printf_ll                               0x00000000   Number         0  stubs.o ABSOLUTE
    _printf_lld                              0x00000000   Number         0  stubs.o ABSOLUTE
    _printf_lli                              0x00000000   Number         0  stubs.o ABSOLUTE
    _printf_llo                              0x00000000   Number         0  stubs.o ABSOLUTE
    _printf_llu                              0x00000000   Number         0  stubs.o ABSOLUTE
    _printf_llx                              0x00000000   Number         0  stubs.o ABSOLUTE
    _printf_longlong_dec                     0x00000000   Number         0  stubs.o ABSOLUTE
    _printf_longlong_hex                     0x00000000   Number         0  stubs.o ABSOLUTE
    _printf_longlong_oct                     0x00000000   Number         0  stubs.o ABSOLUTE
    _printf_ls                               0x00000000   Number         0  stubs.o ABSOLUTE
    _printf_mbtowc                           0x00000000   Number         0  stubs.o ABSOLUTE
    _printf_n                                0x00000000   Number         0  stubs.o ABSOLUTE
    _printf_o                                0x00000000   Number         0  stubs.o ABSOLUTE
    _printf_p                                0x00000000   Number         0  stubs.o ABSOLUTE
    _printf_percent                          0x00000000   Number         0  stubs.o ABSOLUTE
    _printf_pre_padding                      0x00000000   Number         0  stubs.o ABSOLUTE
    _printf_return_value                     0x00000000   Number         0  stubs.o ABSOLUTE
    _printf_s                                0x00000000   Number         0  stubs.o ABSOLUTE
    _printf_sizespec                         0x00000000   Number         0  stubs.o ABSOLUTE
    _printf_str                              0x00000000   Number         0  stubs.o ABSOLUTE
    _printf_truncate_signed                  0x00000000   Number         0  stubs.o ABSOLUTE
    _printf_truncate_unsigned                0x00000000   Number         0  stubs.o ABSOLUTE
    _printf_u                                0x00000000   Number         0  stubs.o ABSOLUTE
    _printf_wc                               0x00000000   Number         0  stubs.o ABSOLUTE
    _printf_wctomb                           0x00000000   Number         0  stubs.o ABSOLUTE
    _printf_widthprec                        0x00000000   Number         0  stubs.o ABSOLUTE
    _printf_x                                0x00000000   Number         0  stubs.o ABSOLUTE
    __cpp_initialize__aeabi_                  - Undefined Weak Reference
    __cxa_finalize                            - Undefined Weak Reference
    __decompress                              - Undefined Weak Reference
    _clock_init                               - Undefined Weak Reference
    _microlib_exit                            - Undefined Weak Reference
    __Vectors_Size                           0x00000130   Number         0  startup_stm32f103xe.o ABSOLUTE
    __Vectors                                0x08000000   Data           4  startup_stm32f103xe.o(RESET)
    __Vectors_End                            0x08000130   Data           0  startup_stm32f103xe.o(RESET)
    __main                                   0x08000131   Thumb Code     0  entry.o(.ARM.Collect$$$$00000000)
    _main_stk                                0x08000131   Thumb Code     0  entry2.o(.ARM.Collect$$$$00000001)
    _main_scatterload                        0x08000135   Thumb Code     0  entry5.o(.ARM.Collect$$$$00000004)
    __main_after_scatterload                 0x08000139   Thumb Code     0  entry5.o(.ARM.Collect$$$$00000004)
    _main_clock                              0x08000139   Thumb Code     0  entry7b.o(.ARM.Collect$$$$00000008)
    _main_cpp_init                           0x08000139   Thumb Code     0  entry8b.o(.ARM.Collect$$$$0000000A)
    _main_init                               0x08000139   Thumb Code     0  entry9a.o(.ARM.Collect$$$$0000000B)
    __rt_final_cpp                           0x08000141   Thumb Code     0  entry10a.o(.ARM.Collect$$$$0000000D)
    __rt_final_exit                          0x08000141   Thumb Code     0  entry11a.o(.ARM.Collect$$$$0000000F)
    Reset_Handler                            0x08000145   Thumb Code     8  startup_stm32f103xe.o(.text)
    ADC1_2_IRQHandler                        0x0800015f   Thumb Code     0  startup_stm32f103xe.o(.text)
    ADC3_IRQHandler                          0x0800015f   Thumb Code     0  startup_stm32f103xe.o(.text)
    CAN1_RX1_IRQHandler                      0x0800015f   Thumb Code     0  startup_stm32f103xe.o(.text)
    CAN1_SCE_IRQHandler                      0x0800015f   Thumb Code     0  startup_stm32f103xe.o(.text)
    DMA1_Channel1_IRQHandler                 0x0800015f   Thumb Code     0  startup_stm32f103xe.o(.text)
    DMA1_Channel2_IRQHandler                 0x0800015f   Thumb Code     0  startup_stm32f103xe.o(.text)
    DMA1_Channel3_IRQHandler                 0x0800015f   Thumb Code     0  startup_stm32f103xe.o(.text)
    DMA1_Channel4_IRQHandler                 0x0800015f   Thumb Code     0  startup_stm32f103xe.o(.text)
    DMA1_Channel5_IRQHandler                 0x0800015f   Thumb Code     0  startup_stm32f103xe.o(.text)
    DMA1_Channel6_IRQHandler                 0x0800015f   Thumb Code     0  startup_stm32f103xe.o(.text)
    DMA1_Channel7_IRQHandler                 0x0800015f   Thumb Code     0  startup_stm32f103xe.o(.text)
    DMA2_Channel1_IRQHandler                 0x0800015f   Thumb Code     0  startup_stm32f103xe.o(.text)
    DMA2_Channel2_IRQHandler                 0x0800015f   Thumb Code     0  startup_stm32f103xe.o(.text)
    DMA2_Channel3_IRQHandler                 0x0800015f   Thumb Code     0  startup_stm32f103xe.o(.text)
    DMA2_Channel4_5_IRQHandler               0x0800015f   Thumb Code     0  startup_stm32f103xe.o(.text)
    EXTI0_IRQHandler                         0x0800015f   Thumb Code     0  startup_stm32f103xe.o(.text)
    EXTI15_10_IRQHandler                     0x0800015f   Thumb Code     0  startup_stm32f103xe.o(.text)
    EXTI1_IRQHandler                         0x0800015f   Thumb Code     0  startup_stm32f103xe.o(.text)
    EXTI2_IRQHandler                         0x0800015f   Thumb Code     0  startup_stm32f103xe.o(.text)
    EXTI3_IRQHandler                         0x0800015f   Thumb Code     0  startup_stm32f103xe.o(.text)
    EXTI4_IRQHandler                         0x0800015f   Thumb Code     0  startup_stm32f103xe.o(.text)
    EXTI9_5_IRQHandler                       0x0800015f   Thumb Code     0  startup_stm32f103xe.o(.text)
    FLASH_IRQHandler                         0x0800015f   Thumb Code     0  startup_stm32f103xe.o(.text)
    FSMC_IRQHandler                          0x0800015f   Thumb Code     0  startup_stm32f103xe.o(.text)
    I2C1_ER_IRQHandler                       0x0800015f   Thumb Code     0  startup_stm32f103xe.o(.text)
    I2C1_EV_IRQHandler                       0x0800015f   Thumb Code     0  startup_stm32f103xe.o(.text)
    I2C2_ER_IRQHandler                       0x0800015f   Thumb Code     0  startup_stm32f103xe.o(.text)
    I2C2_EV_IRQHandler                       0x0800015f   Thumb Code     0  startup_stm32f103xe.o(.text)
    PVD_IRQHandler                           0x0800015f   Thumb Code     0  startup_stm32f103xe.o(.text)
    RCC_IRQHandler                           0x0800015f   Thumb Code     0  startup_stm32f103xe.o(.text)
    RTC_Alarm_IRQHandler                     0x0800015f   Thumb Code     0  startup_stm32f103xe.o(.text)
    RTC_IRQHandler                           0x0800015f   Thumb Code     0  startup_stm32f103xe.o(.text)
    SDIO_IRQHandler                          0x0800015f   Thumb Code     0  startup_stm32f103xe.o(.text)
    SPI1_IRQHandler                          0x0800015f   Thumb Code     0  startup_stm32f103xe.o(.text)
    SPI2_IRQHandler                          0x0800015f   Thumb Code     0  startup_stm32f103xe.o(.text)
    SPI3_IRQHandler                          0x0800015f   Thumb Code     0  startup_stm32f103xe.o(.text)
    TAMPER_IRQHandler                        0x0800015f   Thumb Code     0  startup_stm32f103xe.o(.text)
    TIM1_BRK_IRQHandler                      0x0800015f   Thumb Code     0  startup_stm32f103xe.o(.text)
    TIM1_CC_IRQHandler                       0x0800015f   Thumb Code     0  startup_stm32f103xe.o(.text)
    TIM1_TRG_COM_IRQHandler                  0x0800015f   Thumb Code     0  startup_stm32f103xe.o(.text)
    TIM1_UP_IRQHandler                       0x0800015f   Thumb Code     0  startup_stm32f103xe.o(.text)
    TIM2_IRQHandler                          0x0800015f   Thumb Code     0  startup_stm32f103xe.o(.text)
    TIM3_IRQHandler                          0x0800015f   Thumb Code     0  startup_stm32f103xe.o(.text)
    TIM4_IRQHandler                          0x0800015f   Thumb Code     0  startup_stm32f103xe.o(.text)
    TIM5_IRQHandler                          0x0800015f   Thumb Code     0  startup_stm32f103xe.o(.text)
    TIM7_IRQHandler                          0x0800015f   Thumb Code     0  startup_stm32f103xe.o(.text)
    TIM8_BRK_IRQHandler                      0x0800015f   Thumb Code     0  startup_stm32f103xe.o(.text)
    TIM8_CC_IRQHandler                       0x0800015f   Thumb Code     0  startup_stm32f103xe.o(.text)
    TIM8_TRG_COM_IRQHandler                  0x0800015f   Thumb Code     0  startup_stm32f103xe.o(.text)
    TIM8_UP_IRQHandler                       0x0800015f   Thumb Code     0  startup_stm32f103xe.o(.text)
    UART4_IRQHandler                         0x0800015f   Thumb Code     0  startup_stm32f103xe.o(.text)
    UART5_IRQHandler                         0x0800015f   Thumb Code     0  startup_stm32f103xe.o(.text)
    USART3_IRQHandler                        0x0800015f   Thumb Code     0  startup_stm32f103xe.o(.text)
    USBWakeUp_IRQHandler                     0x0800015f   Thumb Code     0  startup_stm32f103xe.o(.text)
    USB_HP_CAN1_TX_IRQHandler                0x0800015f   Thumb Code     0  startup_stm32f103xe.o(.text)
    USB_LP_CAN1_RX0_IRQHandler               0x0800015f   Thumb Code     0  startup_stm32f103xe.o(.text)
    WWDG_IRQHandler                          0x0800015f   Thumb Code     0  startup_stm32f103xe.o(.text)
    __aeabi_llsr                             0x08000169   Thumb Code    32  llushr.o(.text)
    _ll_ushift_r                             0x08000169   Thumb Code     0  llushr.o(.text)
    rand                                     0x08000189   Thumb Code    20  rand.o(.text)
    srand                                    0x0800019d   Thumb Code     6  rand.o(.text)
    __aeabi_memset                           0x080001ad   Thumb Code    14  memseta.o(.text)
    __aeabi_memset4                          0x080001ad   Thumb Code     0  memseta.o(.text)
    __aeabi_memset8                          0x080001ad   Thumb Code     0  memseta.o(.text)
    __aeabi_memclr                           0x080001bb   Thumb Code     4  memseta.o(.text)
    __aeabi_memclr4                          0x080001bb   Thumb Code     0  memseta.o(.text)
    __aeabi_memclr8                          0x080001bb   Thumb Code     0  memseta.o(.text)
    _memset$wrapper                          0x080001bf   Thumb Code    18  memseta.o(.text)
    strncpy                                  0x080001d1   Thumb Code    24  strncpy.o(.text)
    strlen                                   0x080001e9   Thumb Code    14  strlen.o(.text)
    strncmp                                  0x080001f7   Thumb Code    30  strncmp.o(.text)
    __aeabi_uldivmod                         0x08000215   Thumb Code    98  uldiv.o(.text)
    __scatterload                            0x08000279   Thumb Code    28  init.o(.text)
    __scatterload_rt2                        0x08000279   Thumb Code     0  init.o(.text)
    __aeabi_llsl                             0x0800029d   Thumb Code    30  llshl.o(.text)
    _ll_shift_l                              0x0800029d   Thumb Code     0  llshl.o(.text)
    BusFault_Handler                         0x080002bd   Thumb Code    12  stm32f1xx_it.o(.text.BusFault_Handler)
    DebugMon_Handler                         0x080002c9   Thumb Code     2  stm32f1xx_it.o(.text.DebugMon_Handler)
    HAL_GPIO_Init                            0x080002cd   Thumb Code   424  stm32f1xx_hal_gpio.o(.text.HAL_GPIO_Init)
    HAL_GPIO_WritePin                        0x08000471   Thumb Code    10  stm32f1xx_hal_gpio.o(.text.HAL_GPIO_WritePin)
    HAL_GetTick                              0x0800047d   Thumb Code    12  stm32f1xx_hal.o(.text.HAL_GetTick)
    HAL_IncTick                              0x08000485   Thumb Code    24  stm32f1xx_hal.o(.text.HAL_IncTick)
    HAL_Init                                 0x08000499   Thumb Code    36  stm32f1xx_hal.o(.text.HAL_Init)
    HAL_InitTick                             0x080004b9   Thumb Code    64  stm32f1xx_hal.o(.text.HAL_InitTick)
    HAL_MspInit                              0x080004f5   Thumb Code    68  stm32f1xx_hal_msp.o(.text.HAL_MspInit)
    HAL_NVIC_EnableIRQ                       0x08000539   Thumb Code    24  stm32f1xx_hal_cortex.o(.text.HAL_NVIC_EnableIRQ)
    HAL_NVIC_SetPriority                     0x08000551   Thumb Code    64  stm32f1xx_hal_cortex.o(.text.HAL_NVIC_SetPriority)
    HAL_NVIC_SetPriorityGrouping             0x0800058d   Thumb Code    32  stm32f1xx_hal_cortex.o(.text.HAL_NVIC_SetPriorityGrouping)
    HAL_RCC_CSSCallback                      0x080005ad   Thumb Code     2  stm32f1xx_hal_rcc.o(.text.HAL_RCC_CSSCallback)
    HAL_RCC_ClockConfig                      0x080005b1   Thumb Code   352  stm32f1xx_hal_rcc.o(.text.HAL_RCC_ClockConfig)
    HAL_RCC_EnableCSS                        0x08000709   Thumb Code    12  stm32f1xx_hal_rcc.o(.text.HAL_RCC_EnableCSS)
    HAL_RCC_GetPCLK1Freq                     0x08000715   Thumb Code    32  stm32f1xx_hal_rcc.o(.text.HAL_RCC_GetPCLK1Freq)
    HAL_RCC_GetPCLK2Freq                     0x08000729   Thumb Code    32  stm32f1xx_hal_rcc.o(.text.HAL_RCC_GetPCLK2Freq)
    HAL_RCC_GetSysClockFreq                  0x08000745   Thumb Code    88  stm32f1xx_hal_rcc.o(.text.HAL_RCC_GetSysClockFreq)
    HAL_RCC_NMI_IRQHandler                   0x0800079d   Thumb Code    28  stm32f1xx_hal_rcc.o(.text.HAL_RCC_NMI_IRQHandler)
    HAL_RCC_OscConfig                        0x080007b9   Thumb Code   764  stm32f1xx_hal_rcc.o(.text.HAL_RCC_OscConfig)
    HAL_SYSTICK_Config                       0x08000ab5   Thumb Code    40  stm32f1xx_hal_cortex.o(.text.HAL_SYSTICK_Config)
    HAL_TIMEx_MasterConfigSynchronization    0x08000add   Thumb Code    68  stm32f1xx_hal_tim_ex.o(.text.HAL_TIMEx_MasterConfigSynchronization)
    HAL_TIM_Base_Init                        0x08000b21   Thumb Code    52  stm32f1xx_hal_tim.o(.text.HAL_TIM_Base_Init)
    HAL_TIM_Base_MspInit                     0x08000b55   Thumb Code    60  stm32f1xx_hal_msp.o(.text.HAL_TIM_Base_MspInit)
    HAL_TIM_Base_Start_IT                    0x08000b8d   Thumb Code    22  stm32f1xx_hal_tim.o(.text.HAL_TIM_Base_Start_IT)
    HAL_UART_Init                            0x08000ba3   Thumb Code    92  stm32f1xx_hal_uart.o(.text.HAL_UART_Init)
    HAL_UART_MspInit                         0x08000c01   Thumb Code   240  stm32f1xx_hal_msp.o(.text.HAL_UART_MspInit)
    HardFault_Handler                        0x08000ce1   Thumb Code    28  stm32f1xx_it.o(.text.HardFault_Handler)
    MX_GPIO_Init                             0x08000cfd   Thumb Code   228  mcu_init.o(.text.MX_GPIO_Init)
    MX_TIM6_Init                             0x08000de1   Thumb Code    60  mcu_init.o(.text.MX_TIM6_Init)
    MX_USART1_UART_Init                      0x08000e1d   Thumb Code    56  mcu_init.o(.text.MX_USART1_UART_Init)
    MX_USART2_UART_Init                      0x08000e55   Thumb Code    56  mcu_init.o(.text.MX_USART2_UART_Init)
    MemManage_Handler                        0x08000e8d   Thumb Code    28  stm32f1xx_it.o(.text.MemManage_Handler)
    NMI_Handler                              0x08000ea9   Thumb Code    32  stm32f1xx_it.o(.text.NMI_Handler)
    PendSV_Handler                           0x08000eed   Thumb Code     2  stm32f1xx_it.o(.text.PendSV_Handler)
    SVC_Handler                              0x08000eef   Thumb Code     2  stm32f1xx_it.o(.text.SVC_Handler)
    SysTick_Handler                          0x08000ef1   Thumb Code     4  stm32f1xx_it.o(.text.SysTick_Handler)
    SystemClock_Config                       0x08000ef5   Thumb Code    80  mcu_init.o(.text.SystemClock_Config)
    SystemInit                               0x08000f45   Thumb Code    76  system_stm32f1xx.o(.text.SystemInit)
    TIM6_IRQHandler                          0x08000f91   Thumb Code    32  stm32f1xx_it.o(.text.TIM6_IRQHandler)
    TIM_Base_SetConfig                       0x08000fb1   Thumb Code   116  stm32f1xx_hal_tim.o(.text.TIM_Base_SetConfig)
    USART1_IRQHandler                        0x08001109   Thumb Code     4  stm32f1xx_it.o(.text.USART1_IRQHandler)
    USART2_IRQHandler                        0x0800110d   Thumb Code    12  stm32f1xx_it.o(.text.USART2_IRQHandler)
    UsageFault_Handler                       0x08001119   Thumb Code    12  stm32f1xx_it.o(.text.UsageFault_Handler)
    fputc                                    0x08001125   Thumb Code     4  intermediate_uart.o(.text.fputc)
    get_tick                                 0x08001129   Thumb Code    12  intermediate_time.o(.text.get_tick)
    get_timer_tick                           0x08001131   Thumb Code    12  intermediate_time.o(.text.get_timer_tick)
    led_control                              0x0800113d   Thumb Code    40  intermediate_led.o(.text.led_control)
    main                                     0x08001165   Thumb Code    72  main.o(.text.main)
    manager_enque_isr                        0x080011ad   Thumb Code   100  task_manager.o(.text.manager_enque_isr)
    manager_init                             0x0800120d   Thumb Code    18  task_manager.o(.text.manager_init)
    manager_scan                             0x08001221   Thumb Code   136  task_manager.o(.text.manager_scan)
    mcu_init                                 0x080012a9   Thumb Code    30  intermediate_layer.o(.text.mcu_init)
    output_string                            0x080012c9   Thumb Code    56  terminal.o(.text.output_string)
    sendchar                                 0x080014f5   Thumb Code    20  intermediate_uart.o(.text.sendchar)
    serial1_put_char                         0x0800156d   Thumb Code    16  intermediate_uart.o(.text.serial1_put_char)
    task_enter_critical                      0x0800157d   Thumb Code    20  task_manager.o(.text.task_enter_critical)
    task_exit_critical                       0x0800158d   Thumb Code    28  task_manager.o(.text.task_exit_critical)
    task_list_init                           0x080015a9   Thumb Code    48  task_list.o(.text.task_list_init)
    task_list_pop                            0x080015d5   Thumb Code   120  task_list.o(.text.task_list_pop)
    task_list_print                          0x0800164d   Thumb Code   172  task_list.o(.text.task_list_print)
    task_list_push                           0x080016f9   Thumb Code   328  task_list.o(.text.task_list_push)
    task_test                                0x08001841   Thumb Code    96  debug.o(.text.task_test)
    terminal_handler                         0x08001899   Thumb Code   572  terminal.o(.text.terminal_handler)
    terminal_init                            0x08001ad5   Thumb Code    32  terminal.o(.text.terminal_init)
    terminal_input_predeal                   0x08001af1   Thumb Code   152  terminal.o(.text.terminal_input_predeal)
    test                                     0x08001b89   Thumb Code     6  debug.o(.text.test)
    timer_irq_callback                       0x08001b91   Thumb Code    20  intermediate_time.o(.text.timer_irq_callback)
    timer_list_delete                        0x08001d0d   Thumb Code   148  timer_list.o(.text.timer_list_delete)
    timer_list_empty                         0x08001d9d   Thumb Code    20  timer_list.o(.text.timer_list_empty)
    timer_list_init                          0x08001dad   Thumb Code    56  timer_list.o(.text.timer_list_init)
    timer_list_pop                           0x08001de1   Thumb Code   232  timer_list.o(.text.timer_list_pop)
    timer_list_print                         0x08001ec9   Thumb Code   208  timer_list.o(.text.timer_list_print)
    timer_list_push                          0x08001f99   Thumb Code   188  timer_list.o(.text.timer_list_push)
    timer_test                               0x08002055   Thumb Code   112  debug.o(.text.timer_test)
    uart1_irq_callback                       0x080020c5   Thumb Code    24  intermediate_uart.o(.text.uart1_irq_callback)
    __0printf$8                              0x080020dd   Thumb Code    22  printf8.o(i.__0printf$8)
    __1printf$8                              0x080020dd   Thumb Code     0  printf8.o(i.__0printf$8)
    __2printf                                0x080020dd   Thumb Code     0  printf8.o(i.__0printf$8)
    __scatterload_copy                       0x080020fd   Thumb Code    14  handlers.o(i.__scatterload_copy)
    __scatterload_null                       0x0800210b   Thumb Code     2  handlers.o(i.__scatterload_null)
    __scatterload_zeroinit                   0x0800210d   Thumb Code    14  handlers.o(i.__scatterload_zeroinit)
    putchar                                  0x08002581   Thumb Code     6  putchar.o(i.putchar)
    puts                                     0x0800258d   Thumb Code    30  puts.o(i.puts)
    AHBPrescTable                            0x080025b0   Data          16  system_stm32f1xx.o(.rodata.AHBPrescTable)
    APBPrescTable                            0x080025c0   Data           8  system_stm32f1xx.o(.rodata.APBPrescTable)
    led_pin_map                              0x080025c8   Data           8  intermediate_led.o(.rodata.led_pin_map)
    led_port_map                             0x080025d0   Data           8  intermediate_led.o(.rodata.led_port_map)
    led_state_map                            0x080025d8   Data           8  intermediate_led.o(.rodata.led_state_map)
    stFunTab                                 0x080025e0   Data          60  terminal.o(.rodata.stFunTab)
    Region$$Table$$Base                      0x080026ec   Number         0  anon$$obj.o(Region$$Table)
    Region$$Table$$Limit                     0x0800270c   Number         0  anon$$obj.o(Region$$Table)
    uwTickFreq                               0x20000004   Data           1  stm32f1xx_hal.o(.data..L_MergedGlobals)
    uwTickPrio                               0x20000008   Data           4  stm32f1xx_hal.o(.data..L_MergedGlobals)
    SystemCoreClock                          0x2000000c   Data           4  system_stm32f1xx.o(.data.SystemCoreClock)
    timer_ticks                              0x20000010   Data           2  intermediate_time.o(.bss..L_MergedGlobals)
    ticks                                    0x20000014   Data           4  intermediate_time.o(.bss..L_MergedGlobals)
    __stdout                                 0x20000018   Data          84  intermediate_uart.o(.bss.__stdout)
    critical_nesting                         0x2000006c   Data           1  task_manager.o(.bss.critical_nesting)
    htim6                                    0x20000070   Data          64  mcu_init.o(.bss.htim6)
    huart1                                   0x200000b0   Data          64  mcu_init.o(.bss.huart1)
    huart2                                   0x200000f0   Data          64  mcu_init.o(.bss.huart2)
    uwTick                                   0x20000640   Data           4  stm32f1xx_hal.o(.bss.uwTick)
    __initial_sp                             0x20000a48   Data           0  startup_stm32f103xe.o(STACK)



==============================================================================

Memory Map of the image

  Image Entry point : 0x08000131

  Load Region LR_IROM1 (Base: 0x08000000, Size: 0x00002720, Max: 0x00080000, ABSOLUTE)

    Execution Region ER_IROM1 (Exec base: 0x08000000, Load base: 0x08000000, Size: 0x0000270c, Max: 0x00080000, ABSOLUTE)

    Exec Addr    Load Addr    Size         Type   Attr      Idx    E Section Name        Object

    0x08000000   0x08000000   0x00000130   Data   RO            3    RESET               startup_stm32f103xe.o
    0x08000130   0x08000130   0x00000000   Code   RO         1075  * .ARM.Collect$$$$00000000  mc_w.l(entry.o)
    0x08000130   0x08000130   0x00000004   Code   RO         1358    .ARM.Collect$$$$00000001  mc_w.l(entry2.o)
    0x08000134   0x08000134   0x00000004   Code   RO         1361    .ARM.Collect$$$$00000004  mc_w.l(entry5.o)
    0x08000138   0x08000138   0x00000000   Code   RO         1363    .ARM.Collect$$$$00000008  mc_w.l(entry7b.o)
    0x08000138   0x08000138   0x00000000   Code   RO         1365    .ARM.Collect$$$$0000000A  mc_w.l(entry8b.o)
    0x08000138   0x08000138   0x00000008   Code   RO         1366    .ARM.Collect$$$$0000000B  mc_w.l(entry9a.o)
    0x08000140   0x08000140   0x00000000   Code   RO         1368    .ARM.Collect$$$$0000000D  mc_w.l(entry10a.o)
    0x08000140   0x08000140   0x00000000   Code   RO         1370    .ARM.Collect$$$$0000000F  mc_w.l(entry11a.o)
    0x08000140   0x08000140   0x00000004   Code   RO         1359    .ARM.Collect$$$$00002712  mc_w.l(entry2.o)
    0x08000144   0x08000144   0x00000024   Code   RO            4    .text               startup_stm32f103xe.o
    0x08000168   0x08000168   0x00000020   Code   RO         1084    .text               mc_w.l(llushr.o)
    0x08000188   0x08000188   0x00000024   Code   RO         1086    .text               mc_w.l(rand.o)
    0x080001ac   0x080001ac   0x00000024   Code   RO         1089    .text               mc_w.l(memseta.o)
    0x080001d0   0x080001d0   0x00000018   Code   RO         1091    .text               mc_w.l(strncpy.o)
    0x080001e8   0x080001e8   0x0000000e   Code   RO         1093    .text               mc_w.l(strlen.o)
    0x080001f6   0x080001f6   0x0000001e   Code   RO         1095    .text               mc_w.l(strncmp.o)
    0x08000214   0x08000214   0x00000062   Code   RO         1374    .text               mc_w.l(uldiv.o)
    0x08000276   0x08000276   0x00000002   PAD
    0x08000278   0x08000278   0x00000024   Code   RO         1387    .text               mc_w.l(init.o)
    0x0800029c   0x0800029c   0x0000001e   Code   RO         1389    .text               mc_w.l(llshl.o)
    0x080002ba   0x080002ba   0x00000002   PAD
    0x080002bc   0x080002bc   0x0000000c   Code   RO           79    .text.BusFault_Handler  stm32f1xx_it.o
    0x080002c8   0x080002c8   0x00000002   Code   RO           85    .text.DebugMon_Handler  stm32f1xx_it.o
    0x080002ca   0x080002ca   0x00000002   PAD
    0x080002cc   0x080002cc   0x000001a4   Code   RO          650    .text.HAL_GPIO_Init  stm32f1xx_hal_gpio.o
    0x08000470   0x08000470   0x0000000a   Code   RO          656    .text.HAL_GPIO_WritePin  stm32f1xx_hal_gpio.o
    0x0800047a   0x0800047a   0x00000002   PAD
    0x0800047c   0x0800047c   0x00000008   Code   RO          553    .text.HAL_GetTick   stm32f1xx_hal.o
    0x08000484   0x08000484   0x00000014   Code   RO          551    .text.HAL_IncTick   stm32f1xx_hal.o
    0x08000498   0x08000498   0x00000020   Code   RO          541    .text.HAL_Init      stm32f1xx_hal.o
    0x080004b8   0x080004b8   0x0000003c   Code   RO          543    .text.HAL_InitTick  stm32f1xx_hal.o
    0x080004f4   0x080004f4   0x00000044   Code   RO           27    .text.HAL_MspInit   stm32f1xx_hal_msp.o
    0x08000538   0x08000538   0x00000018   Code   RO          716    .text.HAL_NVIC_EnableIRQ  stm32f1xx_hal_cortex.o
    0x08000550   0x08000550   0x0000003c   Code   RO          712    .text.HAL_NVIC_SetPriority  stm32f1xx_hal_cortex.o
    0x0800058c   0x0800058c   0x00000020   Code   RO          710    .text.HAL_NVIC_SetPriorityGrouping  stm32f1xx_hal_cortex.o
    0x080005ac   0x080005ac   0x00000002   Code   RO          624    .text.HAL_RCC_CSSCallback  stm32f1xx_hal_rcc.o
    0x080005ae   0x080005ae   0x00000002   PAD
    0x080005b0   0x080005b0   0x00000158   Code   RO          602    .text.HAL_RCC_ClockConfig  stm32f1xx_hal_rcc.o
    0x08000708   0x08000708   0x0000000c   Code   RO          608    .text.HAL_RCC_EnableCSS  stm32f1xx_hal_rcc.o
    0x08000714   0x08000714   0x00000014   Code   RO          614    .text.HAL_RCC_GetPCLK1Freq  stm32f1xx_hal_rcc.o
    0x08000728   0x08000728   0x0000001c   Code   RO          616    .text.HAL_RCC_GetPCLK2Freq  stm32f1xx_hal_rcc.o
    0x08000744   0x08000744   0x00000058   Code   RO          604    .text.HAL_RCC_GetSysClockFreq  stm32f1xx_hal_rcc.o
    0x0800079c   0x0800079c   0x0000001c   Code   RO          622    .text.HAL_RCC_NMI_IRQHandler  stm32f1xx_hal_rcc.o
    0x080007b8   0x080007b8   0x000002fc   Code   RO          600    .text.HAL_RCC_OscConfig  stm32f1xx_hal_rcc.o
    0x08000ab4   0x08000ab4   0x00000028   Code   RO          724    .text.HAL_SYSTICK_Config  stm32f1xx_hal_cortex.o
    0x08000adc   0x08000adc   0x00000044   Code   RO          411    .text.HAL_TIMEx_MasterConfigSynchronization  stm32f1xx_hal_tim_ex.o
    0x08000b20   0x08000b20   0x00000034   Code   RO          134    .text.HAL_TIM_Base_Init  stm32f1xx_hal_tim.o
    0x08000b54   0x08000b54   0x00000038   Code   RO           29    .text.HAL_TIM_Base_MspInit  stm32f1xx_hal_msp.o
    0x08000b8c   0x08000b8c   0x00000016   Code   RO          148    .text.HAL_TIM_Base_Start_IT  stm32f1xx_hal_tim.o
    0x08000ba2   0x08000ba2   0x0000005c   Code   RO          428    .text.HAL_UART_Init  stm32f1xx_hal_uart.o
    0x08000bfe   0x08000bfe   0x00000002   PAD
    0x08000c00   0x08000c00   0x000000e0   Code   RO           33    .text.HAL_UART_MspInit  stm32f1xx_hal_msp.o
    0x08000ce0   0x08000ce0   0x0000001c   Code   RO           75    .text.HardFault_Handler  stm32f1xx_it.o
    0x08000cfc   0x08000cfc   0x000000e4   Code   RO           58    .text.MX_GPIO_Init  mcu_init.o
    0x08000de0   0x08000de0   0x0000003c   Code   RO           52    .text.MX_TIM6_Init  mcu_init.o
    0x08000e1c   0x08000e1c   0x00000038   Code   RO           54    .text.MX_USART1_UART_Init  mcu_init.o
    0x08000e54   0x08000e54   0x00000038   Code   RO           56    .text.MX_USART2_UART_Init  mcu_init.o
    0x08000e8c   0x08000e8c   0x0000001c   Code   RO           77    .text.MemManage_Handler  stm32f1xx_it.o
    0x08000ea8   0x08000ea8   0x00000020   Code   RO           73    .text.NMI_Handler   stm32f1xx_it.o
    0x08000ec8   0x08000ec8   0x00000024   Code   RO          714    .text.NVIC_SetPriority  stm32f1xx_hal_cortex.o
    0x08000eec   0x08000eec   0x00000002   Code   RO           87    .text.PendSV_Handler  stm32f1xx_it.o
    0x08000eee   0x08000eee   0x00000002   Code   RO           83    .text.SVC_Handler   stm32f1xx_it.o
    0x08000ef0   0x08000ef0   0x00000004   Code   RO           89    .text.SysTick_Handler  stm32f1xx_it.o
    0x08000ef4   0x08000ef4   0x00000050   Code   RO           46    .text.SystemClock_Config  mcu_init.o
    0x08000f44   0x08000f44   0x0000004c   Code   RO           11    .text.SystemInit    system_stm32f1xx.o
    0x08000f90   0x08000f90   0x00000020   Code   RO           95    .text.TIM6_IRQHandler  stm32f1xx_it.o
    0x08000fb0   0x08000fb0   0x00000074   Code   RO          138    .text.TIM_Base_SetConfig  stm32f1xx_hal_tim.o
    0x08001024   0x08001024   0x000000e4   Code   RO          432    .text.UART_SetConfig  stm32f1xx_hal_uart.o
    0x08001108   0x08001108   0x00000004   Code   RO           91    .text.USART1_IRQHandler  stm32f1xx_it.o
    0x0800110c   0x0800110c   0x0000000c   Code   RO           93    .text.USART2_IRQHandler  stm32f1xx_it.o
    0x08001118   0x08001118   0x0000000c   Code   RO           81    .text.UsageFault_Handler  stm32f1xx_it.o
    0x08001124   0x08001124   0x00000004   Code   RO          902    .text.fputc         intermediate_uart.o
    0x08001128   0x08001128   0x00000008   Code   RO          886    .text.get_tick      intermediate_time.o
    0x08001130   0x08001130   0x0000000c   Code   RO          888    .text.get_timer_tick  intermediate_time.o
    0x0800113c   0x0800113c   0x00000028   Code   RO          862    .text.led_control   intermediate_led.o
    0x08001164   0x08001164   0x00000048   Code   RO          950    .text.main          main.o
    0x080011ac   0x080011ac   0x00000060   Code   RO          987    .text.manager_enque_isr  task_manager.o
    0x0800120c   0x0800120c   0x00000012   Code   RO          985    .text.manager_init  task_manager.o
    0x0800121e   0x0800121e   0x00000002   PAD
    0x08001220   0x08001220   0x00000088   Code   RO          989    .text.manager_scan  task_manager.o
    0x080012a8   0x080012a8   0x0000001e   Code   RO          940    .text.mcu_init      intermediate_layer.o
    0x080012c6   0x080012c6   0x00000002   PAD
    0x080012c8   0x080012c8   0x00000028   Code   RO         1054    .text.output_string  terminal.o
    0x080012f0   0x080012f0   0x00000204   Code   RO         1060    .text.recv_semantic_analysis  terminal.o
    0x080014f4   0x080014f4   0x00000010   Code   RO          904    .text.sendchar      intermediate_uart.o
    0x08001504   0x08001504   0x00000068   Code   RO         1062    .text.separate_string  terminal.o
    0x0800156c   0x0800156c   0x00000010   Code   RO          920    .text.serial1_put_char  intermediate_uart.o
    0x0800157c   0x0800157c   0x00000010   Code   RO          991    .text.task_enter_critical  task_manager.o
    0x0800158c   0x0800158c   0x0000001c   Code   RO          993    .text.task_exit_critical  task_manager.o
    0x080015a8   0x080015a8   0x0000002c   Code   RO         1006    .text.task_list_init  task_list.o
    0x080015d4   0x080015d4   0x00000078   Code   RO         1008    .text.task_list_pop  task_list.o
    0x0800164c   0x0800164c   0x000000ac   Code   RO         1014    .text.task_list_print  task_list.o
    0x080016f8   0x080016f8   0x00000148   Code   RO         1010    .text.task_list_push  task_list.o
    0x08001840   0x08001840   0x00000058   Code   RO          965    .text.task_test     debug.o
    0x08001898   0x08001898   0x0000023c   Code   RO         1058    .text.terminal_handler  terminal.o
    0x08001ad4   0x08001ad4   0x0000001c   Code   RO         1052    .text.terminal_init  terminal.o
    0x08001af0   0x08001af0   0x00000098   Code   RO         1056    .text.terminal_input_predeal  terminal.o
    0x08001b88   0x08001b88   0x00000006   Code   RO          961    .text.test          debug.o
    0x08001b8e   0x08001b8e   0x00000002   PAD
    0x08001b90   0x08001b90   0x00000014   Code   RO          884    .text.timer_irq_callback  intermediate_time.o
    0x08001ba4   0x08001ba4   0x00000168   Code   RO         1031    .text.timer_list_add  timer_list.o
    0x08001d0c   0x08001d0c   0x00000090   Code   RO         1037    .text.timer_list_delete  timer_list.o
    0x08001d9c   0x08001d9c   0x00000010   Code   RO         1039    .text.timer_list_empty  timer_list.o
    0x08001dac   0x08001dac   0x00000034   Code   RO         1027    .text.timer_list_init  timer_list.o
    0x08001de0   0x08001de0   0x000000e8   Code   RO         1029    .text.timer_list_pop  timer_list.o
    0x08001ec8   0x08001ec8   0x000000d0   Code   RO         1033    .text.timer_list_print  timer_list.o
    0x08001f98   0x08001f98   0x000000bc   Code   RO         1035    .text.timer_list_push  timer_list.o
    0x08002054   0x08002054   0x00000070   Code   RO          963    .text.timer_test    debug.o
    0x080020c4   0x080020c4   0x00000018   Code   RO          916    .text.uart1_irq_callback  intermediate_uart.o
    0x080020dc   0x080020dc   0x00000020   Code   RO         1304    i.__0printf$8       mc_w.l(printf8.o)
    0x080020fc   0x080020fc   0x0000000e   Code   RO         1397    i.__scatterload_copy  mc_w.l(handlers.o)
    0x0800210a   0x0800210a   0x00000002   Code   RO         1398    i.__scatterload_null  mc_w.l(handlers.o)
    0x0800210c   0x0800210c   0x0000000e   Code   RO         1399    i.__scatterload_zeroinit  mc_w.l(handlers.o)
    0x0800211a   0x0800211a   0x00000002   PAD
    0x0800211c   0x0800211c   0x00000410   Code   RO         1311    i._printf_core      mc_w.l(printf8.o)
    0x0800252c   0x0800252c   0x00000024   Code   RO         1312    i._printf_post_padding  mc_w.l(printf8.o)
    0x08002550   0x08002550   0x0000002e   Code   RO         1313    i._printf_pre_padding  mc_w.l(printf8.o)
    0x0800257e   0x0800257e   0x00000002   PAD
    0x08002580   0x08002580   0x0000000c   Code   RO         1080    i.putchar           mc_w.l(putchar.o)
    0x0800258c   0x0800258c   0x00000024   Code   RO         1078    i.puts              mc_w.l(puts.o)
    0x080025b0   0x080025b0   0x00000010   Data   RO           16    .rodata.AHBPrescTable  system_stm32f1xx.o
    0x080025c0   0x080025c0   0x00000008   Data   RO           17    .rodata.APBPrescTable  system_stm32f1xx.o
    0x080025c8   0x080025c8   0x00000008   Data   RO          873    .rodata.led_pin_map  intermediate_led.o
    0x080025d0   0x080025d0   0x00000008   Data   RO          872    .rodata.led_port_map  intermediate_led.o
    0x080025d8   0x080025d8   0x00000008   Data   RO          874    .rodata.led_state_map  intermediate_led.o
    0x080025e0   0x080025e0   0x0000003c   Data   RO         1065    .rodata.stFunTab    terminal.o
    0x0800261c   0x0800261c   0x00000014   Data   RO           97    .rodata.str1.1      stm32f1xx_it.o
    0x08002630   0x08002630   0x0000003d   Data   RO         1017    .rodata.str1.1      task_list.o
    0x0800266d   0x0800266d   0x0000001e   Data   RO         1042    .rodata.str1.1      timer_list.o
    0x0800268b   0x0800268b   0x00000060   Data   RO         1064    .rodata.str1.1      terminal.o
    0x080026eb   0x080026eb   0x00000001   PAD
    0x080026ec   0x080026ec   0x00000020   Data   RO         1396    Region$$Table       anon$$obj.o


    Execution Region RW_IRAM1 (Exec base: 0x20000000, Load base: 0x08002710, Size: 0x00000a48, Max: 0x00010000, ABSOLUTE)

    Exec Addr    Load Addr    Size         Type   Attr      Idx    E Section Name        Object

    0x20000000   0x08002710   0x00000004   Data   RW         1087    .data               mc_w.l(rand.o)
    0x20000004   0x08002714   0x00000008   Data   RW          588    .data..L_MergedGlobals  stm32f1xx_hal.o
    0x2000000c   0x0800271c   0x00000004   Data   RW           15    .data.SystemCoreClock  system_stm32f1xx.o
    0x20000010        -       0x00000008   Zero   RW          892    .bss..L_MergedGlobals  intermediate_time.o
    0x20000018        -       0x00000054   Zero   RW          927    .bss.__stdout       intermediate_uart.o
    0x2000006c        -       0x00000001   Zero   RW          995    .bss.critical_nesting  task_manager.o
    0x2000006d   0x08002720   0x00000003   PAD
    0x20000070        -       0x00000040   Zero   RW           61    .bss.htim6          mcu_init.o
    0x200000b0        -       0x00000040   Zero   RW           62    .bss.huart1         mcu_init.o
    0x200000f0        -       0x00000040   Zero   RW           63    .bss.huart2         mcu_init.o
    0x20000130        -       0x00000184   Zero   RW          996    .bss.stQueue        task_manager.o
    0x200002b4        -       0x0000014c   Zero   RW         1016    .bss.stTask         task_list.o
    0x20000400        -       0x00000070   Zero   RW         1066    .bss.stTerminal     terminal.o
    0x20000470        -       0x000001d0   Zero   RW         1041    .bss.stTimer        timer_list.o
    0x20000640        -       0x00000004   Zero   RW          587    .bss.uwTick         stm32f1xx_hal.o
    0x20000644   0x08002720   0x00000004   PAD
    0x20000648        -       0x00000400   Zero   RW            1    STACK               startup_stm32f103xe.o


==============================================================================

Image component sizes


      Code (inc. data)   RO Data    RW Data    ZI Data      Debug   Object Name

       206          8          0          0          0       2320   debug.o
        30          0          0          0          0        503   intermediate_layer.o
        40         12         24          0          0       2185   intermediate_led.o
        40          8          0          0          8       1180   intermediate_time.o
        60          8          0          0         84       2788   intermediate_uart.o
        72         24          0          0          0       1272   main.o
       480         36          0          0        192       6867   mcu_init.o
        36          8        304          0       1024        792   startup_stm32f103xe.o
       120          8          0          8          4       5912   stm32f1xx_hal.o
       192         28          0          0          0       8132   stm32f1xx_hal_cortex.o
       430         48          0          0          0       4410   stm32f1xx_hal_gpio.o
       348         12          0          0          0       7235   stm32f1xx_hal_msp.o
      1286         72          0          0          0       6880   stm32f1xx_hal_rcc.o
       190         20          0          0          0      33178   stm32f1xx_hal_tim.o
        68          0          0          0          0      13357   stm32f1xx_hal_tim_ex.o
       320         12          0          0          0      15508   stm32f1xx_hal_uart.o
       170         72         20          0          0       2296   stm32f1xx_it.o
        76         16         24          4          0       2119   system_stm32f1xx.o
       664        216         61          0        332       2765   task_list.o
       294          8          0          0        389       2776   task_manager.o
      1412        158        156          0        112       5239   terminal.o
      1200        296         30          0        464       3572   timer_list.o

    ----------------------------------------------------------------------
      7748       1070        652         12       2616     131286   Object Totals
         0          0         32          0          0          0   (incl. Generated)
        14          0          1          0          7          0   (incl. Padding)

    ----------------------------------------------------------------------

      Code (inc. data)   RO Data    RW Data    ZI Data      Debug   Library Member Name

         0          0          0          0          0          0   entry.o
         0          0          0          0          0          0   entry10a.o
         0          0          0          0          0          0   entry11a.o
         8          4          0          0          0          0   entry2.o
         4          0          0          0          0          0   entry5.o
         0          0          0          0          0          0   entry7b.o
         0          0          0          0          0          0   entry8b.o
         8          4          0          0          0          0   entry9a.o
        30          0          0          0          0          0   handlers.o
        36          8          0          0          0         68   init.o
        30          0          0          0          0         68   llshl.o
        32          0          0          0          0         68   llushr.o
        36          0          0          0          0        108   memseta.o
      1154         54          0          0          0        352   printf8.o
        12          6          0          0          0         68   putchar.o
        36          6          0          0          0         80   puts.o
        36         10          0          4          0        136   rand.o
        14          0          0          0          0         68   strlen.o
        30          0          0          0          0         80   strncmp.o
        24          0          0          0          0         76   strncpy.o
        98          0          0          0          0         92   uldiv.o

    ----------------------------------------------------------------------
      1596         92          0          4          0       1264   Library Totals
         8          0          0          0          0          0   (incl. Padding)

    ----------------------------------------------------------------------

      Code (inc. data)   RO Data    RW Data    ZI Data      Debug   Library Name

      1588         92          0          4          0       1264   mc_w.l

    ----------------------------------------------------------------------
      1596         92          0          4          0       1264   Library Totals

    ----------------------------------------------------------------------

==============================================================================


      Code (inc. data)   RO Data    RW Data    ZI Data      Debug   

      9344       1162        652         16       2616     131810   Grand Totals
      9344       1162        652         16       2616     131810   ELF Image Totals
      9344       1162        652         16          0          0   ROM Totals

==============================================================================

    Total RO  Size (Code + RO Data)                 9996 (   9.76kB)
    Total RW  Size (RW Data + ZI Data)              2632 (   2.57kB)
    Total ROM Size (Code + RO Data + RW Data)      10012 (   9.78kB)

==============================================================================

