Component: ARM Compiler 6.12 Tool: armlink [5d624300]

==============================================================================

Section Cross References

    startup_stm32f103xe.o(RESET) refers to startup_stm32f103xe.o(STACK) for __initial_sp
    startup_stm32f103xe.o(RESET) refers to startup_stm32f103xe.o(.text) for Reset_Handler
    startup_stm32f103xe.o(RESET) refers to stm32f1xx_it.o(.text.NMI_Handler) for NMI_Handler
    startup_stm32f103xe.o(RESET) refers to stm32f1xx_it.o(.text.HardFault_Handler) for HardFault_Handler
    startup_stm32f103xe.o(RESET) refers to stm32f1xx_it.o(.text.MemManage_Handler) for MemManage_Handler
    startup_stm32f103xe.o(RESET) refers to stm32f1xx_it.o(.text.BusFault_Handler) for BusFault_Handler
    startup_stm32f103xe.o(RESET) refers to stm32f1xx_it.o(.text.UsageFault_Handler) for UsageFault_Handler
    startup_stm32f103xe.o(RESET) refers to stm32f1xx_it.o(.text.SVC_Handler) for SVC_Handler
    startup_stm32f103xe.o(RESET) refers to stm32f1xx_it.o(.text.DebugMon_Handler) for DebugMon_Handler
    startup_stm32f103xe.o(RESET) refers to stm32f1xx_it.o(.text.PendSV_Handler) for PendSV_Handler
    startup_stm32f103xe.o(RESET) refers to stm32f1xx_it.o(.text.SysTick_Handler) for SysTick_Handler
    startup_stm32f103xe.o(RESET) refers to stm32f1xx_it.o(.text.USART1_IRQHandler) for USART1_IRQHandler
    startup_stm32f103xe.o(RESET) refers to stm32f1xx_it.o(.text.USART2_IRQHandler) for USART2_IRQHandler
    startup_stm32f103xe.o(RESET) refers to stm32f1xx_it.o(.text.TIM6_IRQHandler) for TIM6_IRQHandler
    startup_stm32f103xe.o(.text) refers to system_stm32f1xx.o(.text.SystemInit) for SystemInit
    startup_stm32f103xe.o(.text) refers to entry.o(.ARM.Collect$$$$00000000) for __main
    system_stm32f1xx.o(.ARM.exidx.text.SystemInit) refers to system_stm32f1xx.o(.text.SystemInit) for [Anonymous Symbol]
    system_stm32f1xx.o(.text.SystemCoreClockUpdate) refers to system_stm32f1xx.o(.data.SystemCoreClock) for SystemCoreClock
    system_stm32f1xx.o(.text.SystemCoreClockUpdate) refers to system_stm32f1xx.o(.rodata.AHBPrescTable) for AHBPrescTable
    system_stm32f1xx.o(.ARM.exidx.text.SystemCoreClockUpdate) refers to system_stm32f1xx.o(.text.SystemCoreClockUpdate) for [Anonymous Symbol]
    stm32f1xx_hal_msp.o(.text.HAL_MspInit) refers to stm32f1xx_hal_cortex.o(.text.HAL_NVIC_SetPriorityGrouping) for HAL_NVIC_SetPriorityGrouping
    stm32f1xx_hal_msp.o(.ARM.exidx.text.HAL_MspInit) refers to stm32f1xx_hal_msp.o(.text.HAL_MspInit) for [Anonymous Symbol]
    stm32f1xx_hal_msp.o(.text.HAL_TIM_Base_MspInit) refers to stm32f1xx_hal_cortex.o(.text.HAL_NVIC_SetPriority) for HAL_NVIC_SetPriority
    stm32f1xx_hal_msp.o(.text.HAL_TIM_Base_MspInit) refers to stm32f1xx_hal_cortex.o(.text.HAL_NVIC_EnableIRQ) for HAL_NVIC_EnableIRQ
    stm32f1xx_hal_msp.o(.ARM.exidx.text.HAL_TIM_Base_MspInit) refers to stm32f1xx_hal_msp.o(.text.HAL_TIM_Base_MspInit) for [Anonymous Symbol]
    stm32f1xx_hal_msp.o(.text.HAL_TIM_Base_MspDeInit) refers to stm32f1xx_hal_cortex.o(.text.HAL_NVIC_DisableIRQ) for HAL_NVIC_DisableIRQ
    stm32f1xx_hal_msp.o(.ARM.exidx.text.HAL_TIM_Base_MspDeInit) refers to stm32f1xx_hal_msp.o(.text.HAL_TIM_Base_MspDeInit) for [Anonymous Symbol]
    stm32f1xx_hal_msp.o(.text.HAL_UART_MspInit) refers to stm32f1xx_hal_gpio.o(.text.HAL_GPIO_Init) for HAL_GPIO_Init
    stm32f1xx_hal_msp.o(.text.HAL_UART_MspInit) refers to stm32f1xx_hal_cortex.o(.text.HAL_NVIC_SetPriority) for HAL_NVIC_SetPriority
    stm32f1xx_hal_msp.o(.text.HAL_UART_MspInit) refers to stm32f1xx_hal_cortex.o(.text.HAL_NVIC_EnableIRQ) for HAL_NVIC_EnableIRQ
    stm32f1xx_hal_msp.o(.ARM.exidx.text.HAL_UART_MspInit) refers to stm32f1xx_hal_msp.o(.text.HAL_UART_MspInit) for [Anonymous Symbol]
    stm32f1xx_hal_msp.o(.text.HAL_UART_MspDeInit) refers to stm32f1xx_hal_gpio.o(.text.HAL_GPIO_DeInit) for HAL_GPIO_DeInit
    stm32f1xx_hal_msp.o(.text.HAL_UART_MspDeInit) refers to stm32f1xx_hal_cortex.o(.text.HAL_NVIC_DisableIRQ) for HAL_NVIC_DisableIRQ
    stm32f1xx_hal_msp.o(.ARM.exidx.text.HAL_UART_MspDeInit) refers to stm32f1xx_hal_msp.o(.text.HAL_UART_MspDeInit) for [Anonymous Symbol]
    mcu_init.o(.text.SystemClock_Config) refers to stm32f1xx_hal_rcc.o(.text.HAL_RCC_OscConfig) for HAL_RCC_OscConfig
    mcu_init.o(.text.SystemClock_Config) refers to stm32f1xx_hal_rcc.o(.text.HAL_RCC_ClockConfig) for HAL_RCC_ClockConfig
    mcu_init.o(.text.SystemClock_Config) refers to stm32f1xx_hal_rcc.o(.text.HAL_RCC_EnableCSS) for HAL_RCC_EnableCSS
    mcu_init.o(.ARM.exidx.text.SystemClock_Config) refers to mcu_init.o(.text.SystemClock_Config) for [Anonymous Symbol]
    mcu_init.o(.ARM.exidx.text.Error_Handler) refers to mcu_init.o(.text.Error_Handler) for [Anonymous Symbol]
    mcu_init.o(.text.MX_IWDG_Init) refers to stm32f1xx_hal_iwdg.o(.text.HAL_IWDG_Init) for HAL_IWDG_Init
    mcu_init.o(.text.MX_IWDG_Init) refers to stm32f1xx_hal_iwdg.o(.text.HAL_IWDG_Refresh) for HAL_IWDG_Refresh
[...]
    Removing intermediate_uart.o(.text.getkey), (4 bytes).
    Removing intermediate_uart.o(.ARM.exidx.text.getkey), (8 bytes).
    Removing intermediate_uart.o(.text.ferror), (6 bytes).
    Removing intermediate_uart.o(.ARM.exidx.text.ferror), (8 bytes).
    Removing intermediate_uart.o(.text._ttywrch), (4 bytes).
    Removing intermediate_uart.o(.ARM.exidx.text._ttywrch), (8 bytes).
    Removing intermediate_uart.o(.text._sys_exit), (2 bytes).
    Removing intermediate_uart.o(.ARM.exidx.text._sys_exit), (8 bytes).
    Removing intermediate_uart.o(.ARM.exidx.text.uart2_irq_callback), (8 bytes).
    Removing intermediate_uart.o(.ARM.exidx.text.serial2_put_char), (8 bytes).
    Removing intermediate_uart.o(.text.serial1_put_char), (16 bytes).
    Removing intermediate_uart.o(.ARM.exidx.text.serial1_put_char), (8 bytes).
    Removing intermediate_uart.o(.text.uart1_irq_callback), (16 bytes).
    Removing intermediate_uart.o(.ARM.exidx.text.uart1_irq_callback), (8 bytes).
    Removing intermediate_uart.o(.text.de_queue), (48 bytes).
    Removing intermediate_uart.o(.ARM.exidx.text.de_queue), (8 bytes).
    Removing intermediate_uart.o(.bss.stUart), (82 bytes).
    Removing intermediate_uart.o(.bss.__stdin), (84 bytes).
    Removing intermediate_layer.o(.text), (0 bytes).
    Removing intermediate_layer.o(.text.iwdg_refresh), (12 bytes).
    Removing intermediate_layer.o(.ARM.exidx.text.iwdg_refresh), (8 bytes).
    Removing intermediate_layer.o(.ARM.exidx.text.mcu_init), (8 bytes).
    Removing main.o(.text), (0 bytes).
    Removing main.o(.ARM.exidx.text.main), (8 bytes).
    Removing main.o(.ARM.use_no_argv), (4 bytes).
    Removing app_layer.o(.text), (0 bytes).
    Removing debug.o(.text), (0 bytes).
    Removing debug.o(.ARM.exidx.text.test), (8 bytes).
    Removing debug.o(.ARM.exidx.text.timer_test), (8 bytes).
    Removing debug.o(.ARM.exidx.text.task_test), (8 bytes).
    Removing debug.o(.text.task_print1), (32 bytes).
    Removing debug.o(.ARM.exidx.text.task_print1), (8 bytes).
    Removing debug.o(.text.task_print2), (32 bytes).
    Removing debug.o(.ARM.exidx.text.task_print2), (8 bytes).
    Removing debug.o(.text.add_task1), (32 bytes).
    Removing debug.o(.ARM.exidx.text.add_task1), (8 bytes).
    Removing debug.o(.text.add_task2), (64 bytes).
    Removing debug.o(.ARM.exidx.text.add_task2), (8 bytes).
    Removing task_manager.o(.text), (0 bytes).
    Removing task_manager.o(.ARM.exidx.text.manager_init), (8 bytes).
    Removing task_manager.o(.ARM.exidx.text.manager_enque_isr), (8 bytes).
    Removing task_manager.o(.ARM.exidx.text.manager_scan), (8 bytes).
    Removing task_manager.o(.ARM.exidx.text.task_enter_critical), (8 bytes).
    Removing task_manager.o(.ARM.exidx.text.task_exit_critical), (8 bytes).
    Removing task_list.o(.text), (0 bytes).
    Removing task_list.o(.ARM.exidx.text.task_list_init), (8 bytes).
    Removing task_list.o(.ARM.exidx.text.task_list_pop), (8 bytes).
    Removing task_list.o(.ARM.exidx.text.task_list_push), (8 bytes).
    Removing task_list.o(.ARM.exidx.text.task_list_delete), (8 bytes).
    Removing task_list.o(.ARM.exidx.text.task_list_print), (8 bytes).
    Removing timer_list.o(.text), (0 bytes).
    Removing timer_list.o(.ARM.exidx.text.timer_list_init), (8 bytes).
    Removing timer_list.o(.ARM.exidx.text.timer_list_pop), (8 bytes).
    Removing timer_list.o(.ARM.exidx.text.timer_list_add), (8 bytes).
    Removing timer_list.o(.ARM.exidx.text.timer_list_print), (8 bytes).
    Removing timer_list.o(.ARM.exidx.text.timer_list_push), (8 bytes).
    Removing timer_list.o(.ARM.exidx.text.timer_list_delete), (8 bytes).
    Removing timer_list.o(.ARM.exidx.text.timer_list_empty), (8 bytes).
    Removing terminal.o(.text), (0 bytes).
    Removing terminal.o(.ARM.exidx.text.user_help), (8 bytes).
    Removing terminal.o(.ARM.exidx.text.software_reset), (8 bytes).
    Removing terminal.o(.ARM.exidx.text.tester_login), (8 bytes).
    Removing terminal.o(.ARM.exidx.text.admin_login), (8 bytes).
    Removing terminal.o(.ARM.exidx.text.terminal_handler), (8 bytes).
    Removing terminal.o(.ARM.exidx.text.output_string), (8 bytes).
    Removing terminal.o(.ARM.exidx.text.recv_semantic_analysis), (8 bytes).
    Removing terminal.o(.ARM.exidx.text.terminal_init), (8 bytes).
    Removing terminal.o(.ARM.exidx.text.terminal_input_predeal), (8 bytes).
    Removing terminal.o(.ARM.exidx.text.check_login_cmd), (8 bytes).
    Removing terminal.o(.ARM.exidx.text.separate_string), (8 bytes).
    Removing terminal.o(.ARM.exidx.text.NVIC_SystemReset), (8 bytes).
    Removing terminal.o(.rodata..L__const.terminal_handler.backSpace), (3 bytes).
    Removing list.o(.text), (0 bytes).
    Removing list.o(.text.stack_init), (20 bytes).
    Removing list.o(.ARM.exidx.text.stack_init), (8 bytes).
    Removing list.o(.text.stack_push), (60 bytes).
    Removing list.o(.ARM.exidx.text.stack_push), (8 bytes).
    Removing list.o(.text.stack_pop), (56 bytes).
    Removing list.o(.ARM.exidx.text.stack_pop), (8 bytes).
    Removing list.o(.text.stack_empty), (12 bytes).
    Removing list.o(.ARM.exidx.text.stack_empty), (8 bytes).
    Removing list.o(.text.stack_full), (14 bytes).
    Removing list.o(.ARM.exidx.text.stack_full), (8 bytes).
    Removing list.o(.rodata.str1.1), (56 bytes).
    Removing dadd.o(.text), (334 bytes).
    Removing dmul.o(.text), (228 bytes).
    Removing ddiv.o(.text), (222 bytes).
    Removing dfixul.o(.text), (48 bytes).
    Removing cdrcmple.o(.text), (48 bytes).
    Removing depilogue.o(.text), (186 bytes).

765 unused section(s) (total 26413 bytes) removed from the image.

==============================================================================

Image Symbol Table

    Local Symbols

    Symbol Name                              Value     Ov Type        Size  Object(Section)

    ../clib/microlib/division.c              0x00000000   Number         0  uidiv.o ABSOLUTE
    ../clib/microlib/division.c              0x00000000   Number         0  uldiv.o ABSOLUTE
    ../clib/microlib/init/entry.s            0x00000000   Number         0  entry.o ABSOLUTE
    ../clib/microlib/init/entry.s            0x00000000   Number         0  entry2.o ABSOLUTE
    ../clib/microlib/init/entry.s            0x00000000   Number         0  entry5.o ABSOLUTE
    ../clib/microlib/init/entry.s            0x00000000   Number         0  entry7a.o ABSOLUTE
    ../clib/microlib/init/entry.s            0x00000000   Number         0  entry7b.o ABSOLUTE
    ../clib/microlib/init/entry.s            0x00000000   Number         0  entry8a.o ABSOLUTE
    ../clib/microlib/init/entry.s            0x00000000   Number         0  entry8b.o ABSOLUTE
    ../clib/microlib/init/entry.s            0x00000000   Number         0  entry9a.o ABSOLUTE
    ../clib/microlib/init/entry.s            0x00000000   Number         0  entry9b.o ABSOLUTE
    ../clib/microlib/init/entry.s            0x00000000   Number         0  entry10a.o ABSOLUTE
    ../clib/microlib/init/entry.s            0x00000000   Number         0  entry10b.o ABSOLUTE
    ../clib/microlib/init/entry.s            0x00000000   Number         0  entry11a.o ABSOLUTE
    ../clib/microlib/init/entry.s            0x00000000   Number         0  entry11b.o ABSOLUTE
    ../clib/microlib/longlong.c              0x00000000   Number         0  llushr.o ABSOLUTE
    ../clib/microlib/longlong.c              0x00000000   Number         0  llshl.o ABSOLUTE
    ../clib/microlib/longlong.c              0x00000000   Number         0  llsshr.o ABSOLUTE
    ../clib/microlib/printf/printf.c         0x00000000   Number         0  printfb.o ABSOLUTE
    ../clib/microlib/printf/printf.c         0x00000000   Number         0  printf0.o ABSOLUTE
    ../clib/microlib/printf/printf.c         0x00000000   Number         0  printf1.o ABSOLUTE
    ../clib/microlib/printf/printf.c         0x00000000   Number         0  printf2.o ABSOLUTE
    ../clib/microlib/printf/printf.c         0x00000000   Number         0  printf3.o ABSOLUTE
    ../clib/microlib/printf/printf.c         0x00000000   Number         0  printf4.o ABSOLUTE
    ../clib/microlib/printf/printf.c         0x00000000   Number         0  printf5.o ABSOLUTE
    ../clib/microlib/printf/printf.c         0x00000000   Number         0  printf6.o ABSOLUTE
    ../clib/microlib/printf/printf.c         0x00000000   Number         0  printf7.o ABSOLUTE
    ../clib/microlib/printf/printf.c         0x00000000   Number         0  printf8.o ABSOLUTE
    ../clib/microlib/printf/printf.c         0x00000000   Number         0  printfa.o ABSOLUTE
    ../clib/microlib/printf/stubs.s          0x00000000   Number         0  stubs.o ABSOLUTE
    ../clib/microlib/stdio/putchar.c         0x00000000   Number         0  putchar.o ABSOLUTE
    ../clib/microlib/stdio/puts.c            0x00000000   Number         0  puts.o ABSOLUTE
    ../clib/microlib/stdio/puts.c            0x00000000   Number         0  puts_e.o ABSOLUTE
    ../clib/microlib/stdlib/rand.c           0x00000000   Number         0  rand.o ABSOLUTE
    ../clib/microlib/string/memset.c         0x00000000   Number         0  memseta.o ABSOLUTE
    ../clib/microlib/string/strcmp.c         0x00000000   Number         0  strcmp.o ABSOLUTE
    ../clib/microlib/string/strlen.c         0x00000000   Number         0  strlen.o ABSOLUTE
    ../clib/microlib/string/strncmp.c        0x00000000   Number         0  strncmp.o ABSOLUTE
    ../clib/microlib/string/strncpy.c        0x00000000   Number         0  strncpy.o ABSOLUTE
    ../clib/microlib/stubs.s                 0x00000000   Number         0  useno.o ABSOLUTE
    ../clib/microlib/stubs.s                 0x00000000   Number         0  iusefp.o ABSOLUTE
    ../fplib/microlib/fpadd.c                0x00000000   Number         0  dadd.o ABSOLUTE
    ../fplib/microlib/fpdiv.c                0x00000000   Number         0  ddiv.o ABSOLUTE
    ../fplib/microlib/fpepilogue.c           0x00000000   Number         0  depilogue.o ABSOLUTE
    ../fplib/microlib/fpfix.c                0x00000000   Number         0  dfixul.o ABSOLUTE
    ../fplib/microlib/fpmul.c                0x00000000   Number         0  dmul.o ABSOLUTE
    app_layer.c                              0x00000000   Number         0  app_layer.o ABSOLUTE
    cdrcmple.s                               0x00000000   Number         0  cdrcmple.o ABSOLUTE
    dc.s                                     0x00000000   Number         0  dc.o ABSOLUTE
    debug.c                                  0x00000000   Number         0  debug.o ABSOLUTE
    handlers.s                               0x00000000   Number         0  handlers.o ABSOLUTE
    init.s                                   0x00000000   Number         0  init.o ABSOLUTE
    intermediate_key.c                       0x00000000   Number         0  intermediate_key.o ABSOLUTE
    intermediate_layer.c                     0x00000000   Number         0  intermediate_layer.o ABSOLUTE
    intermediate_led.c                       0x00000000   Number         0  intermediate_led.o ABSOLUTE
    intermediate_time.c                      0x00000000   Number         0  intermediate_time.o ABSOLUTE
    intermediate_uart.c                      0x00000000   Number         0  intermediate_uart.o ABSOLUTE
    list.c                                   0x00000000   Number         0  list.o ABSOLUTE
    main.c                                   0x00000000   Number         0  main.o ABSOLUTE
    mcu_init.c                               0x00000000   Number         0  mcu_init.o ABSOLUTE
    startup_stm32f103xe.s                    0x00000000   Number         0  startup_stm32f103xe.o ABSOLUTE
    stm32f1xx_hal.c                          0x00000000   Number         0  stm32f1xx_hal.o ABSOLUTE
    stm32f1xx_hal_cortex.c                   0x00000000   Number         0  stm32f1xx_hal_cortex.o ABSOLUTE
    stm32f1xx_hal_dma.c                      0x00000000   Number         0  stm32f1xx_hal_dma.o ABSOLUTE
    stm32f1xx_hal_flash.c                    0x00000000   Number         0  stm32f1xx_hal_flash.o ABSOLUTE
    stm32f1xx_hal_flash_ex.c                 0x00000000   Number         0  stm32f1xx_hal_flash_ex.o ABSOLUTE
    stm32f1xx_hal_gpio.c                     0x00000000   Number         0  stm32f1xx_hal_gpio.o ABSOLUTE
    stm32f1xx_hal_gpio_ex.c                  0x00000000   Number         0  stm32f1xx_hal_gpio_ex.o ABSOLUTE
    stm32f1xx_hal_iwdg.c                     0x00000000   Number         0  stm32f1xx_hal_iwdg.o ABSOLUTE
    stm32f1xx_hal_msp.c                      0x00000000   Number         0  stm32f1xx_hal_msp.o ABSOLUTE
    stm32f1xx_hal_pwr.c                      0x00000000   Number         0  stm32f1xx_hal_pwr.o ABSOLUTE
    stm32f1xx_hal_rcc.c                      0x00000000   Number         0  stm32f1xx_hal_rcc.o ABSOLUTE
    stm32f1xx_hal_rcc_ex.c                   0x00000000   Number         0  stm32f1xx_hal_rcc_ex.o ABSOLUTE
    stm32f1xx_hal_tim.c                      0x00000000   Number         0  stm32f1xx_hal_tim.o ABSOLUTE
    stm32f1xx_hal_tim_ex.c                   0x00000000   Number         0  stm32f1xx_hal_tim_ex.o ABSOLUTE
    stm32f1xx_hal_uart.c                     0x00000000   Number         0  stm32f1xx_hal_uart.o ABSOLUTE
    stm32f1xx_it.c                           0x00000000   Number         0  stm32f1xx_it.o ABSOLUTE
    system_stm32f1xx.c                       0x00000000   Number         0  system_stm32f1xx.o ABSOLUTE
    task_list.c                              0x00000000   Number         0  task_list.o ABSOLUTE
    task_manager.c                           0x00000000   Number         0  task_manager.o ABSOLUTE
    terminal.c                               0x00000000   Number         0  terminal.o ABSOLUTE
    timer_list.c                             0x00000000   Number         0  timer_list.o ABSOLUTE
    RESET                                    0x08003000   Section      304  startup_stm32f103xe.o(RESET)
    .ARM.Collect$$$$00000000                 0x08003130   Section        0  entry.o(.ARM.Collect$$$$00000000)
    .ARM.Collect$$$$00000001                 0x08003130   Section        4  entry2.o(.ARM.Collect$$$$00000001)
    .ARM.Collect$$$$00000004                 0x08003134   Section        4  entry5.o(.ARM.Collect$$$$00000004)
    .ARM.Collect$$$$00000008                 0x08003138   Section        0  entry7b.o(.ARM.Collect$$$$00000008)
    .ARM.Collect$$$$0000000A                 0x08003138   Section        0  entry8b.o(.ARM.Collect$$$$0000000A)
    .ARM.Collect$$$$0000000B                 0x08003138   Section        8  entry9a.o(.ARM.Collect$$$$0000000B)
    __lit__00000000                          0x08003140   Data           4  entry2.o(.ARM.Collect$$$$00002712)
    .ARM.Collect$$$$0000000D                 0x08003140   Section        0  entry10a.o(.ARM.Collect$$$$0000000D)
    .ARM.Collect$$$$0000000F                 0x08003140   Section        0  entry11a.o(.ARM.Collect$$$$0000000F)
    .ARM.Collect$$$$00002712                 0x08003140   Section        4  entry2.o(.ARM.Collect$$$$00002712)
    .text                                    0x08003144   Section       36  startup_stm32f103xe.o(.text)
    .text                                    0x08003168   Section        0  llushr.o(.text)
    .text                                    0x08003188   Section        0  rand.o(.text)
    .text                                    0x080031ac   Section        0  memseta.o(.text)
    .text                                    0x080031d0   Section        0  strncpy.o(.text)
    .text                                    0x080031e8   Section        0  strlen.o(.text)
    .text                                    0x080031f6   Section        0  strcmp.o(.text)
    .text                                    0x08003212   Section        0  strncmp.o(.text)
    .text                                    0x08003230   Section        0  uldiv.o(.text)
    .text                                    0x08003294   Section       36  init.o(.text)
    .text                                    0x080032b8   Section        0  llshl.o(.text)
    [Anonymous Symbol]                       0x080032d8   Section        0  stm32f1xx_it.o(.text.BusFault_Handler)
    __arm_cp.3_0                             0x080032e0   Number         4  stm32f1xx_it.o(.text.BusFault_Handler)
    [Anonymous Symbol]                       0x080032e4   Section        0  stm32f1xx_it.o(.text.DebugMon_Handler)
    [Anonymous Symbol]                       0x080032e8   Section        0  stm32f1xx_hal_gpio.o(.text.HAL_GPIO_Init)
    __arm_cp.0_0                             0x08003460   Number         4  stm32f1xx_hal_gpio.o(.text.HAL_GPIO_Init)
    __arm_cp.0_1                             0x08003464   Number         4  stm32f1xx_hal_gpio.o(.text.HAL_GPIO_Init)
    __arm_cp.0_2                             0x08003468   Number         4  stm32f1xx_hal_gpio.o(.text.HAL_GPIO_Init)
    __arm_cp.0_3                             0x0800346c   Number         4  stm32f1xx_hal_gpio.o(.text.HAL_GPIO_Init)
    __arm_cp.0_5                             0x08003470   Number         4  stm32f1xx_hal_gpio.o(.text.HAL_GPIO_Init)
    __arm_cp.0_6                             0x08003474   Number         4  stm32f1xx_hal_gpio.o(.text.HAL_GPIO_Init)
    __arm_cp.0_7                             0x08003478   Number         4  stm32f1xx_hal_gpio.o(.text.HAL_GPIO_Init)
    __arm_cp.0_8                             0x0800347c   Number         4  stm32f1xx_hal_gpio.o(.text.HAL_GPIO_Init)
    __arm_cp.0_9                             0x08003480   Number         4  stm32f1xx_hal_gpio.o(.text.HAL_GPIO_Init)
    __arm_cp.0_10                            0x08003484   Number         4  stm32f1xx_hal_gpio.o(.text.HAL_GPIO_Init)
    __arm_cp.0_11                            0x08003488   Number         4  stm32f1xx_hal_gpio.o(.text.HAL_GPIO_Init)
    [Anonymous Symbol]                       0x0800348c   Section        0  stm32f1xx_hal_gpio.o(.text.HAL_GPIO_WritePin)
    [Anonymous Symbol]                       0x08003498   Section        0  stm32f1xx_hal.o(.text.HAL_GetTick)
    [Anonymous Symbol]                       0x080034a0   Section        0  stm32f1xx_hal.o(.text.HAL_IncTick)
    __arm_cp.5_1                             0x080034b0   Number         4  stm32f1xx_hal.o(.text.HAL_IncTick)
    [Anonymous Symbol]                       0x080034b4   Section        0  stm32f1xx_hal.o(.text.HAL_Init)
    [Anonymous Symbol]                       0x080034d4   Section        0  stm32f1xx_hal.o(.text.HAL_InitTick)
    __arm_cp.1_0                             0x0800350c   Number         4  stm32f1xx_hal.o(.text.HAL_InitTick)
    [Anonymous Symbol]                       0x08003510   Section        0  stm32f1xx_hal_msp.o(.text.HAL_MspInit)
    __arm_cp.0_0                             0x0800354c   Number         4  stm32f1xx_hal_msp.o(.text.HAL_MspInit)
    __arm_cp.0_1                             0x08003550   Number         4  stm32f1xx_hal_msp.o(.text.HAL_MspInit)
    [Anonymous Symbol]                       0x08003554   Section        0  stm32f1xx_hal_cortex.o(.text.HAL_NVIC_EnableIRQ)
    __arm_cp.3_0                             0x08003568   Number         4  stm32f1xx_hal_cortex.o(.text.HAL_NVIC_EnableIRQ)
    [Anonymous Symbol]                       0x0800356c   Section        0  stm32f1xx_hal_cortex.o(.text.HAL_NVIC_SetPriority)
    [Anonymous Symbol]                       0x080035a8   Section        0  stm32f1xx_hal_cortex.o(.text.HAL_NVIC_SetPriorityGrouping)
    __arm_cp.0_0                             0x080035c0   Number         4  stm32f1xx_hal_cortex.o(.text.HAL_NVIC_SetPriorityGrouping)
    __arm_cp.0_1                             0x080035c4   Number         4  stm32f1xx_hal_cortex.o(.text.HAL_NVIC_SetPriorityGrouping)
    [Anonymous Symbol]                       0x080035c8   Section        0  stm32f1xx_hal_rcc.o(.text.HAL_RCC_CSSCallback)
    [Anonymous Symbol]                       0x080035cc   Section        0  stm32f1xx_hal_rcc.o(.text.HAL_RCC_ClockConfig)
    __arm_cp.2_0                             0x0800371c   Number         4  stm32f1xx_hal_rcc.o(.text.HAL_RCC_ClockConfig)
    __arm_cp.2_2                             0x08003720   Number         4  stm32f1xx_hal_rcc.o(.text.HAL_RCC_ClockConfig)
    [Anonymous Symbol]                       0x08003724   Section        0  stm32f1xx_hal_rcc.o(.text.HAL_RCC_EnableCSS)
    __arm_cp.5_0                             0x0800372c   Number         4  stm32f1xx_hal_rcc.o(.text.HAL_RCC_EnableCSS)
    [Anonymous Symbol]                       0x08003730   Section        0  stm32f1xx_hal_rcc.o(.text.HAL_RCC_GetPCLK1Freq)
    [Anonymous Symbol]                       0x08003744   Section        0  stm32f1xx_hal_rcc.o(.text.HAL_RCC_GetPCLK2Freq)
    __arm_cp.9_0                             0x08003758   Number         4  stm32f1xx_hal_rcc.o(.text.HAL_RCC_GetPCLK2Freq)
    __arm_cp.9_2                             0x0800375c   Number         4  stm32f1xx_hal_rcc.o(.text.HAL_RCC_GetPCLK2Freq)
    [Anonymous Symbol]                       0x08003760   Section        0  stm32f1xx_hal_rcc.o(.text.HAL_RCC_GetSysClockFreq)
    __arm_cp.3_0                             0x08003798   Number         4  stm32f1xx_hal_rcc.o(.text.HAL_RCC_GetSysClockFreq)
    __arm_cp.3_1                             0x0800379c   Number         4  stm32f1xx_hal_rcc.o(.text.HAL_RCC_GetSysClockFreq)
    __arm_cp.3_4                             0x080037b4   Number         4  stm32f1xx_hal_rcc.o(.text.HAL_RCC_GetSysClockFreq)
    [Anonymous Symbol]                       0x080037b8   Section        0  stm32f1xx_hal_rcc.o(.text.HAL_RCC_NMI_IRQHandler)
    __arm_cp.12_0                            0x080037d0   Number         4  stm32f1xx_hal_rcc.o(.text.HAL_RCC_NMI_IRQHandler)
    [Anonymous Symbol]                       0x080037d4   Section        0  stm32f1xx_hal_rcc.o(.text.HAL_RCC_OscConfig)
    __arm_cp.1_0                             0x08003ac0   Number         4  stm32f1xx_hal_rcc.o(.text.HAL_RCC_OscConfig)
    __arm_cp.1_1                             0x08003ac4   Number         4  stm32f1xx_hal_rcc.o(.text.HAL_RCC_OscConfig)
    __arm_cp.1_2                             0x08003ac8   Number         4  stm32f1xx_hal_rcc.o(.text.HAL_RCC_OscConfig)
    __arm_cp.1_3                             0x08003acc   Number         4  stm32f1xx_hal_rcc.o(.text.HAL_RCC_OscConfig)
    [Anonymous Symbol]                       0x08003ad0   Section        0  stm32f1xx_hal_cortex.o(.text.HAL_SYSTICK_Config)
    __arm_cp.7_0                             0x08003af0   Number         4  stm32f1xx_hal_cortex.o(.text.HAL_SYSTICK_Config)
    __arm_cp.7_1                             0x08003af4   Number         4  stm32f1xx_hal_cortex.o(.text.HAL_SYSTICK_Config)
    [Anonymous Symbol]                       0x08003af8   Section        0  stm32f1xx_hal_tim_ex.o(.text.HAL_TIMEx_MasterConfigSynchronization)
    [Anonymous Symbol]                       0x08003b3c   Section        0  stm32f1xx_hal_tim.o(.text.HAL_TIM_Base_Init)
    [Anonymous Symbol]                       0x08003b70   Section        0  stm32f1xx_hal_msp.o(.text.HAL_TIM_Base_MspInit)
    __arm_cp.1_1                             0x08003ba4   Number         4  stm32f1xx_hal_msp.o(.text.HAL_TIM_Base_MspInit)
    [Anonymous Symbol]                       0x08003ba8   Section        0  stm32f1xx_hal_tim.o(.text.HAL_TIM_Base_Start_IT)
    [Anonymous Symbol]                       0x08003bbe   Section        0  stm32f1xx_hal_uart.o(.text.HAL_UART_Init)
    [Anonymous Symbol]                       0x08003c1c   Section        0  stm32f1xx_hal_msp.o(.text.HAL_UART_MspInit)
    [Anonymous Symbol]                       0x08003cfc   Section        0  stm32f1xx_it.o(.text.HardFault_Handler)
    [Anonymous Symbol]                       0x08003d18   Section        0  mcu_init.o(.text.MX_GPIO_Init)
    __arm_cp.6_0                             0x08003df0   Number         4  mcu_init.o(.text.MX_GPIO_Init)
    __arm_cp.6_1                             0x08003df4   Number         4  mcu_init.o(.text.MX_GPIO_Init)
    __arm_cp.6_2                             0x08003df8   Number         4  mcu_init.o(.text.MX_GPIO_Init)
    [Anonymous Symbol]                       0x08003dfc   Section        0  mcu_init.o(.text.MX_TIM6_Init)
    __arm_cp.3_0                             0x08003e30   Number         4  mcu_init.o(.text.MX_TIM6_Init)
    __arm_cp.3_1                             0x08003e34   Number         4  mcu_init.o(.text.MX_TIM6_Init)
    [Anonymous Symbol]                       0x08003e38   Section        0  mcu_init.o(.text.MX_USART1_UART_Init)
    __arm_cp.4_0                             0x08003e68   Number         4  mcu_init.o(.text.MX_USART1_UART_Init)
    __arm_cp.4_1                             0x08003e6c   Number         4  mcu_init.o(.text.MX_USART1_UART_Init)
    [Anonymous Symbol]                       0x08003e70   Section        0  mcu_init.o(.text.MX_USART2_UART_Init)
    __arm_cp.5_0                             0x08003ea0   Number         4  mcu_init.o(.text.MX_USART2_UART_Init)
    __arm_cp.5_1                             0x08003ea4   Number         4  mcu_init.o(.text.MX_USART2_UART_Init)
    [Anonymous Symbol]                       0x08003ea8   Section        0  stm32f1xx_it.o(.text.MemManage_Handler)
    [Anonymous Symbol]                       0x08003ec4   Section        0  stm32f1xx_it.o(.text.NMI_Handler)
    NVIC_SetPriority                         0x08003ee5   Thumb Code    36  stm32f1xx_hal_cortex.o(.text.NVIC_SetPriority)
    [Anonymous Symbol]                       0x08003ee4   Section        0  stm32f1xx_hal_cortex.o(.text.NVIC_SetPriority)
    __arm_cp.2_0                             0x08003f00   Number         4  stm32f1xx_hal_cortex.o(.text.NVIC_SetPriority)
    __arm_cp.2_1                             0x08003f04   Number         4  stm32f1xx_hal_cortex.o(.text.NVIC_SetPriority)
    NVIC_SystemReset                         0x08003f09   Thumb Code    36  terminal.o(.text.NVIC_SystemReset)
    [Anonymous Symbol]                       0x08003f08   Section        0  terminal.o(.text.NVIC_SystemReset)
    __arm_cp.11_0                            0x08003f24   Number         4  terminal.o(.text.NVIC_SystemReset)
    __arm_cp.11_1                            0x08003f28   Number         4  terminal.o(.text.NVIC_SystemReset)
    [Anonymous Symbol]                       0x08003f2c   Section        0  stm32f1xx_it.o(.text.PendSV_Handler)
    [Anonymous Symbol]                       0x08003f2e   Section        0  stm32f1xx_it.o(.text.SVC_Handler)
    [Anonymous Symbol]                       0x08003f30   Section        0  stm32f1xx_it.o(.text.SysTick_Handler)
    [Anonymous Symbol]                       0x08003f34   Section        0  mcu_init.o(.text.SystemClock_Config)
    [Anonymous Symbol]                       0x08003f84   Section        0  system_stm32f1xx.o(.text.SystemInit)
    __arm_cp.0_0                             0x08003fbc   Number         4  system_stm32f1xx.o(.text.SystemInit)
    __arm_cp.0_1                             0x08003fc0   Number         4  system_stm32f1xx.o(.text.SystemInit)
    __arm_cp.0_2                             0x08003fc4   Number         4  system_stm32f1xx.o(.text.SystemInit)
    __arm_cp.0_3                             0x08003fc8   Number         4  system_stm32f1xx.o(.text.SystemInit)
    __arm_cp.0_4                             0x08003fcc   Number         4  system_stm32f1xx.o(.text.SystemInit)
    [Anonymous Symbol]                       0x08003fd0   Section        0  stm32f1xx_it.o(.text.TIM6_IRQHandler)
    __arm_cp.11_0                            0x08003fec   Number         4  stm32f1xx_it.o(.text.TIM6_IRQHandler)
    [Anonymous Symbol]                       0x08003ff0   Section        0  stm32f1xx_hal_tim.o(.text.TIM_Base_SetConfig)
    __arm_cp.2_0                             0x08004050   Number         4  stm32f1xx_hal_tim.o(.text.TIM_Base_SetConfig)
    __arm_cp.2_1                             0x08004054   Number         4  stm32f1xx_hal_tim.o(.text.TIM_Base_SetConfig)
    __arm_cp.2_2                             0x08004058   Number         4  stm32f1xx_hal_tim.o(.text.TIM_Base_SetConfig)
    __arm_cp.2_3                             0x0800405c   Number         4  stm32f1xx_hal_tim.o(.text.TIM_Base_SetConfig)
    __arm_cp.2_4                             0x08004060   Number         4  stm32f1xx_hal_tim.o(.text.TIM_Base_SetConfig)
    UART_SetConfig                           0x08004065   Thumb Code   228  stm32f1xx_hal_uart.o(.text.UART_SetConfig)
    [Anonymous Symbol]                       0x08004064   Section        0  stm32f1xx_hal_uart.o(.text.UART_SetConfig)
    __arm_cp.2_0                             0x0800413c   Number         4  stm32f1xx_hal_uart.o(.text.UART_SetConfig)
    __arm_cp.2_1                             0x08004140   Number         4  stm32f1xx_hal_uart.o(.text.UART_SetConfig)
    __arm_cp.2_2                             0x08004144   Number         4  stm32f1xx_hal_uart.o(.text.UART_SetConfig)
    [Anonymous Symbol]                       0x08004148   Section        0  stm32f1xx_it.o(.text.USART1_IRQHandler)
    __arm_cp.9_0                             0x08004150   Number         4  stm32f1xx_it.o(.text.USART1_IRQHandler)
    [Anonymous Symbol]                       0x08004154   Section        0  stm32f1xx_it.o(.text.USART2_IRQHandler)
    [Anonymous Symbol]                       0x08004158   Section        0  stm32f1xx_it.o(.text.UsageFault_Handler)
    __arm_cp.4_0                             0x08004160   Number         4  stm32f1xx_it.o(.text.UsageFault_Handler)
    admin_login                              0x08004165   Thumb Code    40  terminal.o(.text.admin_login)
    [Anonymous Symbol]                       0x08004164   Section        0  terminal.o(.text.admin_login)
    __arm_cp.3_0                             0x08004180   Number         4  terminal.o(.text.admin_login)
    __arm_cp.3_2                             0x08004184   Number         4  terminal.o(.text.admin_login)
    check_login_cmd                          0x08004189   Thumb Code    36  terminal.o(.text.check_login_cmd)
    [Anonymous Symbol]                       0x08004188   Section        0  terminal.o(.text.check_login_cmd)
    [Anonymous Symbol]                       0x080041a8   Section        0  intermediate_uart.o(.text.fputc)
    [Anonymous Symbol]                       0x080041ac   Section        0  intermediate_time.o(.text.get_tick)
    [Anonymous Symbol]                       0x080041b4   Section        0  intermediate_time.o(.text.get_timer_tick)
    __arm_cp.2_0                             0x080041bc   Number         4  intermediate_time.o(.text.get_timer_tick)
    [Anonymous Symbol]                       0x080041c0   Section        0  intermediate_led.o(.text.led_control)
    __arm_cp.0_0                             0x080041dc   Number         4  intermediate_led.o(.text.led_control)
    __arm_cp.0_1                             0x080041e0   Number         4  intermediate_led.o(.text.led_control)
    __arm_cp.0_2                             0x080041e4   Number         4  intermediate_led.o(.text.led_control)
    [Anonymous Symbol]                       0x080041e8   Section        0  main.o(.text.main)
    __arm_cp.0_0                             0x08004220   Number         4  main.o(.text.main)
    [Anonymous Symbol]                       0x0800423c   Section        0  task_manager.o(.text.manager_enque_isr)
    [Anonymous Symbol]                       0x0800429c   Section        0  task_manager.o(.text.manager_init)
    [Anonymous Symbol]                       0x080042ac   Section        0  task_manager.o(.text.manager_scan)
    __arm_cp.2_0                             0x08004334   Number         4  task_manager.o(.text.manager_scan)
    [Anonymous Symbol]                       0x08004338   Section        0  intermediate_layer.o(.text.mcu_init)
    output_string                            0x08004359   Thumb Code    64  terminal.o(.text.output_string)
    [Anonymous Symbol]                       0x08004358   Section        0  terminal.o(.text.output_string)
    __arm_cp.5_0                             0x08004388   Number         4  terminal.o(.text.output_string)
    recv_semantic_analysis                   0x0800438d   Thumb Code   596  terminal.o(.text.recv_semantic_analysis)
    [Anonymous Symbol]                       0x0800438c   Section        0  terminal.o(.text.recv_semantic_analysis)
    __arm_cp.6_0                             0x08004558   Number         4  terminal.o(.text.recv_semantic_analysis)
    __arm_cp.6_1                             0x0800455c   Number         4  terminal.o(.text.recv_semantic_analysis)
    [Anonymous Symbol]                       0x080045e0   Section        0  intermediate_uart.o(.text.sendchar)
    separate_string                          0x080045f1   Thumb Code   104  terminal.o(.text.separate_string)
    [Anonymous Symbol]                       0x080045f0   Section        0  terminal.o(.text.separate_string)
    __arm_cp.10_0                            0x08004648   Number         4  terminal.o(.text.separate_string)
    __arm_cp.10_1                            0x0800464c   Number         4  terminal.o(.text.separate_string)
    __arm_cp.10_2                            0x08004650   Number         4  terminal.o(.text.separate_string)
    __arm_cp.10_3                            0x08004654   Number         4  terminal.o(.text.separate_string)
    [Anonymous Symbol]                       0x08004658   Section        0  intermediate_uart.o(.text.serial2_put_char)
    __arm_cp.8_0                             0x08004664   Number         4  intermediate_uart.o(.text.serial2_put_char)
    software_reset                           0x08004669   Thumb Code    10  terminal.o(.text.software_reset)
    [Anonymous Symbol]                       0x08004668   Section        0  terminal.o(.text.software_reset)
    [Anonymous Symbol]                       0x08004674   Section        0  task_manager.o(.text.task_enter_critical)
    [Anonymous Symbol]                       0x08004684   Section        0  task_manager.o(.text.task_exit_critical)
    __arm_cp.4_0                             0x0800469c   Number         4  task_manager.o(.text.task_exit_critical)
    [Anonymous Symbol]                       0x080046a0   Section        0  task_list.o(.text.task_list_delete)
    [Anonymous Symbol]                       0x08004708   Section        0  task_list.o(.text.task_list_init)
    [Anonymous Symbol]                       0x08004734   Section        0  task_list.o(.text.task_list_pop)
    __arm_cp.1_0                             0x080047a4   Number         4  task_list.o(.text.task_list_pop)
    [Anonymous Symbol]                       0x080047ac   Section        0  task_list.o(.text.task_list_print)
    __arm_cp.4_0                             0x080047f8   Number         4  task_list.o(.text.task_list_print)
    __arm_cp.4_4                             0x08004840   Number         4  task_list.o(.text.task_list_print)
    [Anonymous Symbol]                       0x08004858   Section        0  task_list.o(.text.task_list_push)
    __arm_cp.2_0                             0x08004940   Number         4  task_list.o(.text.task_list_push)
    __arm_cp.2_2                             0x08004960   Number         4  task_list.o(.text.task_list_push)
    __arm_cp.2_4                             0x08004984   Number         4  task_list.o(.text.task_list_push)
    [Anonymous Symbol]                       0x080049b0   Section        0  debug.o(.text.task_test)
    [Anonymous Symbol]                       0x08004a08   Section        0  terminal.o(.text.terminal_handler)
    __arm_cp.4_0                             0x08004c70   Number         4  terminal.o(.text.terminal_handler)
    __arm_cp.4_2                             0x08004c8c   Number         4  terminal.o(.text.terminal_handler)
    __arm_cp.4_4                             0x08004c90   Number         4  terminal.o(.text.terminal_handler)
    [Anonymous Symbol]                       0x08004c94   Section        0  terminal.o(.text.terminal_init)
    __arm_cp.7_0                             0x08004d08   Number         4  terminal.o(.text.terminal_init)
    __arm_cp.7_1                             0x08004d0c   Number         4  terminal.o(.text.terminal_init)
    __arm_cp.7_3                             0x08004d2c   Number         4  terminal.o(.text.terminal_init)
    __arm_cp.7_4                             0x08004d30   Number         4  terminal.o(.text.terminal_init)
    [Anonymous Symbol]                       0x08004d34   Section        0  terminal.o(.text.terminal_input_predeal)
    [Anonymous Symbol]                       0x08004dd4   Section        0  debug.o(.text.test)
    tester_login                             0x08004ddd   Thumb Code    36  terminal.o(.text.tester_login)
    [Anonymous Symbol]                       0x08004ddc   Section        0  terminal.o(.text.tester_login)
    __arm_cp.2_0                             0x08004df4   Number         4  terminal.o(.text.tester_login)
    __arm_cp.2_1                             0x08004df8   Number         4  terminal.o(.text.tester_login)
    __arm_cp.2_2                             0x08004dfc   Number         4  terminal.o(.text.tester_login)
    [Anonymous Symbol]                       0x08004e00   Section        0  intermediate_time.o(.text.timer_irq_callback)
    __arm_cp.0_0                             0x08004e10   Number         4  intermediate_time.o(.text.timer_irq_callback)
    timer_list_add                           0x08004e15   Thumb Code   364  timer_list.o(.text.timer_list_add)
    [Anonymous Symbol]                       0x08004e14   Section        0  timer_list.o(.text.timer_list_add)
    __arm_cp.2_0                             0x08004f34   Number         4  timer_list.o(.text.timer_list_add)
    [Anonymous Symbol]                       0x08004f7c   Section        0  timer_list.o(.text.timer_list_delete)
    [Anonymous Symbol]                       0x0800500c   Section        0  timer_list.o(.text.timer_list_empty)
    [Anonymous Symbol]                       0x0800501c   Section        0  timer_list.o(.text.timer_list_init)
    [Anonymous Symbol]                       0x08005050   Section        0  timer_list.o(.text.timer_list_pop)
    __arm_cp.1_0                             0x0800512c   Number         4  timer_list.o(.text.timer_list_pop)
    [Anonymous Symbol]                       0x08005138   Section        0  timer_list.o(.text.timer_list_print)
    __arm_cp.3_0                             0x08005198   Number         4  timer_list.o(.text.timer_list_print)
    __arm_cp.3_4                             0x080051f0   Number         4  timer_list.o(.text.timer_list_print)
    __arm_cp.3_5                             0x080051f4   Number         4  timer_list.o(.text.timer_list_print)
    [Anonymous Symbol]                       0x08005208   Section        0  timer_list.o(.text.timer_list_push)
    __arm_cp.4_0                             0x08005260   Number         4  timer_list.o(.text.timer_list_push)
    __arm_cp.4_4                             0x080052c0   Number         4  timer_list.o(.text.timer_list_push)
    [Anonymous Symbol]                       0x080052c4   Section        0  debug.o(.text.timer_test)
    __arm_cp.1_0                             0x0800532c   Number         4  debug.o(.text.timer_test)
    __arm_cp.1_1                             0x08005330   Number         4  debug.o(.text.timer_test)
    [Anonymous Symbol]                       0x08005334   Section        0  intermediate_uart.o(.text.uart2_irq_callback)
    __arm_cp.7_0                             0x08005348   Number         4  intermediate_uart.o(.text.uart2_irq_callback)
    user_help                                0x0800534d   Thumb Code   236  terminal.o(.text.user_help)
    [Anonymous Symbol]                       0x0800534c   Section        0  terminal.o(.text.user_help)
    __arm_cp.0_0                             0x0800538c   Number         4  terminal.o(.text.user_help)
    __arm_cp.0_1                             0x08005390   Number         4  terminal.o(.text.user_help)
    __arm_cp.0_3                             0x08005398   Number         4  terminal.o(.text.user_help)
    __arm_cp.0_4                             0x0800539c   Number         4  terminal.o(.text.user_help)
    i.__0printf$8                            0x08005438   Section        0  printf8.o(i.__0printf$8)
    i.__scatterload_copy                     0x08005458   Section       14  handlers.o(i.__scatterload_copy)
    i.__scatterload_null                     0x08005466   Section        2  handlers.o(i.__scatterload_null)
    i.__scatterload_zeroinit                 0x08005468   Section       14  handlers.o(i.__scatterload_zeroinit)
    _printf_core                             0x08005479   Thumb Code   996  printf8.o(i._printf_core)
    i._printf_core                           0x08005478   Section        0  printf8.o(i._printf_core)
    _printf_post_padding                     0x08005889   Thumb Code    36  printf8.o(i._printf_post_padding)
    i._printf_post_padding                   0x08005888   Section        0  printf8.o(i._printf_post_padding)
    _printf_pre_padding                      0x080058ad   Thumb Code    46  printf8.o(i._printf_pre_padding)
    i._printf_pre_padding                    0x080058ac   Section        0  printf8.o(i._printf_pre_padding)
    i.putchar                                0x080058dc   Section        0  putchar.o(i.putchar)
    i.puts                                   0x080058e8   Section        0  puts.o(i.puts)
    .Lstr.7                                  0x080059a8   Data          20  stm32f1xx_it.o(.rodata.str1.1)
    [Anonymous Symbol]                       0x080059a8   Section        0  stm32f1xx_it.o(.rodata.str1.1)
    .L.str.1                                 0x080059bc   Data          37  task_list.o(.rodata.str1.1)
    .L.str.14                                0x080059bc   Data          37  task_list.o(.rodata.str1.1)
    [Anonymous Symbol]                       0x080059bc   Section        0  task_list.o(.rodata.str1.1)
    .L.str.3                                 0x080059e1   Data          24  task_list.o(.rodata.str1.1)
    .L.str.3                                 0x080059f9   Data          25  timer_list.o(.rodata.str1.1)
    [Anonymous Symbol]                       0x080059f9   Section        0  timer_list.o(.rodata.str1.1)
    .L.str.9                                 0x08005a12   Data           5  timer_list.o(.rodata.str1.1)
    .L.str.26                                0x08005a17   Data          19  terminal.o(.rodata.str1.1)
    [Anonymous Symbol]                       0x08005a17   Section        0  terminal.o(.rodata.str1.1)
    .Lstr                                    0x08005a2a   Data          52  terminal.o(.rodata.str1.1)
    .Lstr.41                                 0x08005a5e   Data          13  terminal.o(.rodata.str1.1)
    .Lstr.42                                 0x08005a6b   Data          16  terminal.o(.rodata.str1.1)
    .Lstr.4                                  0x08005a79   Data           2  terminal.o(.rodata.str1.1)
    .Lstr.49                                 0x08005a79   Data           2  terminal.o(.rodata.str1.1)
    .L.str.17                                0x08005a7b   Data           6  terminal.o(.rodata.str1.1)
    .L.str                                   0x08005a81   Data           2  terminal.o(.rodata.str1.1)
    .L.str.16                                0x08005a83   Data          23  terminal.o(.rodata.str1.1)
    .L.str.28                                0x08005a9a   Data          23  terminal.o(.rodata.str1.1)
    .L.str.15                                0x08005ab1   Data          16  terminal.o(.rodata.str1.1)
    .L.str.8                                 0x08005ac1   Data           6  terminal.o(.rodata.str1.1)
    .L.str.7                                 0x08005ac7   Data           4  terminal.o(.rodata.str1.1)
    .L.str.2                                 0x08005acb   Data           7  terminal.o(.rodata.str1.1)
    .L.str.4                                 0x08005ad2   Data          10  terminal.o(.rodata.str1.1)
    .L.str.3                                 0x08005adc   Data          11  terminal.o(.rodata.str1.1)
    .L.str.1                                 0x08005ae7   Data           7  terminal.o(.rodata.str1.1)
    .L.str.6                                 0x08005aee   Data           9  terminal.o(.rodata.str1.1)
    .L.str.5                                 0x08005af7   Data          10  terminal.o(.rodata.str1.1)
    _rand_state                              0x20000000   Data           4  rand.o(.data)
    .data                                    0x20000000   Section        4  rand.o(.data)
    [Anonymous Symbol]                       0x20000004   Section        0  stm32f1xx_hal.o(.data..L_MergedGlobals)
    [Anonymous Symbol]                       0x20000010   Section        0  intermediate_time.o(.bss..L_MergedGlobals)
    stQueue                                  0x20000130   Data         388  task_manager.o(.bss.stQueue)
    [Anonymous Symbol]                       0x20000130   Section        0  task_manager.o(.bss.stQueue)
    stTask                                   0x200002b4   Data         332  task_list.o(.bss.stTask)
    [Anonymous Symbol]                       0x200002b4   Section        0  task_list.o(.bss.stTask)
    stTerminal                               0x20000400   Data         116  terminal.o(.bss.stTerminal)
    [Anonymous Symbol]                       0x20000400   Section        0  terminal.o(.bss.stTerminal)
    stTimer                                  0x20000474   Data         464  timer_list.o(.bss.stTimer)
    [Anonymous Symbol]                       0x20000474   Section        0  timer_list.o(.bss.stTimer)
    STACK                                    0x20000648   Section     1024  startup_stm32f103xe.o(STACK)

    Global Symbols

    Symbol Name                              Value     Ov Type        Size  Object(Section)

    BuildAttributes$$THM_ISAv4$P$D$K$B$S$PE$A:L22UL41UL21$X:L11$S22US41US21$IEEE1$IW$~IW$USESV6$~STKCKD$USESV7$~SHL$OSPACE$ROPI$EBA8$MICROLIB$REQ8$PRES8$EABIv2 0x00000000   Number         0  anon$$obj.o ABSOLUTE
    __use_no_errno                           0x00000000   Number         0  useno.o ABSOLUTE
    __use_no_exception_handling              0x00000000   Number         0  useno.o ABSOLUTE
    __use_no_fp                              0x00000000   Number         0  useno.o ABSOLUTE
    __use_no_heap                            0x00000000   Number         0  useno.o ABSOLUTE
    __use_no_heap_region                     0x00000000   Number         0  useno.o ABSOLUTE
    __use_no_semihosting                     0x00000000   Number         0  useno.o ABSOLUTE
    __use_no_semihosting_swi                 0x00000000   Number         0  useno.o ABSOLUTE
    __use_no_signal_handling                 0x00000000   Number         0  useno.o ABSOLUTE
    _printf_a                                0x00000000   Number         0  stubs.o ABSOLUTE
    _printf_c                                0x00000000   Number         0  stubs.o ABSOLUTE
    _printf_charcount                        0x00000000   Number         0  stubs.o ABSOLUTE
    _printf_d                                0x00000000   Number         0  stubs.o ABSOLUTE
    _printf_e                                0x00000000   Number         0  stubs.o ABSOLUTE
    _printf_f                                0x00000000   Number         0  stubs.o ABSOLUTE
    _printf_flags                            0x00000000   Number         0  stubs.o ABSOLUTE
    _printf_fp_dec                           0x00000000   Number         0  stubs.o ABSOLUTE
    _printf_fp_hex                           0x00000000   Number         0  stubs.o ABSOLUTE
    _printf_g                                0x00000000   Number         0  stubs.o ABSOLUTE
    _printf_i                                0x00000000   Number         0  stubs.o ABSOLUTE
    _printf_int_dec                          0x00000000   Number         0  stubs.o ABSOLUTE
    _printf_l                                0x00000000   Number         0  stubs.o ABSOLUTE
    _printf_lc                               0x00000000   Number         0  stubs.o ABSOLUTE
    _printf_ll                               0x00000000   Number         0  stubs.o ABSOLUTE
    _printf_lld                              0x00000000   Number         0  stubs.o ABSOLUTE
    _printf_lli                              0x00000000   Number         0  stubs.o ABSOLUTE
    _printf_llo                              0x00000000   Number         0  stubs.o ABSOLUTE
    _printf_llu                              0x00000000   Number         0  stubs.o ABSOLUTE
    _printf_llx                              0x00000000   Number         0  stubs.o ABSOLUTE
    _printf_longlong_dec                     0x00000000   Number         0  stubs.o ABSOLUTE
    _printf_longlong_hex                     0x00000000   Number         0  stubs.o ABSOLUTE
    _printf_longlong_oct                     0x00000000   Number         0  stubs.o ABSOLUTE
    _printf_ls                               0x00000000   Number         0  stubs.o ABSOLUTE
    _printf_mbtowc                           0x00000000   Number         0  stubs.o ABSOLUTE
    _printf_n                                0x00000000   Number         0  stubs.o ABSOLUTE
    _printf_o                                0x00000000   Number         0  stubs.o ABSOLUTE
    _printf_p                                0x00000000   Number         0  stubs.o ABSOLUTE
    _printf_percent                          0x00000000   Number         0  stubs.o ABSOLUTE
    _printf_pre_padding                      0x00000000   Number         0  stubs.o ABSOLUTE
    _printf_return_value                     0x00000000   Number         0  stubs.o ABSOLUTE
    _printf_s                                0x00000000   Number         0  stubs.o ABSOLUTE
    _printf_sizespec                         0x00000000   Number         0  stubs.o ABSOLUTE
    _printf_str                              0x00000000   Number         0  stubs.o ABSOLUTE
    _printf_truncate_signed                  0x00000000   Number         0  stubs.o ABSOLUTE
    _printf_truncate_unsigned                0x00000000   Number         0  stubs.o ABSOLUTE
    _printf_u                                0x00000000   Number         0  stubs.o ABSOLUTE
    _printf_wc                               0x00000000   Number         0  stubs.o ABSOLUTE
    _printf_wctomb                           0x00000000   Number         0  stubs.o ABSOLUTE
    _printf_widthprec                        0x00000000   Number         0  stubs.o ABSOLUTE
    _printf_x                                0x00000000   Number         0  stubs.o ABSOLUTE
    __cpp_initialize__aeabi_                  - Undefined Weak Reference
    __cxa_finalize                            - Undefined Weak Reference
    __decompress                              - Undefined Weak Reference
    _clock_init                               - Undefined Weak Reference
    _microlib_exit                            - Undefined Weak Reference
    __Vectors_Size                           0x00000130   Number         0  startup_stm32f103xe.o ABSOLUTE
    __Vectors                                0x08003000   Data           4  startup_stm32f103xe.o(RESET)
    __Vectors_End                            0x08003130   Data           0  startup_stm32f103xe.o(RESET)
    __main                                   0x08003131   Thumb Code     0  entry.o(.ARM.Collect$$$$00000000)
    _main_stk                                0x08003131   Thumb Code     0  entry2.o(.ARM.Collect$$$$00000001)
    _main_scatterload                        0x08003135   Thumb Code     0  entry5.o(.ARM.Collect$$$$00000004)
    __main_after_scatterload                 0x08003139   Thumb Code     0  entry5.o(.ARM.Collect$$$$00000004)
    _main_clock                              0x08003139   Thumb Code     0  entry7b.o(.ARM.Collect$$$$00000008)
    _main_cpp_init                           0x08003139   Thumb Code     0  entry8b.o(.ARM.Collect$$$$0000000A)
    _main_init                               0x08003139   Thumb Code     0  entry9a.o(.ARM.Collect$$$$0000000B)
    __rt_final_cpp                           0x08003141   Thumb Code     0  entry10a.o(.ARM.Collect$$$$0000000D)
    __rt_final_exit                          0x08003141   Thumb Code     0  entry11a.o(.ARM.Collect$$$$0000000F)
    Reset_Handler                            0x08003145   Thumb Code     8  startup_stm32f103xe.o(.text)
    ADC1_2_IRQHandler                        0x0800315f   Thumb Code     0  startup_stm32f103xe.o(.text)
    ADC3_IRQHandler                          0x0800315f   Thumb Code     0  startup_stm32f103xe.o(.text)
    CAN1_RX1_IRQHandler                      0x0800315f   Thumb Code     0  startup_stm32f103xe.o(.text)
    CAN1_SCE_IRQHandler                      0x0800315f   Thumb Code     0  startup_stm32f103xe.o(.text)
    DMA1_Channel1_IRQHandler                 0x0800315f   Thumb Code     0  startup_stm32f103xe.o(.text)
    DMA1_Channel2_IRQHandler                 0x0800315f   Thumb Code     0  startup_stm32f103xe.o(.text)
    DMA1_Channel3_IRQHandler                 0x0800315f   Thumb Code     0  startup_stm32f103xe.o(.text)
    DMA1_Channel4_IRQHandler                 0x0800315f   Thumb Code     0  startup_stm32f103xe.o(.text)
    DMA1_Channel5_IRQHandler                 0x0800315f   Thumb Code     0  startup_stm32f103xe.o(.text)
    DMA1_Channel6_IRQHandler                 0x0800315f   Thumb Code     0  startup_stm32f103xe.o(.text)
    DMA1_Channel7_IRQHandler                 0x0800315f   Thumb Code     0  startup_stm32f103xe.o(.text)
    DMA2_Channel1_IRQHandler                 0x0800315f   Thumb Code     0  startup_stm32f103xe.o(.text)
    DMA2_Channel2_IRQHandler                 0x0800315f   Thumb Code     0  startup_stm32f103xe.o(.text)
    DMA2_Channel3_IRQHandler                 0x0800315f   Thumb Code     0  startup_stm32f103xe.o(.text)
    DMA2_Channel4_5_IRQHandler               0x0800315f   Thumb Code     0  startup_stm32f103xe.o(.text)
    EXTI0_IRQHandler                         0x0800315f   Thumb Code     0  startup_stm32f103xe.o(.text)
    EXTI15_10_IRQHandler                     0x0800315f   Thumb Code     0  startup_stm32f103xe.o(.text)
    EXTI1_IRQHandler                         0x0800315f   Thumb Code     0  startup_stm32f103xe.o(.text)
    EXTI2_IRQHandler                         0x0800315f   Thumb Code     0  startup_stm32f103xe.o(.text)
    EXTI3_IRQHandler                         0x0800315f   Thumb Code     0  startup_stm32f103xe.o(.text)
    EXTI4_IRQHandler                         0x0800315f   Thumb Code     0  startup_stm32f103xe.o(.text)
    EXTI9_5_IRQHandler                       0x0800315f   Thumb Code     0  startup_stm32f103xe.o(.text)
    FLASH_IRQHandler                         0x0800315f   Thumb Code     0  startup_stm32f103xe.o(.text)
    FSMC_IRQHandler                          0x0800315f   Thumb Code     0  startup_stm32f103xe.o(.text)
    I2C1_ER_IRQHandler                       0x0800315f   Thumb Code     0  startup_stm32f103xe.o(.text)
    I2C1_EV_IRQHandler                       0x0800315f   Thumb Code     0  startup_stm32f103xe.o(.text)
    I2C2_ER_IRQHandler                       0x0800315f   Thumb Code     0  startup_stm32f103xe.o(.text)
    I2C2_EV_IRQHandler                       0x0800315f   Thumb Code     0  startup_stm32f103xe.o(.text)
    PVD_IRQHandler                           0x0800315f   Thumb Code     0  startup_stm32f103xe.o(.text)
    RCC_IRQHandler                           0x0800315f   Thumb Code     0  startup_stm32f103xe.o(.text)
    RTC_Alarm_IRQHandler                     0x0800315f   Thumb Code     0  startup_stm32f103xe.o(.text)
    RTC_IRQHandler                           0x0800315f   Thumb Code     0  startup_stm32f103xe.o(.text)
    SDIO_IRQHandler                          0x0800315f   Thumb Code     0  startup_stm32f103xe.o(.text)
    SPI1_IRQHandler                          0x0800315f   Thumb Code     0  startup_stm32f103xe.o(.text)
    SPI2_IRQHandler                          0x0800315f   Thumb Code     0  startup_stm32f103xe.o(.text)
    SPI3_IRQHandler                          0x0800315f   Thumb Code     0  startup_stm32f103xe.o(.text)
    TAMPER_IRQHandler                        0x0800315f   Thumb Code     0  startup_stm32f103xe.o(.text)
    TIM1_BRK_IRQHandler                      0x0800315f   Thumb Code     0  startup_stm32f103xe.o(.text)
    TIM1_CC_IRQHandler                       0x0800315f   Thumb Code     0  startup_stm32f103xe.o(.text)
    TIM1_TRG_COM_IRQHandler                  0x0800315f   Thumb Code     0  startup_stm32f103xe.o(.text)
    TIM1_UP_IRQHandler                       0x0800315f   Thumb Code     0  startup_stm32f103xe.o(.text)
    TIM2_IRQHandler                          0x0800315f   Thumb Code     0  startup_stm32f103xe.o(.text)
    TIM3_IRQHandler                          0x0800315f   Thumb Code     0  startup_stm32f103xe.o(.text)
    TIM4_IRQHandler                          0x0800315f   Thumb Code     0  startup_stm32f103xe.o(.text)
    TIM5_IRQHandler                          0x0800315f   Thumb Code     0  startup_stm32f103xe.o(.text)
    TIM7_IRQHandler                          0x0800315f   Thumb Code     0  startup_stm32f103xe.o(.text)
    TIM8_BRK_IRQHandler                      0x0800315f   Thumb Code     0  startup_stm32f103xe.o(.text)
    TIM8_CC_IRQHandler                       0x0800315f   Thumb Code     0  startup_stm32f103xe.o(.text)
    TIM8_TRG_COM_IRQHandler                  0x0800315f   Thumb Code     0  startup_stm32f103xe.o(.text)
    TIM8_UP_IRQHandler                       0x0800315f   Thumb Code     0  startup_stm32f103xe.o(.text)
    UART4_IRQHandler                         0x0800315f   Thumb Code     0  startup_stm32f103xe.o(.text)
    UART5_IRQHandler                         0x0800315f   Thumb Code     0  startup_stm32f103xe.o(.text)
    USART3_IRQHandler                        0x0800315f   Thumb Code     0  startup_stm32f103xe.o(.text)
    USBWakeUp_IRQHandler                     0x0800315f   Thumb Code     0  startup_stm32f103xe.o(.text)
    USB_HP_CAN1_TX_IRQHandler                0x0800315f   Thumb Code     0  startup_stm32f103xe.o(.text)
    USB_LP_CAN1_RX0_IRQHandler               0x0800315f   Thumb Code     0  startup_stm32f103xe.o(.text)
    WWDG_IRQHandler                          0x0800315f   Thumb Code     0  startup_stm32f103xe.o(.text)
    __aeabi_llsr                             0x08003169   Thumb Code    32  llushr.o(.text)
    _ll_ushift_r                             0x08003169   Thumb Code     0  llushr.o(.text)
    rand                                     0x08003189   Thumb Code    20  rand.o(.text)
    srand                                    0x0800319d   Thumb Code     6  rand.o(.text)
    __aeabi_memset                           0x080031ad   Thumb Code    14  memseta.o(.text)
    __aeabi_memset4                          0x080031ad   Thumb Code     0  memseta.o(.text)
    __aeabi_memset8                          0x080031ad   Thumb Code     0  memseta.o(.text)
    __aeabi_memclr                           0x080031bb   Thumb Code     4  memseta.o(.text)
    __aeabi_memclr4                          0x080031bb   Thumb Code     0  memseta.o(.text)
    __aeabi_memclr8                          0x080031bb   Thumb Code     0  memseta.o(.text)
    _memset$wrapper                          0x080031bf   Thumb Code    18  memseta.o(.text)
    strncpy                                  0x080031d1   Thumb Code    24  strncpy.o(.text)
    strlen                                   0x080031e9   Thumb Code    14  strlen.o(.text)
    strcmp                                   0x080031f7   Thumb Code    28  strcmp.o(.text)
    strncmp                                  0x08003213   Thumb Code    30  strncmp.o(.text)
    __aeabi_uldivmod                         0x08003231   Thumb Code    98  uldiv.o(.text)
    __scatterload                            0x08003295   Thumb Code    28  init.o(.text)
    __scatterload_rt2                        0x08003295   Thumb Code     0  init.o(.text)
    __aeabi_llsl                             0x080032b9   Thumb Code    30  llshl.o(.text)
    _ll_shift_l                              0x080032b9   Thumb Code     0  llshl.o(.text)
    BusFault_Handler                         0x080032d9   Thumb Code    12  stm32f1xx_it.o(.text.BusFault_Handler)
    DebugMon_Handler                         0x080032e5   Thumb Code     2  stm32f1xx_it.o(.text.DebugMon_Handler)
    HAL_GPIO_Init                            0x080032e9   Thumb Code   424  stm32f1xx_hal_gpio.o(.text.HAL_GPIO_Init)
    HAL_GPIO_WritePin                        0x0800348d   Thumb Code    10  stm32f1xx_hal_gpio.o(.text.HAL_GPIO_WritePin)
    HAL_GetTick                              0x08003499   Thumb Code    12  stm32f1xx_hal.o(.text.HAL_GetTick)
    HAL_IncTick                              0x080034a1   Thumb Code    24  stm32f1xx_hal.o(.text.HAL_IncTick)
    HAL_Init                                 0x080034b5   Thumb Code    36  stm32f1xx_hal.o(.text.HAL_Init)
    HAL_InitTick                             0x080034d5   Thumb Code    64  stm32f1xx_hal.o(.text.HAL_InitTick)
    HAL_MspInit                              0x08003511   Thumb Code    68  stm32f1xx_hal_msp.o(.text.HAL_MspInit)
    HAL_NVIC_EnableIRQ                       0x08003555   Thumb Code    24  stm32f1xx_hal_cortex.o(.text.HAL_NVIC_EnableIRQ)
    HAL_NVIC_SetPriority                     0x0800356d   Thumb Code    64  stm32f1xx_hal_cortex.o(.text.HAL_NVIC_SetPriority)
    HAL_NVIC_SetPriorityGrouping             0x080035a9   Thumb Code    32  stm32f1xx_hal_cortex.o(.text.HAL_NVIC_SetPriorityGrouping)
    HAL_RCC_CSSCallback                      0x080035c9   Thumb Code     2  stm32f1xx_hal_rcc.o(.text.HAL_RCC_CSSCallback)
    HAL_RCC_ClockConfig                      0x080035cd   Thumb Code   352  stm32f1xx_hal_rcc.o(.text.HAL_RCC_ClockConfig)
    HAL_RCC_EnableCSS                        0x08003725   Thumb Code    12  stm32f1xx_hal_rcc.o(.text.HAL_RCC_EnableCSS)
    HAL_RCC_GetPCLK1Freq                     0x08003731   Thumb Code    32  stm32f1xx_hal_rcc.o(.text.HAL_RCC_GetPCLK1Freq)
    HAL_RCC_GetPCLK2Freq                     0x08003745   Thumb Code    32  stm32f1xx_hal_rcc.o(.text.HAL_RCC_GetPCLK2Freq)
    HAL_RCC_GetSysClockFreq                  0x08003761   Thumb Code    88  stm32f1xx_hal_rcc.o(.text.HAL_RCC_GetSysClockFreq)
    HAL_RCC_NMI_IRQHandler                   0x080037b9   Thumb Code    28  stm32f1xx_hal_rcc.o(.text.HAL_RCC_NMI_IRQHandler)
    HAL_RCC_OscConfig                        0x080037d5   Thumb Code   764  stm32f1xx_hal_rcc.o(.text.HAL_RCC_OscConfig)
    HAL_SYSTICK_Config                       0x08003ad1   Thumb Code    40  stm32f1xx_hal_cortex.o(.text.HAL_SYSTICK_Config)
    HAL_TIMEx_MasterConfigSynchronization    0x08003af9   Thumb Code    68  stm32f1xx_hal_tim_ex.o(.text.HAL_TIMEx_MasterConfigSynchronization)
    HAL_TIM_Base_Init                        0x08003b3d   Thumb Code    52  stm32f1xx_hal_tim.o(.text.HAL_TIM_Base_Init)
    HAL_TIM_Base_MspInit                     0x08003b71   Thumb Code    60  stm32f1xx_hal_msp.o(.text.HAL_TIM_Base_MspInit)
    HAL_TIM_Base_Start_IT                    0x08003ba9   Thumb Code    22  stm32f1xx_hal_tim.o(.text.HAL_TIM_Base_Start_IT)
    HAL_UART_Init                            0x08003bbf   Thumb Code    92  stm32f1xx_hal_uart.o(.text.HAL_UART_Init)
    HAL_UART_MspInit                         0x08003c1d   Thumb Code   240  stm32f1xx_hal_msp.o(.text.HAL_UART_MspInit)
    HardFault_Handler                        0x08003cfd   Thumb Code    28  stm32f1xx_it.o(.text.HardFault_Handler)
    MX_GPIO_Init                             0x08003d19   Thumb Code   228  mcu_init.o(.text.MX_GPIO_Init)
    MX_TIM6_Init                             0x08003dfd   Thumb Code    60  mcu_init.o(.text.MX_TIM6_Init)
    MX_USART1_UART_Init                      0x08003e39   Thumb Code    56  mcu_init.o(.text.MX_USART1_UART_Init)
    MX_USART2_UART_Init                      0x08003e71   Thumb Code    56  mcu_init.o(.text.MX_USART2_UART_Init)
    MemManage_Handler                        0x08003ea9   Thumb Code    28  stm32f1xx_it.o(.text.MemManage_Handler)
    NMI_Handler                              0x08003ec5   Thumb Code    32  stm32f1xx_it.o(.text.NMI_Handler)
    PendSV_Handler                           0x08003f2d   Thumb Code     2  stm32f1xx_it.o(.text.PendSV_Handler)
    SVC_Handler                              0x08003f2f   Thumb Code     2  stm32f1xx_it.o(.text.SVC_Handler)
    SysTick_Handler                          0x08003f31   Thumb Code     4  stm32f1xx_it.o(.text.SysTick_Handler)
    SystemClock_Config                       0x08003f35   Thumb Code    80  mcu_init.o(.text.SystemClock_Config)
    SystemInit                               0x08003f85   Thumb Code    76  system_stm32f1xx.o(.text.SystemInit)
    TIM6_IRQHandler                          0x08003fd1   Thumb Code    32  stm32f1xx_it.o(.text.TIM6_IRQHandler)
    TIM_Base_SetConfig                       0x08003ff1   Thumb Code   116  stm32f1xx_hal_tim.o(.text.TIM_Base_SetConfig)
    USART1_IRQHandler                        0x08004149   Thumb Code    12  stm32f1xx_it.o(.text.USART1_IRQHandler)
    USART2_IRQHandler                        0x08004155   Thumb Code     4  stm32f1xx_it.o(.text.USART2_IRQHandler)
    UsageFault_Handler                       0x08004159   Thumb Code    12  stm32f1xx_it.o(.text.UsageFault_Handler)
    fputc                                    0x080041a9   Thumb Code     4  intermediate_uart.o(.text.fputc)
    get_tick                                 0x080041ad   Thumb Code    12  intermediate_time.o(.text.get_tick)
    get_timer_tick                           0x080041b5   Thumb Code    12  intermediate_time.o(.text.get_timer_tick)
    led_control                              0x080041c1   Thumb Code    40  intermediate_led.o(.text.led_control)
    main                                     0x080041e9   Thumb Code    84  main.o(.text.main)
    manager_enque_isr                        0x0800423d   Thumb Code   100  task_manager.o(.text.manager_enque_isr)
    manager_init                             0x0800429d   Thumb Code    14  task_manager.o(.text.manager_init)
    manager_scan                             0x080042ad   Thumb Code   140  task_manager.o(.text.manager_scan)
    mcu_init                                 0x08004339   Thumb Code    30  intermediate_layer.o(.text.mcu_init)
    sendchar                                 0x080045e1   Thumb Code    20  intermediate_uart.o(.text.sendchar)
    serial2_put_char                         0x08004659   Thumb Code    16  intermediate_uart.o(.text.serial2_put_char)
    task_enter_critical                      0x08004675   Thumb Code    20  task_manager.o(.text.task_enter_critical)
    task_exit_critical                       0x08004685   Thumb Code    28  task_manager.o(.text.task_exit_critical)
    task_list_delete                         0x080046a1   Thumb Code   108  task_list.o(.text.task_list_delete)
    task_list_init                           0x08004709   Thumb Code    48  task_list.o(.text.task_list_init)
    task_list_pop                            0x08004735   Thumb Code   120  task_list.o(.text.task_list_pop)
    task_list_print                          0x080047ad   Thumb Code   172  task_list.o(.text.task_list_print)
    task_list_push                           0x08004859   Thumb Code   344  task_list.o(.text.task_list_push)
    task_test                                0x080049b1   Thumb Code    96  debug.o(.text.task_test)
    terminal_handler                         0x08004a09   Thumb Code   656  terminal.o(.text.terminal_handler)
    terminal_init                            0x08004c95   Thumb Code   160  terminal.o(.text.terminal_init)
    terminal_input_predeal                   0x08004d35   Thumb Code   164  terminal.o(.text.terminal_input_predeal)
    test                                     0x08004dd5   Thumb Code     6  debug.o(.text.test)
    timer_irq_callback                       0x08004e01   Thumb Code    20  intermediate_time.o(.text.timer_irq_callback)
    timer_list_delete                        0x08004f7d   Thumb Code   148  timer_list.o(.text.timer_list_delete)
    timer_list_empty                         0x0800500d   Thumb Code    20  timer_list.o(.text.timer_list_empty)
    timer_list_init                          0x0800501d   Thumb Code    56  timer_list.o(.text.timer_list_init)
    timer_list_pop                           0x08005051   Thumb Code   232  timer_list.o(.text.timer_list_pop)
    timer_list_print                         0x08005139   Thumb Code   208  timer_list.o(.text.timer_list_print)
    timer_list_push                          0x08005209   Thumb Code   188  timer_list.o(.text.timer_list_push)
    timer_test                               0x080052c5   Thumb Code   112  debug.o(.text.timer_test)
    uart2_irq_callback                       0x08005335   Thumb Code    24  intermediate_uart.o(.text.uart2_irq_callback)
    __0printf$8                              0x08005439   Thumb Code    22  printf8.o(i.__0printf$8)
    __1printf$8                              0x08005439   Thumb Code     0  printf8.o(i.__0printf$8)
    __2printf                                0x08005439   Thumb Code     0  printf8.o(i.__0printf$8)
    __scatterload_copy                       0x08005459   Thumb Code    14  handlers.o(i.__scatterload_copy)
    __scatterload_null                       0x08005467   Thumb Code     2  handlers.o(i.__scatterload_null)
    __scatterload_zeroinit                   0x08005469   Thumb Code    14  handlers.o(i.__scatterload_zeroinit)
    putchar                                  0x080058dd   Thumb Code     6  putchar.o(i.putchar)
    puts                                     0x080058e9   Thumb Code    30  puts.o(i.puts)
    AHBPrescTable                            0x0800590c   Data          16  system_stm32f1xx.o(.rodata.AHBPrescTable)
    APBPrescTable                            0x0800591c   Data           8  system_stm32f1xx.o(.rodata.APBPrescTable)
    led_pin_map                              0x08005924   Data           8  intermediate_led.o(.rodata.led_pin_map)
    led_port_map                             0x0800592c   Data           8  intermediate_led.o(.rodata.led_port_map)
    led_state_map                            0x08005934   Data           8  intermediate_led.o(.rodata.led_state_map)
    stFunTab                                 0x0800593c   Data         108  terminal.o(.rodata.stFunTab)
    Region$$Table$$Base                      0x08005b04   Number         0  anon$$obj.o(Region$$Table)
    Region$$Table$$Limit                     0x08005b24   Number         0  anon$$obj.o(Region$$Table)
    uwTickFreq                               0x20000004   Data           1  stm32f1xx_hal.o(.data..L_MergedGlobals)
    uwTickPrio                               0x20000008   Data           4  stm32f1xx_hal.o(.data..L_MergedGlobals)
    SystemCoreClock                          0x2000000c   Data           4  system_stm32f1xx.o(.data.SystemCoreClock)
    timer_ticks                              0x20000010   Data           2  intermediate_time.o(.bss..L_MergedGlobals)
    ticks                                    0x20000014   Data           4  intermediate_time.o(.bss..L_MergedGlobals)
    __stdout                                 0x20000018   Data          84  intermediate_uart.o(.bss.__stdout)
    critical_nesting                         0x2000006c   Data           1  task_manager.o(.bss.critical_nesting)
    htim6                                    0x20000070   Data          64  mcu_init.o(.bss.htim6)
    huart1                                   0x200000b0   Data          64  mcu_init.o(.bss.huart1)
    huart2                                   0x200000f0   Data          64  mcu_init.o(.bss.huart2)
    uwTick                                   0x20000644   Data           4  stm32f1xx_hal.o(.bss.uwTick)
    __initial_sp                             0x20000a48   Data           0  startup_stm32f103xe.o(STACK)



==============================================================================

Memory Map of the image

  Image Entry point : 0x08003131

  Load Region LR_IROM1 (Base: 0x08003000, Size: 0x00002b38, Max: 0x00080000, ABSOLUTE)

    Execution Region ER_IROM1 (Exec base: 0x08003000, Load base: 0x08003000, Size: 0x00002b24, Max: 0x00080000, ABSOLUTE)

    Exec Addr    Load Addr    Size         Type   Attr      Idx    E Section Name        Object

    0x08003000   0x08003000   0x00000130   Data   RO            3    RESET               startup_stm32f103xe.o
    0x08003130   0x08003130   0x00000000   Code   RO         1108  * .ARM.Collect$$$$00000000  mc_w.l(entry.o)
    0x08003130   0x08003130   0x00000004   Code   RO         1393    .ARM.Collect$$$$00000001  mc_w.l(entry2.o)
    0x08003134   0x08003134   0x00000004   Code   RO         1396    .ARM.Collect$$$$00000004  mc_w.l(entry5.o)
    0x08003138   0x08003138   0x00000000   Code   RO         1398    .ARM.Collect$$$$00000008  mc_w.l(entry7b.o)
    0x08003138   0x08003138   0x00000000   Code   RO         1400    .ARM.Collect$$$$0000000A  mc_w.l(entry8b.o)
    0x08003138   0x08003138   0x00000008   Code   RO         1401    .ARM.Collect$$$$0000000B  mc_w.l(entry9a.o)
    0x08003140   0x08003140   0x00000000   Code   RO         1403    .ARM.Collect$$$$0000000D  mc_w.l(entry10a.o)
    0x08003140   0x08003140   0x00000000   Code   RO         1405    .ARM.Collect$$$$0000000F  mc_w.l(entry11a.o)
    0x08003140   0x08003140   0x00000004   Code   RO         1394    .ARM.Collect$$$$00002712  mc_w.l(entry2.o)
    0x08003144   0x08003144   0x00000024   Code   RO            4    .text               startup_stm32f103xe.o
    0x08003168   0x08003168   0x00000020   Code   RO         1117    .text               mc_w.l(llushr.o)
    0x08003188   0x08003188   0x00000024   Code   RO         1119    .text               mc_w.l(rand.o)
    0x080031ac   0x080031ac   0x00000024   Code   RO         1122    .text               mc_w.l(memseta.o)
    0x080031d0   0x080031d0   0x00000018   Code   RO         1124    .text               mc_w.l(strncpy.o)
    0x080031e8   0x080031e8   0x0000000e   Code   RO         1126    .text               mc_w.l(strlen.o)
    0x080031f6   0x080031f6   0x0000001c   Code   RO         1128    .text               mc_w.l(strcmp.o)
    0x08003212   0x08003212   0x0000001e   Code   RO         1130    .text               mc_w.l(strncmp.o)
    0x08003230   0x08003230   0x00000062   Code   RO         1409    .text               mc_w.l(uldiv.o)
    0x08003292   0x08003292   0x00000002   PAD
    0x08003294   0x08003294   0x00000024   Code   RO         1422    .text               mc_w.l(init.o)
    0x080032b8   0x080032b8   0x0000001e   Code   RO         1424    .text               mc_w.l(llshl.o)
    0x080032d6   0x080032d6   0x00000002   PAD
    0x080032d8   0x080032d8   0x0000000c   Code   RO           79    .text.BusFault_Handler  stm32f1xx_it.o
    0x080032e4   0x080032e4   0x00000002   Code   RO           85    .text.DebugMon_Handler  stm32f1xx_it.o
    0x080032e6   0x080032e6   0x00000002   PAD
    0x080032e8   0x080032e8   0x000001a4   Code   RO          650    .text.HAL_GPIO_Init  stm32f1xx_hal_gpio.o
    0x0800348c   0x0800348c   0x0000000a   Code   RO          656    .text.HAL_GPIO_WritePin  stm32f1xx_hal_gpio.o
    0x08003496   0x08003496   0x00000002   PAD
    0x08003498   0x08003498   0x00000008   Code   RO          553    .text.HAL_GetTick   stm32f1xx_hal.o
    0x080034a0   0x080034a0   0x00000014   Code   RO          551    .text.HAL_IncTick   stm32f1xx_hal.o
    0x080034b4   0x080034b4   0x00000020   Code   RO          541    .text.HAL_Init      stm32f1xx_hal.o
    0x080034d4   0x080034d4   0x0000003c   Code   RO          543    .text.HAL_InitTick  stm32f1xx_hal.o
    0x08003510   0x08003510   0x00000044   Code   RO           27    .text.HAL_MspInit   stm32f1xx_hal_msp.o
    0x08003554   0x08003554   0x00000018   Code   RO          716    .text.HAL_NVIC_EnableIRQ  stm32f1xx_hal_cortex.o
    0x0800356c   0x0800356c   0x0000003c   Code   RO          712    .text.HAL_NVIC_SetPriority  stm32f1xx_hal_cortex.o
    0x080035a8   0x080035a8   0x00000020   Code   RO          710    .text.HAL_NVIC_SetPriorityGrouping  stm32f1xx_hal_cortex.o
    0x080035c8   0x080035c8   0x00000002   Code   RO          624    .text.HAL_RCC_CSSCallback  stm32f1xx_hal_rcc.o
    0x080035ca   0x080035ca   0x00000002   PAD
    0x080035cc   0x080035cc   0x00000158   Code   RO          602    .text.HAL_RCC_ClockConfig  stm32f1xx_hal_rcc.o
    0x08003724   0x08003724   0x0000000c   Code   RO          608    .text.HAL_RCC_EnableCSS  stm32f1xx_hal_rcc.o
    0x08003730   0x08003730   0x00000014   Code   RO          614    .text.HAL_RCC_GetPCLK1Freq  stm32f1xx_hal_rcc.o
    0x08003744   0x08003744   0x0000001c   Code   RO          616    .text.HAL_RCC_GetPCLK2Freq  stm32f1xx_hal_rcc.o
    0x08003760   0x08003760   0x00000058   Code   RO          604    .text.HAL_RCC_GetSysClockFreq  stm32f1xx_hal_rcc.o
    0x080037b8   0x080037b8   0x0000001c   Code   RO          622    .text.HAL_RCC_NMI_IRQHandler  stm32f1xx_hal_rcc.o
    0x080037d4   0x080037d4   0x000002fc   Code   RO          600    .text.HAL_RCC_OscConfig  stm32f1xx_hal_rcc.o
    0x08003ad0   0x08003ad0   0x00000028   Code   RO          724    .text.HAL_SYSTICK_Config  stm32f1xx_hal_cortex.o
    0x08003af8   0x08003af8   0x00000044   Code   RO          411    .text.HAL_TIMEx_MasterConfigSynchronization  stm32f1xx_hal_tim_ex.o
    0x08003b3c   0x08003b3c   0x00000034   Code   RO          134    .text.HAL_TIM_Base_Init  stm32f1xx_hal_tim.o
    0x08003b70   0x08003b70   0x00000038   Code   RO           29    .text.HAL_TIM_Base_MspInit  stm32f1xx_hal_msp.o
    0x08003ba8   0x08003ba8   0x00000016   Code   RO          148    .text.HAL_TIM_Base_Start_IT  stm32f1xx_hal_tim.o
    0x08003bbe   0x08003bbe   0x0000005c   Code   RO          428    .text.HAL_UART_Init  stm32f1xx_hal_uart.o
    0x08003c1a   0x08003c1a   0x00000002   PAD
    0x08003c1c   0x08003c1c   0x000000e0   Code   RO           33    .text.HAL_UART_MspInit  stm32f1xx_hal_msp.o
    0x08003cfc   0x08003cfc   0x0000001c   Code   RO           75    .text.HardFault_Handler  stm32f1xx_it.o
    0x08003d18   0x08003d18   0x000000e4   Code   RO           58    .text.MX_GPIO_Init  mcu_init.o
    0x08003dfc   0x08003dfc   0x0000003c   Code   RO           52    .text.MX_TIM6_Init  mcu_init.o
    0x08003e38   0x08003e38   0x00000038   Code   RO           54    .text.MX_USART1_UART_Init  mcu_init.o
    0x08003e70   0x08003e70   0x00000038   Code   RO           56    .text.MX_USART2_UART_Init  mcu_init.o
    0x08003ea8   0x08003ea8   0x0000001c   Code   RO           77    .text.MemManage_Handler  stm32f1xx_it.o
    0x08003ec4   0x08003ec4   0x00000020   Code   RO           73    .text.NMI_Handler   stm32f1xx_it.o
    0x08003ee4   0x08003ee4   0x00000024   Code   RO          714    .text.NVIC_SetPriority  stm32f1xx_hal_cortex.o
    0x08003f08   0x08003f08   0x00000024   Code   RO         1074    .text.NVIC_SystemReset  terminal.o
    0x08003f2c   0x08003f2c   0x00000002   Code   RO           87    .text.PendSV_Handler  stm32f1xx_it.o
    0x08003f2e   0x08003f2e   0x00000002   Code   RO           83    .text.SVC_Handler   stm32f1xx_it.o
    0x08003f30   0x08003f30   0x00000004   Code   RO           89    .text.SysTick_Handler  stm32f1xx_it.o
    0x08003f34   0x08003f34   0x00000050   Code   RO           46    .text.SystemClock_Config  mcu_init.o
    0x08003f84   0x08003f84   0x0000004c   Code   RO           11    .text.SystemInit    system_stm32f1xx.o
    0x08003fd0   0x08003fd0   0x00000020   Code   RO           95    .text.TIM6_IRQHandler  stm32f1xx_it.o
    0x08003ff0   0x08003ff0   0x00000074   Code   RO          138    .text.TIM_Base_SetConfig  stm32f1xx_hal_tim.o
    0x08004064   0x08004064   0x000000e4   Code   RO          432    .text.UART_SetConfig  stm32f1xx_hal_uart.o
    0x08004148   0x08004148   0x0000000c   Code   RO           91    .text.USART1_IRQHandler  stm32f1xx_it.o
    0x08004154   0x08004154   0x00000004   Code   RO           93    .text.USART2_IRQHandler  stm32f1xx_it.o
    0x08004158   0x08004158   0x0000000c   Code   RO           81    .text.UsageFault_Handler  stm32f1xx_it.o
    0x08004164   0x08004164   0x00000024   Code   RO         1058    .text.admin_login   terminal.o
    0x08004188   0x08004188   0x00000020   Code   RO         1070    .text.check_login_cmd  terminal.o
    0x080041a8   0x080041a8   0x00000004   Code   RO          902    .text.fputc         intermediate_uart.o
    0x080041ac   0x080041ac   0x00000008   Code   RO          886    .text.get_tick      intermediate_time.o
    0x080041b4   0x080041b4   0x0000000c   Code   RO          888    .text.get_timer_tick  intermediate_time.o
    0x080041c0   0x080041c0   0x00000028   Code   RO          862    .text.led_control   intermediate_led.o
    0x080041e8   0x080041e8   0x00000054   Code   RO          950    .text.main          main.o
    0x0800423c   0x0800423c   0x00000060   Code   RO          987    .text.manager_enque_isr  task_manager.o
    0x0800429c   0x0800429c   0x0000000e   Code   RO          985    .text.manager_init  task_manager.o
    0x080042aa   0x080042aa   0x00000002   PAD
    0x080042ac   0x080042ac   0x0000008c   Code   RO          989    .text.manager_scan  task_manager.o
    0x08004338   0x08004338   0x0000001e   Code   RO          940    .text.mcu_init      intermediate_layer.o
    0x08004356   0x08004356   0x00000002   PAD
    0x08004358   0x08004358   0x00000034   Code   RO         1062    .text.output_string  terminal.o
    0x0800438c   0x0800438c   0x00000254   Code   RO         1064    .text.recv_semantic_analysis  terminal.o
    0x080045e0   0x080045e0   0x00000010   Code   RO          904    .text.sendchar      intermediate_uart.o
    0x080045f0   0x080045f0   0x00000068   Code   RO         1072    .text.separate_string  terminal.o
    0x08004658   0x08004658   0x00000010   Code   RO          918    .text.serial2_put_char  intermediate_uart.o
    0x08004668   0x08004668   0x0000000a   Code   RO         1054    .text.software_reset  terminal.o
    0x08004672   0x08004672   0x00000002   PAD
    0x08004674   0x08004674   0x00000010   Code   RO          991    .text.task_enter_critical  task_manager.o
    0x08004684   0x08004684   0x0000001c   Code   RO          993    .text.task_exit_critical  task_manager.o
    0x080046a0   0x080046a0   0x00000068   Code   RO         1012    .text.task_list_delete  task_list.o
    0x08004708   0x08004708   0x0000002c   Code   RO         1006    .text.task_list_init  task_list.o
    0x08004734   0x08004734   0x00000078   Code   RO         1008    .text.task_list_pop  task_list.o
    0x080047ac   0x080047ac   0x000000ac   Code   RO         1014    .text.task_list_print  task_list.o
    0x08004858   0x08004858   0x00000158   Code   RO         1010    .text.task_list_push  task_list.o
    0x080049b0   0x080049b0   0x00000058   Code   RO          965    .text.task_test     debug.o
    0x08004a08   0x08004a08   0x0000028c   Code   RO         1060    .text.terminal_handler  terminal.o
    0x08004c94   0x08004c94   0x000000a0   Code   RO         1066    .text.terminal_init  terminal.o
    0x08004d34   0x08004d34   0x000000a0   Code   RO         1068    .text.terminal_input_predeal  terminal.o
    0x08004dd4   0x08004dd4   0x00000006   Code   RO          961    .text.test          debug.o
    0x08004dda   0x08004dda   0x00000002   PAD
    0x08004ddc   0x08004ddc   0x00000024   Code   RO         1056    .text.tester_login  terminal.o
    0x08004e00   0x08004e00   0x00000014   Code   RO          884    .text.timer_irq_callback  intermediate_time.o
    0x08004e14   0x08004e14   0x00000168   Code   RO         1031    .text.timer_list_add  timer_list.o
    0x08004f7c   0x08004f7c   0x00000090   Code   RO         1037    .text.timer_list_delete  timer_list.o
    0x0800500c   0x0800500c   0x00000010   Code   RO         1039    .text.timer_list_empty  timer_list.o
    0x0800501c   0x0800501c   0x00000034   Code   RO         1027    .text.timer_list_init  timer_list.o
    0x08005050   0x08005050   0x000000e8   Code   RO         1029    .text.timer_list_pop  timer_list.o
    0x08005138   0x08005138   0x000000d0   Code   RO         1033    .text.timer_list_print  timer_list.o
    0x08005208   0x08005208   0x000000bc   Code   RO         1035    .text.timer_list_push  timer_list.o
    0x080052c4   0x080052c4   0x00000070   Code   RO          963    .text.timer_test    debug.o
    0x08005334   0x08005334   0x00000018   Code   RO          916    .text.uart2_irq_callback  intermediate_uart.o
    0x0800534c   0x0800534c   0x000000ec   Code   RO         1052    .text.user_help     terminal.o
    0x08005438   0x08005438   0x00000020   Code   RO         1339    i.__0printf$8       mc_w.l(printf8.o)
    0x08005458   0x08005458   0x0000000e   Code   RO         1432    i.__scatterload_copy  mc_w.l(handlers.o)
    0x08005466   0x08005466   0x00000002   Code   RO         1433    i.__scatterload_null  mc_w.l(handlers.o)
    0x08005468   0x08005468   0x0000000e   Code   RO         1434    i.__scatterload_zeroinit  mc_w.l(handlers.o)
    0x08005476   0x08005476   0x00000002   PAD
    0x08005478   0x08005478   0x00000410   Code   RO         1346    i._printf_core      mc_w.l(printf8.o)
    0x08005888   0x08005888   0x00000024   Code   RO         1347    i._printf_post_padding  mc_w.l(printf8.o)
    0x080058ac   0x080058ac   0x0000002e   Code   RO         1348    i._printf_pre_padding  mc_w.l(printf8.o)
    0x080058da   0x080058da   0x00000002   PAD
    0x080058dc   0x080058dc   0x0000000c   Code   RO         1113    i.putchar           mc_w.l(putchar.o)
    0x080058e8   0x080058e8   0x00000024   Code   RO         1111    i.puts              mc_w.l(puts.o)
    0x0800590c   0x0800590c   0x00000010   Data   RO           16    .rodata.AHBPrescTable  system_stm32f1xx.o
    0x0800591c   0x0800591c   0x00000008   Data   RO           17    .rodata.APBPrescTable  system_stm32f1xx.o
    0x08005924   0x08005924   0x00000008   Data   RO          873    .rodata.led_pin_map  intermediate_led.o
    0x0800592c   0x0800592c   0x00000008   Data   RO          872    .rodata.led_port_map  intermediate_led.o
    0x08005934   0x08005934   0x00000008   Data   RO          874    .rodata.led_state_map  intermediate_led.o
    0x0800593c   0x0800593c   0x0000006c   Data   RO         1077    .rodata.stFunTab    terminal.o
    0x080059a8   0x080059a8   0x00000014   Data   RO           97    .rodata.str1.1      stm32f1xx_it.o
    0x080059bc   0x080059bc   0x0000003d   Data   RO         1017    .rodata.str1.1      task_list.o
    0x080059f9   0x080059f9   0x0000001e   Data   RO         1042    .rodata.str1.1      timer_list.o
    0x08005a17   0x08005a17   0x000000ea   Data   RO         1076    .rodata.str1.1      terminal.o
    0x08005b01   0x08005b01   0x00000003   PAD
    0x08005b04   0x08005b04   0x00000020   Data   RO         1431    Region$$Table       anon$$obj.o


    Execution Region RW_IRAM1 (Exec base: 0x20000000, Load base: 0x08005b28, Size: 0x00000a48, Max: 0x00010000, ABSOLUTE)

    Exec Addr    Load Addr    Size         Type   Attr      Idx    E Section Name        Object

    0x20000000   0x08005b28   0x00000004   Data   RW         1120    .data               mc_w.l(rand.o)
    0x20000004   0x08005b2c   0x00000008   Data   RW          588    .data..L_MergedGlobals  stm32f1xx_hal.o
    0x2000000c   0x08005b34   0x00000004   Data   RW           15    .data.SystemCoreClock  system_stm32f1xx.o
    0x20000010        -       0x00000008   Zero   RW          892    .bss..L_MergedGlobals  intermediate_time.o
    0x20000018        -       0x00000054   Zero   RW          927    .bss.__stdout       intermediate_uart.o
    0x2000006c        -       0x00000001   Zero   RW          995    .bss.critical_nesting  task_manager.o
    0x2000006d   0x08005b38   0x00000003   PAD
    0x20000070        -       0x00000040   Zero   RW           61    .bss.htim6          mcu_init.o
    0x200000b0        -       0x00000040   Zero   RW           62    .bss.huart1         mcu_init.o
    0x200000f0        -       0x00000040   Zero   RW           63    .bss.huart2         mcu_init.o
    0x20000130        -       0x00000184   Zero   RW          996    .bss.stQueue        task_manager.o
    0x200002b4        -       0x0000014c   Zero   RW         1016    .bss.stTask         task_list.o
    0x20000400        -       0x00000074   Zero   RW         1079    .bss.stTerminal     terminal.o
    0x20000474        -       0x000001d0   Zero   RW         1041    .bss.stTimer        timer_list.o
    0x20000644        -       0x00000004   Zero   RW          587    .bss.uwTick         stm32f1xx_hal.o
    0x20000648        -       0x00000400   Zero   RW            1    STACK               startup_stm32f103xe.o


==============================================================================

Image component sizes


      Code (inc. data)   RO Data    RW Data    ZI Data      Debug   Object Name

       206          8          0          0          0       2323   debug.o
        30          0          0          0          0        503   intermediate_layer.o
        40         12         24          0          0       2185   intermediate_led.o
        40          8          0          0          8       1180   intermediate_time.o
        60          8          0          0         84       2788   intermediate_uart.o
        84         28          0          0          0       1273   main.o
       480         36          0          0        192       6867   mcu_init.o
        36          8        304          0       1024        792   startup_stm32f103xe.o
       120          8          0          8          4       5912   stm32f1xx_hal.o
       192         28          0          0          0       8132   stm32f1xx_hal_cortex.o
       430         48          0          0          0       4410   stm32f1xx_hal_gpio.o
       348         12          0          0          0       7235   stm32f1xx_hal_msp.o
      1286         72          0          0          0       6880   stm32f1xx_hal_rcc.o
       190         20          0          0          0      33178   stm32f1xx_hal_tim.o
        68          0          0          0          0      13357   stm32f1xx_hal_tim_ex.o
       320         12          0          0          0      15508   stm32f1xx_hal_uart.o
       170         72         20          0          0       2296   stm32f1xx_it.o
        76         20         24          4          0       2119   system_stm32f1xx.o
       784        216         61          0        332       2805   task_list.o
       294          8          0          0        389       2778   task_manager.o
      2110        442        342          0        116       7464   terminal.o
      1200        296         30          0        464       3561   timer_list.o

    ----------------------------------------------------------------------
      8580       1362        840         12       2616     133546   Object Totals
         0          0         32          0          0          0   (incl. Generated)
        16          0          3          0          3          0   (incl. Padding)

    ----------------------------------------------------------------------

      Code (inc. data)   RO Data    RW Data    ZI Data      Debug   Library Member Name

         0          0          0          0          0          0   entry.o
         0          0          0          0          0          0   entry10a.o
         0          0          0          0          0          0   entry11a.o
         8          4          0          0          0          0   entry2.o
         4          0          0          0          0          0   entry5.o
         0          0          0          0          0          0   entry7b.o
         0          0          0          0          0          0   entry8b.o
         8          4          0          0          0          0   entry9a.o
        30          0          0          0          0          0   handlers.o
        36          8          0          0          0         68   init.o
        30          0          0          0          0         68   llshl.o
        32          0          0          0          0         68   llushr.o
        36          0          0          0          0        108   memseta.o
      1154         54          0          0          0        352   printf8.o
        12          6          0          0          0         68   putchar.o
        36          6          0          0          0         80   puts.o
        36         10          0          4          0        136   rand.o
        28          0          0          0          0         76   strcmp.o
        14          0          0          0          0         68   strlen.o
        30          0          0          0          0         80   strncmp.o
        24          0          0          0          0         76   strncpy.o
        98          0          0          0          0         92   uldiv.o

    ----------------------------------------------------------------------
      1624         92          0          4          0       1340   Library Totals
         8          0          0          0          0          0   (incl. Padding)

    ----------------------------------------------------------------------

      Code (inc. data)   RO Data    RW Data    ZI Data      Debug   Library Name

      1616         92          0          4          0       1340   mc_w.l

    ----------------------------------------------------------------------
      1624         92          0          4          0       1340   Library Totals

    ----------------------------------------------------------------------

==============================================================================


      Code (inc. data)   RO Data    RW Data    ZI Data      Debug   

     10204       1454        840         16       2616     134094   Grand Totals
     10204       1454        840         16       2616     134094   ELF Image Totals
     10204       1454        840         16          0          0   ROM Totals

==============================================================================

    Total RO  Size (Code + RO Data)                11044 (  10.79kB)
    Total RW  Size (RW Data + ZI Data)              2632 (   2.57kB)
    Total ROM Size (Code + RO Data + RW Data)      11060 (  10.80kB)

==============================================================================

